Archive member included because of file (symbol)

c:/users/patels/desktop/1-14-2015/eclipse/plugins/fr.ac6.mcu.externaltools.arm-none.win32_1.1.0.201503101257/tools/compiler/bin/../lib/gcc/arm-none-eabi/4.8.4/../../../../arm-none-eabi/lib/armv7e-m/fpu\libc.a(lib_a-errno.o)
                              ./src/syscalls.o (__errno)
c:/users/patels/desktop/1-14-2015/eclipse/plugins/fr.ac6.mcu.externaltools.arm-none.win32_1.1.0.201503101257/tools/compiler/bin/../lib/gcc/arm-none-eabi/4.8.4/../../../../arm-none-eabi/lib/armv7e-m/fpu\libc.a(lib_a-exit.o)
                              c:/users/patels/desktop/1-14-2015/eclipse/plugins/fr.ac6.mcu.externaltools.arm-none.win32_1.1.0.201503101257/tools/compiler/bin/../lib/gcc/arm-none-eabi/4.8.4/../../../../arm-none-eabi/lib/armv7e-m/fpu/crt0.o (exit)
c:/users/patels/desktop/1-14-2015/eclipse/plugins/fr.ac6.mcu.externaltools.arm-none.win32_1.1.0.201503101257/tools/compiler/bin/../lib/gcc/arm-none-eabi/4.8.4/../../../../arm-none-eabi/lib/armv7e-m/fpu\libc.a(lib_a-impure.o)
                              c:/users/patels/desktop/1-14-2015/eclipse/plugins/fr.ac6.mcu.externaltools.arm-none.win32_1.1.0.201503101257/tools/compiler/bin/../lib/gcc/arm-none-eabi/4.8.4/../../../../arm-none-eabi/lib/armv7e-m/fpu\libc.a(lib_a-exit.o) (_global_impure_ptr)
c:/users/patels/desktop/1-14-2015/eclipse/plugins/fr.ac6.mcu.externaltools.arm-none.win32_1.1.0.201503101257/tools/compiler/bin/../lib/gcc/arm-none-eabi/4.8.4/../../../../arm-none-eabi/lib/armv7e-m/fpu\libc.a(lib_a-init.o)
                              c:/users/patels/desktop/1-14-2015/eclipse/plugins/fr.ac6.mcu.externaltools.arm-none.win32_1.1.0.201503101257/tools/compiler/bin/../lib/gcc/arm-none-eabi/4.8.4/../../../../arm-none-eabi/lib/armv7e-m/fpu/crt0.o (__libc_init_array)
c:/users/patels/desktop/1-14-2015/eclipse/plugins/fr.ac6.mcu.externaltools.arm-none.win32_1.1.0.201503101257/tools/compiler/bin/../lib/gcc/arm-none-eabi/4.8.4/../../../../arm-none-eabi/lib/armv7e-m/fpu\libc.a(lib_a-malloc.o)
                              ./src/FreeRTOS/portable/MemMang/heap_3.o (malloc)
c:/users/patels/desktop/1-14-2015/eclipse/plugins/fr.ac6.mcu.externaltools.arm-none.win32_1.1.0.201503101257/tools/compiler/bin/../lib/gcc/arm-none-eabi/4.8.4/../../../../arm-none-eabi/lib/armv7e-m/fpu\libc.a(lib_a-mallocr.o)
                              c:/users/patels/desktop/1-14-2015/eclipse/plugins/fr.ac6.mcu.externaltools.arm-none.win32_1.1.0.201503101257/tools/compiler/bin/../lib/gcc/arm-none-eabi/4.8.4/../../../../arm-none-eabi/lib/armv7e-m/fpu\libc.a(lib_a-malloc.o) (_malloc_r)
c:/users/patels/desktop/1-14-2015/eclipse/plugins/fr.ac6.mcu.externaltools.arm-none.win32_1.1.0.201503101257/tools/compiler/bin/../lib/gcc/arm-none-eabi/4.8.4/../../../../arm-none-eabi/lib/armv7e-m/fpu\libc.a(lib_a-memcmp.o)
                              ./src/FreeRTOS/tasks.o (memcmp)
c:/users/patels/desktop/1-14-2015/eclipse/plugins/fr.ac6.mcu.externaltools.arm-none.win32_1.1.0.201503101257/tools/compiler/bin/../lib/gcc/arm-none-eabi/4.8.4/../../../../arm-none-eabi/lib/armv7e-m/fpu\libc.a(lib_a-memcpy.o)
                              ./src/FreeRTOS/queue.o (memcpy)
c:/users/patels/desktop/1-14-2015/eclipse/plugins/fr.ac6.mcu.externaltools.arm-none.win32_1.1.0.201503101257/tools/compiler/bin/../lib/gcc/arm-none-eabi/4.8.4/../../../../arm-none-eabi/lib/armv7e-m/fpu\libc.a(lib_a-memset.o)
                              c:/users/patels/desktop/1-14-2015/eclipse/plugins/fr.ac6.mcu.externaltools.arm-none.win32_1.1.0.201503101257/tools/compiler/bin/../lib/gcc/arm-none-eabi/4.8.4/../../../../arm-none-eabi/lib/armv7e-m/fpu/crt0.o (memset)
c:/users/patels/desktop/1-14-2015/eclipse/plugins/fr.ac6.mcu.externaltools.arm-none.win32_1.1.0.201503101257/tools/compiler/bin/../lib/gcc/arm-none-eabi/4.8.4/../../../../arm-none-eabi/lib/armv7e-m/fpu\libc.a(lib_a-mlock.o)
                              c:/users/patels/desktop/1-14-2015/eclipse/plugins/fr.ac6.mcu.externaltools.arm-none.win32_1.1.0.201503101257/tools/compiler/bin/../lib/gcc/arm-none-eabi/4.8.4/../../../../arm-none-eabi/lib/armv7e-m/fpu\libc.a(lib_a-mallocr.o) (__malloc_lock)
c:/users/patels/desktop/1-14-2015/eclipse/plugins/fr.ac6.mcu.externaltools.arm-none.win32_1.1.0.201503101257/tools/compiler/bin/../lib/gcc/arm-none-eabi/4.8.4/../../../../arm-none-eabi/lib/armv7e-m/fpu\libc.a(lib_a-sbrkr.o)
                              c:/users/patels/desktop/1-14-2015/eclipse/plugins/fr.ac6.mcu.externaltools.arm-none.win32_1.1.0.201503101257/tools/compiler/bin/../lib/gcc/arm-none-eabi/4.8.4/../../../../arm-none-eabi/lib/armv7e-m/fpu\libc.a(lib_a-mallocr.o) (_sbrk_r)
c:/users/patels/desktop/1-14-2015/eclipse/plugins/fr.ac6.mcu.externaltools.arm-none.win32_1.1.0.201503101257/tools/compiler/bin/../lib/gcc/arm-none-eabi/4.8.4/../../../../arm-none-eabi/lib/armv7e-m/fpu\libc.a(lib_a-sprintf.o)
                              ./src/CLI-commands.o (sprintf)
[...]
Memory Configuration

Name             Origin             Length             Attributes
FLASH            0x08000000         0x00100000         xr
RAM              0x20000000         0x00030000         xrw
MEMORY_B1        0x60000000         0x00000000         xr
*default*        0x00000000         0xffffffff

Linker script and memory map

LOAD c:/users/patels/desktop/1-14-2015/eclipse/plugins/fr.ac6.mcu.externaltools.arm-none.win32_1.1.0.201503101257/tools/compiler/bin/../lib/gcc/arm-none-eabi/4.8.4/armv7e-m/fpu/crti.o
LOAD c:/users/patels/desktop/1-14-2015/eclipse/plugins/fr.ac6.mcu.externaltools.arm-none.win32_1.1.0.201503101257/tools/compiler/bin/../lib/gcc/arm-none-eabi/4.8.4/armv7e-m/fpu/crtbegin.o
LOAD c:/users/patels/desktop/1-14-2015/eclipse/plugins/fr.ac6.mcu.externaltools.arm-none.win32_1.1.0.201503101257/tools/compiler/bin/../lib/gcc/arm-none-eabi/4.8.4/../../../../arm-none-eabi/lib/armv7e-m/fpu/crt0.o
LOAD ./startup/startup_stm32f4xx.o
LOAD ./src/CLI-commands.o
LOAD ./src/FreeRTOS_CLI.o
LOAD ./src/UARTCommandConsole.o
LOAD ./src/main.o
LOAD ./src/peripherals.o
LOAD ./src/pwm_ctr.o
LOAD ./src/serial.o
LOAD ./src/stm32f4xx_it.o
LOAD ./src/syscalls.o
LOAD ./src/system_stm32f4xx.o
LOAD ./src/FreeRTOS/croutine.o
LOAD ./src/FreeRTOS/event_groups.o
LOAD ./src/FreeRTOS/list.o
LOAD ./src/FreeRTOS/queue.o
LOAD ./src/FreeRTOS/tasks.o
LOAD ./src/FreeRTOS/timers.o
LOAD ./src/FreeRTOS/portable/MemMang/heap_3.o
LOAD ./src/FreeRTOS/portable/GCC/ARM_CM4F/port.o
LOAD ./Utilities/stm32f4_discovery.o
LOAD ./Utilities/stm32f4_discovery_lis302dl.o
LOAD ./StdPeriph_Driver/src/misc.o
LOAD ./StdPeriph_Driver/src/stm32f4xx_adc.o
LOAD ./StdPeriph_Driver/src/stm32f4xx_can.o
LOAD ./StdPeriph_Driver/src/stm32f4xx_crc.o
LOAD ./StdPeriph_Driver/src/stm32f4xx_cryp.o
LOAD ./StdPeriph_Driver/src/stm32f4xx_cryp_aes.o
LOAD ./StdPeriph_Driver/src/stm32f4xx_cryp_des.o
LOAD ./StdPeriph_Driver/src/stm32f4xx_cryp_tdes.o
LOAD ./StdPeriph_Driver/src/stm32f4xx_dac.o
LOAD ./StdPeriph_Driver/src/stm32f4xx_dbgmcu.o
LOAD ./StdPeriph_Driver/src/stm32f4xx_dcmi.o
LOAD ./StdPeriph_Driver/src/stm32f4xx_dma.o
LOAD ./StdPeriph_Driver/src/stm32f4xx_exti.o
LOAD ./StdPeriph_Driver/src/stm32f4xx_flash.o
LOAD ./StdPeriph_Driver/src/stm32f4xx_fsmc.o
LOAD ./StdPeriph_Driver/src/stm32f4xx_gpio.o
LOAD ./StdPeriph_Driver/src/stm32f4xx_hash.o
LOAD ./StdPeriph_Driver/src/stm32f4xx_hash_md5.o
LOAD ./StdPeriph_Driver/src/stm32f4xx_hash_sha1.o
LOAD ./StdPeriph_Driver/src/stm32f4xx_i2c.o
LOAD ./StdPeriph_Driver/src/stm32f4xx_iwdg.o
LOAD ./StdPeriph_Driver/src/stm32f4xx_pwr.o
LOAD ./StdPeriph_Driver/src/stm32f4xx_rcc.o
LOAD ./StdPeriph_Driver/src/stm32f4xx_rng.o
LOAD ./StdPeriph_Driver/src/stm32f4xx_rtc.o
LOAD ./StdPeriph_Driver/src/stm32f4xx_sdio.o
LOAD ./StdPeriph_Driver/src/stm32f4xx_spi.o
LOAD ./StdPeriph_Driver/src/stm32f4xx_syscfg.o
LOAD ./StdPeriph_Driver/src/stm32f4xx_tim.o
LOAD ./StdPeriph_Driver/src/stm32f4xx_usart.o
LOAD ./StdPeriph_Driver/src/stm32f4xx_wwdg.o
START GROUP
LOAD c:/users/patels/desktop/1-14-2015/eclipse/plugins/fr.ac6.mcu.externaltools.arm-none.win32_1.1.0.201503101257/tools/compiler/bin/../lib/gcc/arm-none-eabi/4.8.4/armv7e-m/fpu\libgcc.a
LOAD c:/users/patels/desktop/1-14-2015/eclipse/plugins/fr.ac6.mcu.externaltools.arm-none.win32_1.1.0.201503101257/tools/compiler/bin/../lib/gcc/arm-none-eabi/4.8.4/../../../../arm-none-eabi/lib/armv7e-m/fpu\libc.a
END GROUP
LOAD c:/users/patels/desktop/1-14-2015/eclipse/plugins/fr.ac6.mcu.externaltools.arm-none.win32_1.1.0.201503101257/tools/compiler/bin/../lib/gcc/arm-none-eabi/4.8.4/armv7e-m/fpu/crtend.o
LOAD c:/users/patels/desktop/1-14-2015/eclipse/plugins/fr.ac6.mcu.externaltools.arm-none.win32_1.1.0.201503101257/tools/compiler/bin/../lib/gcc/arm-none-eabi/4.8.4/armv7e-m/fpu/crtn.o
                0x20020000                _estack = 0x20020000
                0x00000000                _Min_Heap_Size = 0x0
                0x00000400                _Min_Stack_Size = 0x400

.isr_vector     0x08000000      0x188
                0x08000000                . = ALIGN (0x4)
 *(.isr_vector)
 .isr_vector    0x08000000      0x188 ./startup/startup_stm32f4xx.o
                0x08000000                g_pfnVectors
                0x08000188                . = ALIGN (0x4)

.text           0x08000188     0x9c7c
                0x08000188                . = ALIGN (0x4)
 *(.text)
 .text          0x08000188       0x54 c:/users/patels/desktop/1-14-2015/eclipse/plugins/fr.ac6.mcu.externaltools.arm-none.win32_1.1.0.201503101257/tools/compiler/bin/../lib/gcc/arm-none-eabi/4.8.4/armv7e-m/fpu/crtbegin.o
 .text          0x080001dc      0x134 c:/users/patels/desktop/1-14-2015/eclipse/plugins/fr.ac6.mcu.externaltools.arm-none.win32_1.1.0.201503101257/tools/compiler/bin/../lib/gcc/arm-none-eabi/4.8.4/../../../../arm-none-eabi/lib/armv7e-m/fpu\libc.a(lib_a-memcpy.o)
                0x080001dc                memcpy
 .text          0x08000310      0x370 c:/users/patels/desktop/1-14-2015/eclipse/plugins/fr.ac6.mcu.externaltools.arm-none.win32_1.1.0.201503101257/tools/compiler/bin/../lib/gcc/arm-none-eabi/4.8.4/armv7e-m/fpu\libgcc.a(_arm_addsubdf3.o)
                0x08000310                __aeabi_drsub
                0x08000318                __aeabi_dsub
                0x08000318                __subdf3
                0x0800031c                __aeabi_dadd
                0x0800031c                __adddf3
                0x08000594                __floatunsidf
                0x08000594                __aeabi_ui2d
                0x080005b4                __floatsidf
                0x080005b4                __aeabi_i2d
                0x080005d8                __aeabi_f2d
                0x080005d8                __extendsfdf2
                0x08000614                __floatundidf
                0x08000614                __aeabi_ul2d
                0x08000624                __floatdidf
                0x08000624                __aeabi_l2d
 .text          0x08000680      0x424 c:/users/patels/desktop/1-14-2015/eclipse/plugins/fr.ac6.mcu.externaltools.arm-none.win32_1.1.0.201503101257/tools/compiler/bin/../lib/gcc/arm-none-eabi/4.8.4/armv7e-m/fpu\libgcc.a(_arm_muldivdf3.o)
                0x08000680                __aeabi_dmul
                0x08000680                __muldf3
                0x080008d4                __divdf3
                0x080008d4                __aeabi_ddiv
 .text          0x08000aa4      0x110 c:/users/patels/desktop/1-14-2015/eclipse/plugins/fr.ac6.mcu.externaltools.arm-none.win32_1.1.0.201503101257/tools/compiler/bin/../lib/gcc/arm-none-eabi/4.8.4/armv7e-m/fpu\libgcc.a(_arm_cmpdf2.o)
                0x08000aa4                __gtdf2
                0x08000aa4                __gedf2
                0x08000aac                __ltdf2
                0x08000aac                __ledf2
                0x08000ab4                __nedf2
                0x08000ab4                __eqdf2
                0x08000ab4                __cmpdf2
                0x08000b30                __aeabi_cdrcmple
                0x08000b40                __aeabi_cdcmpeq
                0x08000b40                __aeabi_cdcmple
                0x08000b50                __aeabi_dcmpeq
                0x08000b64                __aeabi_dcmplt
                0x08000b78                __aeabi_dcmple
                0x08000b8c                __aeabi_dcmpge
                0x08000ba0                __aeabi_dcmpgt
 .text          0x08000bb4       0x50 c:/users/patels/desktop/1-14-2015/eclipse/plugins/fr.ac6.mcu.externaltools.arm-none.win32_1.1.0.201503101257/tools/compiler/bin/../lib/gcc/arm-none-eabi/4.8.4/armv7e-m/fpu\libgcc.a(_arm_fixdfsi.o)
                0x08000bb4                __aeabi_d2iz
                0x08000bb4                __fixdfsi
 .text          0x08000c04       0x2c c:/users/patels/desktop/1-14-2015/eclipse/plugins/fr.ac6.mcu.externaltools.arm-none.win32_1.1.0.201503101257/tools/compiler/bin/../lib/gcc/arm-none-eabi/4.8.4/armv7e-m/fpu\libgcc.a(_aeabi_uldivmod.o)
                0x08000c04                __aeabi_uldivmod
 .text          0x08000c30       0x60 c:/users/patels/desktop/1-14-2015/eclipse/plugins/fr.ac6.mcu.externaltools.arm-none.win32_1.1.0.201503101257/tools/compiler/bin/../lib/gcc/arm-none-eabi/4.8.4/armv7e-m/fpu\libgcc.a(bpabi.o)
                0x08000c30                __gnu_ldivmod_helper
                0x08000c60                __gnu_uldivmod_helper
 .text          0x08000c90        0x4 c:/users/patels/desktop/1-14-2015/eclipse/plugins/fr.ac6.mcu.externaltools.arm-none.win32_1.1.0.201503101257/tools/compiler/bin/../lib/gcc/arm-none-eabi/4.8.4/armv7e-m/fpu\libgcc.a(_dvmd_tls.o)
                0x08000c90                __aeabi_idiv0
                0x08000c90                __aeabi_ldiv0
 .text          0x08000c94      0x298 c:/users/patels/desktop/1-14-2015/eclipse/plugins/fr.ac6.mcu.externaltools.arm-none.win32_1.1.0.201503101257/tools/compiler/bin/../lib/gcc/arm-none-eabi/4.8.4/armv7e-m/fpu\libgcc.a(_divdi3.o)
                0x08000c94                __divdi3
 .text          0x08000f2c      0x284 c:/users/patels/desktop/1-14-2015/eclipse/plugins/fr.ac6.mcu.externaltools.arm-none.win32_1.1.0.201503101257/tools/compiler/bin/../lib/gcc/arm-none-eabi/4.8.4/armv7e-m/fpu\libgcc.a(_udivdi3.o)
                0x08000f2c                __udivdi3
 *(.text*)
 .text.Reset_Handler
                0x080011b0       0x50 ./startup/startup_stm32f4xx.o
                0x080011b0                Reset_Handler
 .text.Default_Handler
                0x08001200        0x4 ./startup/startup_stm32f4xx.o
                0x08001200                RTC_Alarm_IRQHandler
                0x08001200                HASH_RNG_IRQHandler
                0x08001200                EXTI2_IRQHandler
                0x08001200                TIM8_CC_IRQHandler
                0x08001200                TIM1_CC_IRQHandler
                0x08001200                DMA2_Stream5_IRQHandler
                0x08001200                HardFault_Handler
                0x08001200                DMA1_Stream5_IRQHandler
                0x08001200                PVD_IRQHandler
                0x08001200                SDIO_IRQHandler
                0x08001200                TAMP_STAMP_IRQHandler
                0x08001200                CAN2_RX1_IRQHandler
                0x08001200                EXTI3_IRQHandler
                0x08001200                TIM8_TRG_COM_TIM14_IRQHandler
                0x08001200                TIM1_UP_TIM10_IRQHandler
                0x08001200                TIM8_UP_TIM13_IRQHandler
                0x08001200                I2C3_ER_IRQHandler
                0x08001200                EXTI0_IRQHandler
                0x08001200                I2C2_EV_IRQHandler
                0x08001200                DMA1_Stream2_IRQHandler
                0x08001200                CAN1_RX0_IRQHandler
                0x08001200                FPU_IRQHandler
                0x08001200                OTG_HS_WKUP_IRQHandler
                0x08001200                CAN2_SCE_IRQHandler
                0x08001200                DMA2_Stream2_IRQHandler
                0x08001200                SPI1_IRQHandler
                0x08001200                TIM6_DAC_IRQHandler
                0x08001200                TIM1_BRK_TIM9_IRQHandler
                0x08001200                DCMI_IRQHandler
                0x08001200                CAN2_RX0_IRQHandler
                0x08001200                DMA2_Stream3_IRQHandler
                0x08001200                USART6_IRQHandler
                0x08001200                USART3_IRQHandler
                0x08001200                CRYP_IRQHandler
                0x08001200                CAN1_RX1_IRQHandler
                0x08001200                UART5_IRQHandler
                0x08001200                DMA2_Stream0_IRQHandler
                0x08001200                I2C1_EV_IRQHandler
                0x08001200                DMA1_Stream6_IRQHandler
                0x08001200                DMA1_Stream1_IRQHandler
                0x08001200                UART4_IRQHandler
                0x08001200                TIM3_IRQHandler
                0x08001200                RCC_IRQHandler
                0x08001200                TIM8_BRK_TIM12_IRQHandler
                0x08001200                Default_Handler
                0x08001200                EXTI15_10_IRQHandler
                0x08001200                ADC_IRQHandler
                0x08001200                DMA1_Stream7_IRQHandler
                0x08001200                TIM7_IRQHandler
                0x08001200                CAN2_TX_IRQHandler
                0x08001200                TIM5_IRQHandler
                0x08001200                DMA2_Stream7_IRQHandler
                0x08001200                I2C3_EV_IRQHandler
                0x08001200                EXTI9_5_IRQHandler
                0x08001200                RTC_WKUP_IRQHandler
                0x08001200                ETH_WKUP_IRQHandler
                0x08001200                SPI2_IRQHandler
                0x08001200                OTG_HS_EP1_IN_IRQHandler
                0x08001200                DMA1_Stream0_IRQHandler
                0x08001200                CAN1_TX_IRQHandler
                0x08001200                EXTI4_IRQHandler
                0x08001200                FSMC_IRQHandler
                0x08001200                ETH_IRQHandler
                0x08001200                OTG_HS_EP1_OUT_IRQHandler
                0x08001200                WWDG_IRQHandler
                0x08001200                TIM2_IRQHandler
                0x08001200                OTG_FS_WKUP_IRQHandler
                0x08001200                TIM1_TRG_COM_TIM11_IRQHandler
                0x08001200                OTG_HS_IRQHandler
                0x08001200                EXTI1_IRQHandler
                0x08001200                USART2_IRQHandler
                0x08001200                I2C2_ER_IRQHandler
                0x08001200                DMA2_Stream1_IRQHandler
                0x08001200                CAN1_SCE_IRQHandler
                0x08001200                FLASH_IRQHandler
                0x08001200                DMA2_Stream4_IRQHandler
                0x08001200                OTG_FS_IRQHandler
                0x08001200                SPI3_IRQHandler
                0x08001200                DMA1_Stream4_IRQHandler
                0x08001200                I2C1_ER_IRQHandler
                0x08001200                DMA2_Stream6_IRQHandler
                0x08001200                DMA1_Stream3_IRQHandler
 .text.vRegisterCLICommands
                0x08001204       0x30 ./src/CLI-commands.o
                0x08001204                vRegisterCLICommands
 .text.prvTaskStatsCommand
                0x08001234       0x94 ./src/CLI-commands.o
 .text.prvRunTimeStatsCommand
                0x080012c8       0x94 ./src/CLI-commands.o
 .text.prvThreeParameterEchoCommand
                0x0800135c      0x100 ./src/CLI-commands.o
 .text.prvParameterEchoCommand
                0x0800145c       0xe8 ./src/CLI-commands.o
 .text.FreeRTOS_CLIRegisterCommand
                0x08001544       0x84 ./src/FreeRTOS_CLI.o
                0x08001544                FreeRTOS_CLIRegisterCommand
 .text.FreeRTOS_CLIProcessCommand
                0x080015c8      0x10c ./src/FreeRTOS_CLI.o
                0x080015c8                FreeRTOS_CLIProcessCommand
 .text.FreeRTOS_CLIGetOutputBuffer
                0x080016d4       0x14 ./src/FreeRTOS_CLI.o
                0x080016d4                FreeRTOS_CLIGetOutputBuffer
 .text.FreeRTOS_CLIGetParameter
                0x080016e8       0xb0 ./src/FreeRTOS_CLI.o
                0x080016e8                FreeRTOS_CLIGetParameter
 .text.prvHelpCommand
                0x08001798       0x5c ./src/FreeRTOS_CLI.o
 .text.prvGetNumberOfParameters
                0x080017f4       0x5c ./src/FreeRTOS_CLI.o
 .text.vUARTCommandConsoleStart
                0x08001850       0x64 ./src/UARTCommandConsole.o
                0x08001850                vUARTCommandConsoleStart
 .text.prvUARTCommandConsoleTask
                0x080018b4      0x188 ./src/UARTCommandConsole.o
 .text.vConfigureTimerForRunTimeStats
                0x08001a3c       0x68 ./src/main.o
                0x08001a3c                vConfigureTimerForRunTimeStats
 .text.updatetasktimtick
                0x08001aa4       0x1c ./src/main.o
                0x08001aa4                updatetasktimtick
 .text.vApplicationIdleHook
                0x08001ac0        0xc ./src/main.o
                0x08001ac0                vApplicationIdleHook
 .text.vApplicationStackOverflowHook
                0x08001acc       0x14 ./src/main.o
                0x08001acc                vApplicationStackOverflowHook
 .text.vApplicationTickHook
                0x08001ae0        0xc ./src/main.o
                0x08001ae0                vApplicationTickHook
 .text.vApplicationMallocFailedHook
                0x08001aec        0xc ./src/main.o
                0x08001aec                vApplicationMallocFailedHook
 .text.main     0x08001af8       0x78 ./src/main.o
                0x08001af8                main
 .text.leds_blink_task
                0x08001b70       0x68 ./src/main.o
 .text.LED_Config
                0x08001bd8       0x40 ./src/peripherals.o
                0x08001bd8                LED_Config
 .text.TIM4_Config
                0x08001c18       0x34 ./src/peripherals.o
                0x08001c18                TIM4_Config
 .text.UART_Config
                0x08001c4c       0xb4 ./src/peripherals.o
                0x08001c4c                UART_Config
 .text.vMotorControlStart
                0x08001d00       0x38 ./src/pwm_ctr.o
                0x08001d00                vMotorControlStart
 .text.prvMotorControlTask
                0x08001d38       0x14 ./src/pwm_ctr.o
 .text.xSerialPortInitMinimal
                0x08001d4c       0x60 ./src/serial.o
                0x08001d4c                xSerialPortInitMinimal
 .text.xSerialGetChar
                0x08001dac       0x34 ./src/serial.o
                0x08001dac                xSerialGetChar
 .text.vSerialPutString
                0x08001de0       0x3c ./src/serial.o
                0x08001de0                vSerialPutString
 .text.xSerialPutChar
                0x08001e1c       0x50 ./src/serial.o
                0x08001e1c                xSerialPutChar
 .text.vUARTInterruptHandler
                0x08001e6c       0xa8 ./src/serial.o
                0x08001e6c                vUARTInterruptHandler
 .text.NMI_Handler
                0x08001f14        0xc ./src/stm32f4xx_it.o
                0x08001f14                NMI_Handler
 .text.MemManage_Handler
                0x08001f20        0x8 ./src/stm32f4xx_it.o
                0x08001f20                MemManage_Handler
 .text.BusFault_Handler
                0x08001f28        0x8 ./src/stm32f4xx_it.o
                0x08001f28                BusFault_Handler
 .text.UsageFault_Handler
                0x08001f30        0x8 ./src/stm32f4xx_it.o
                0x08001f30                UsageFault_Handler
 .text.DebugMon_Handler
                0x08001f38        0xc ./src/stm32f4xx_it.o
                0x08001f38                DebugMon_Handler
 .text.USART1_IRQHandler
                0x08001f44        0xc ./src/stm32f4xx_it.o
                0x08001f44                USART1_IRQHandler
 .text.TIM4_IRQHandler
                0x08001f50       0x24 ./src/stm32f4xx_it.o
                0x08001f50                TIM4_IRQHandler
 .text._sbrk    0x08001f74       0x58 ./src/syscalls.o
                0x08001f74                _sbrk
 .text.SystemInit
                0x08001fcc       0x68 ./src/system_stm32f4xx.o
                0x08001fcc                SystemInit
 .text.SystemCoreClockUpdate
                0x08002034       0xf8 ./src/system_stm32f4xx.o
                0x08002034                SystemCoreClockUpdate
 .text.SetSysClock
                0x0800212c      0x128 ./src/system_stm32f4xx.o
 .text.vListInitialise
                0x08002254       0x40 ./src/FreeRTOS/list.o
                0x08002254                vListInitialise
 .text.vListInitialiseItem
                0x08002294       0x18 ./src/FreeRTOS/list.o
                0x08002294                vListInitialiseItem
 .text.vListInsertEnd
                0x080022ac       0x48 ./src/FreeRTOS/list.o
                0x080022ac                vListInsertEnd
 .text.vListInsert
                0x080022f4       0x70 ./src/FreeRTOS/list.o
                0x080022f4                vListInsert
 .text.uxListRemove
                0x08002364       0x54 ./src/FreeRTOS/list.o
                0x08002364                uxListRemove
 .text.xQueueGenericReset
                0x080023b8       0xd0 ./src/FreeRTOS/queue.o
                0x080023b8                xQueueGenericReset
 .text.xQueueGenericCreate
                0x08002488       0xb8 ./src/FreeRTOS/queue.o
                0x08002488                xQueueGenericCreate
 .text.xQueueCreateMutex
                0x08002540       0xa0 ./src/FreeRTOS/queue.o
                0x08002540                xQueueCreateMutex
 .text.xQueueGenericSend
                0x080025e0      0x1ec ./src/FreeRTOS/queue.o
                0x080025e0                xQueueGenericSend
 .text.xQueueGenericSendFromISR
                0x080027cc      0x118 ./src/FreeRTOS/queue.o
                0x080027cc                xQueueGenericSendFromISR
 .text.xQueueGenericReceive
                0x080028e4      0x20c ./src/FreeRTOS/queue.o
                0x080028e4                xQueueGenericReceive
 .text.xQueueReceiveFromISR
                0x08002af0       0xe8 ./src/FreeRTOS/queue.o
                0x08002af0                xQueueReceiveFromISR
 .text.prvCopyDataToQueue
                0x08002bd8       0xdc ./src/FreeRTOS/queue.o
 .text.prvCopyDataFromQueue
                0x08002cb4       0x4c ./src/FreeRTOS/queue.o
 .text.prvUnlockQueue
                0x08002d00       0x98 ./src/FreeRTOS/queue.o
 .text.prvIsQueueEmpty
                0x08002d98       0x2c ./src/FreeRTOS/queue.o
 .text.prvIsQueueFull
                0x08002dc4       0x30 ./src/FreeRTOS/queue.o
 .text.vQueueAddToRegistry
                0x08002df4       0x50 ./src/FreeRTOS/queue.o
                0x08002df4                vQueueAddToRegistry
 .text.vQueueWaitForMessageRestricted
                0x08002e44       0x58 ./src/FreeRTOS/queue.o
                0x08002e44                vQueueWaitForMessageRestricted
 .text.xTaskGenericCreate
                0x08002e9c      0x1a0 ./src/FreeRTOS/tasks.o
                0x08002e9c                xTaskGenericCreate
 .text.vTaskDelay
                0x0800303c       0xa4 ./src/FreeRTOS/tasks.o
                0x0800303c                vTaskDelay
 .text.vTaskStartScheduler
                0x080030e0       0x94 ./src/FreeRTOS/tasks.o
                0x080030e0                vTaskStartScheduler
 .text.vTaskSuspendAll
                0x08003174       0x1c ./src/FreeRTOS/tasks.o
                0x08003174                vTaskSuspendAll
 .text.xTaskResumeAll
                0x08003190      0x128 ./src/FreeRTOS/tasks.o
                0x08003190                xTaskResumeAll
 .text.xTaskGetTickCount
                0x080032b8       0x20 ./src/FreeRTOS/tasks.o
                0x080032b8                xTaskGetTickCount
 .text.uxTaskGetSystemState
                0x080032d8       0xe0 ./src/FreeRTOS/tasks.o
                0x080032d8                uxTaskGetSystemState
 .text.xTaskIncrementTick
                0x080033b8      0x18c ./src/FreeRTOS/tasks.o
                0x080033b8                xTaskIncrementTick
 .text.vTaskSwitchContext
                0x08003544      0x138 ./src/FreeRTOS/tasks.o
                0x08003544                vTaskSwitchContext
 .text.vTaskPlaceOnEventList
                0x0800367c       0x80 ./src/FreeRTOS/tasks.o
                0x0800367c                vTaskPlaceOnEventList
 .text.vTaskPlaceOnEventListRestricted
                0x080036fc       0x80 ./src/FreeRTOS/tasks.o
                0x080036fc                vTaskPlaceOnEventListRestricted
 .text.xTaskRemoveFromEventList
                0x0800377c       0xc4 ./src/FreeRTOS/tasks.o
                0x0800377c                xTaskRemoveFromEventList
 .text.vTaskSetTimeOutState
                0x08003840       0x44 ./src/FreeRTOS/tasks.o
                0x08003840                vTaskSetTimeOutState
 .text.xTaskCheckForTimeOut
                0x08003884       0xac ./src/FreeRTOS/tasks.o
                0x08003884                xTaskCheckForTimeOut
 .text.vTaskMissedYield
                0x08003930       0x18 ./src/FreeRTOS/tasks.o
                0x08003930                vTaskMissedYield
 .text.prvIdleTask
                0x08003948       0x34 ./src/FreeRTOS/tasks.o
 .text.prvInitialiseTCBVariables
                0x0800397c       0xa8 ./src/FreeRTOS/tasks.o
 .text.prvInitialiseTaskLists
                0x08003a24       0x74 ./src/FreeRTOS/tasks.o
 .text.prvCheckTasksWaitingTermination
                0x08003a98       0x74 ./src/FreeRTOS/tasks.o
 .text.prvAddCurrentTaskToDelayedList
                0x08003b0c       0x6c ./src/FreeRTOS/tasks.o
 .text.prvAllocateTCBAndStack
                0x08003b78       0x70 ./src/FreeRTOS/tasks.o
 .text.prvListTaskWithinSingleList
                0x08003be8      0x100 ./src/FreeRTOS/tasks.o
 .text.prvTaskCheckFreeStackSpace
                0x08003ce8       0x38 ./src/FreeRTOS/tasks.o
 .text.prvDeleteTCB
                0x08003d20       0x20 ./src/FreeRTOS/tasks.o
 .text.prvResetNextTaskUnblockTime
                0x08003d40       0x48 ./src/FreeRTOS/tasks.o
 .text.xTaskGetSchedulerState
                0x08003d88       0x3c ./src/FreeRTOS/tasks.o
                0x08003d88                xTaskGetSchedulerState
 .text.vTaskPriorityInherit
                0x08003dc4       0xec ./src/FreeRTOS/tasks.o
                0x08003dc4                vTaskPriorityInherit
 .text.xTaskPriorityDisinherit
                0x08003eb0       0xe4 ./src/FreeRTOS/tasks.o
                0x08003eb0                xTaskPriorityDisinherit
 .text.prvWriteNameToBuffer
                0x08003f94       0x4c ./src/FreeRTOS/tasks.o
 .text.vTaskList
                0x08003fe0       0xf4 ./src/FreeRTOS/tasks.o
                0x08003fe0                vTaskList
 .text.vTaskGetRunTimeStats
                0x080040d4       0xe4 ./src/FreeRTOS/tasks.o
                0x080040d4                vTaskGetRunTimeStats
 .text.pvTaskIncrementMutexHeldCount
                0x080041b8       0x28 ./src/FreeRTOS/tasks.o
                0x080041b8                pvTaskIncrementMutexHeldCount
 .text.xTimerCreateTimerTask
                0x080041e0       0x68 ./src/FreeRTOS/timers.o
                0x080041e0                xTimerCreateTimerTask
 .text.xTimerGenericCommand
                0x08004248       0x8c ./src/FreeRTOS/timers.o
                0x08004248                xTimerGenericCommand
 .text.prvProcessExpiredTimer
                0x080042d4       0x80 ./src/FreeRTOS/timers.o
 .text.prvTimerTask
                0x08004354       0x24 ./src/FreeRTOS/timers.o
 .text.prvProcessTimerOrBlockTask
                0x08004378       0x7c ./src/FreeRTOS/timers.o
 .text.prvGetNextExpireTime
                0x080043f4       0x48 ./src/FreeRTOS/timers.o
 .text.prvSampleTimeNow
                0x0800443c       0x40 ./src/FreeRTOS/timers.o
 .text.prvInsertTimerInActiveList
                0x0800447c       0x84 ./src/FreeRTOS/timers.o
 .text.prvProcessReceivedCommands
                0x08004500      0x12c ./src/FreeRTOS/timers.o
 .text.prvSwitchTimerLists
                0x0800462c       0xc0 ./src/FreeRTOS/timers.o
 .text.prvCheckForValidListAndQueue
                0x080046ec       0x8c ./src/FreeRTOS/timers.o
 .text.pvPortMalloc
                0x08004778       0x30 ./src/FreeRTOS/portable/MemMang/heap_3.o
                0x08004778                pvPortMalloc
 .text.vPortFree
                0x080047a8       0x24 ./src/FreeRTOS/portable/MemMang/heap_3.o
                0x080047a8                vPortFree
 .text.pxPortInitialiseStack
                0x080047cc       0x64 ./src/FreeRTOS/portable/GCC/ARM_CM4F/port.o
                0x080047cc                pxPortInitialiseStack
 .text.prvTaskExitError
                0x08004830       0x3c ./src/FreeRTOS/portable/GCC/ARM_CM4F/port.o
 .text.SVC_Handler
                0x0800486c       0x20 ./src/FreeRTOS/portable/GCC/ARM_CM4F/port.o
                0x0800486c                SVC_Handler
 .text.prvPortStartFirstTask
                0x0800488c       0x20 ./src/FreeRTOS/portable/GCC/ARM_CM4F/port.o
 .text.xPortStartScheduler
                0x080048ac       0xd0 ./src/FreeRTOS/portable/GCC/ARM_CM4F/port.o
                0x080048ac                xPortStartScheduler
 .text.vPortEnterCritical
                0x0800497c       0x5c ./src/FreeRTOS/portable/GCC/ARM_CM4F/port.o
                0x0800497c                vPortEnterCritical
 .text.vPortExitCritical
                0x080049d8       0x4c ./src/FreeRTOS/portable/GCC/ARM_CM4F/port.o
                0x080049d8                vPortExitCritical
 .text.PendSV_Handler
                0x08004a24       0x60 ./src/FreeRTOS/portable/GCC/ARM_CM4F/port.o
                0x08004a24                PendSV_Handler
 .text.SysTick_Handler
                0x08004a84       0x44 ./src/FreeRTOS/portable/GCC/ARM_CM4F/port.o
                0x08004a84                SysTick_Handler
 .text.vPortSetupTimerInterrupt
                0x08004ac8       0x34 ./src/FreeRTOS/portable/GCC/ARM_CM4F/port.o
                0x08004ac8                vPortSetupTimerInterrupt
 .text.vPortEnableVFP
                0x08004afc       0x14 ./src/FreeRTOS/portable/GCC/ARM_CM4F/port.o
 .text.vPortValidateInterruptPriority
                0x08004b10       0x78 ./src/FreeRTOS/portable/GCC/ARM_CM4F/port.o
                0x08004b10                vPortValidateInterruptPriority
 .text.STM_EVAL_LEDToggle
                0x08004b88       0x3c ./Utilities/stm32f4_discovery.o
                0x08004b88                STM_EVAL_LEDToggle
 .text.STM_EVAL_PBInit
                0x08004bc4       0x94 ./Utilities/stm32f4_discovery.o
                0x08004bc4                STM_EVAL_PBInit
 .text.NVIC_PriorityGroupConfig
                0x08004c58       0x24 ./StdPeriph_Driver/src/misc.o
                0x08004c58                NVIC_PriorityGroupConfig
 .text.NVIC_Init
                0x08004c7c       0xbc ./StdPeriph_Driver/src/misc.o
                0x08004c7c                NVIC_Init
 .text.NVIC_SetVectorTable
                0x08004d38       0x2c ./StdPeriph_Driver/src/misc.o
                0x08004d38                NVIC_SetVectorTable
 .text.SysTick_CLKSourceConfig
                0x08004d64       0x38 ./StdPeriph_Driver/src/misc.o
                0x08004d64                SysTick_CLKSourceConfig
 .text.EXTI_Init
                0x08004d9c       0xdc ./StdPeriph_Driver/src/stm32f4xx_exti.o
                0x08004d9c                EXTI_Init
 .text.GPIO_Init
                0x08004e78      0x11c ./StdPeriph_Driver/src/stm32f4xx_gpio.o
                0x08004e78                GPIO_Init
 .text.GPIO_SetBits
                0x08004f94       0x1c ./StdPeriph_Driver/src/stm32f4xx_gpio.o
                0x08004f94                GPIO_SetBits
 .text.GPIO_ResetBits
                0x08004fb0       0x1c ./StdPeriph_Driver/src/stm32f4xx_gpio.o
                0x08004fb0                GPIO_ResetBits
 .text.GPIO_PinAFConfig
                0x08004fcc       0x8c ./StdPeriph_Driver/src/stm32f4xx_gpio.o
                0x08004fcc                GPIO_PinAFConfig
 .text.RCC_GetClocksFreq
                0x08005058      0x154 ./StdPeriph_Driver/src/stm32f4xx_rcc.o
                0x08005058                RCC_GetClocksFreq
 .text.RCC_AHB1PeriphClockCmd
                0x080051ac       0x3c ./StdPeriph_Driver/src/stm32f4xx_rcc.o
                0x080051ac                RCC_AHB1PeriphClockCmd
 .text.RCC_APB1PeriphClockCmd
                0x080051e8       0x3c ./StdPeriph_Driver/src/stm32f4xx_rcc.o
                0x080051e8                RCC_APB1PeriphClockCmd
 .text.RCC_APB2PeriphClockCmd
                0x08005224       0x3c ./StdPeriph_Driver/src/stm32f4xx_rcc.o
                0x08005224                RCC_APB2PeriphClockCmd
 .text.SYSCFG_EXTILineConfig
                0x08005260       0x7c ./StdPeriph_Driver/src/stm32f4xx_syscfg.o
                0x08005260                SYSCFG_EXTILineConfig
 .text.TIM_TimeBaseInit
                0x080052dc       0xd4 ./StdPeriph_Driver/src/stm32f4xx_tim.o
                0x080052dc                TIM_TimeBaseInit
 .text.TIM_Cmd  0x080053b0       0x40 ./StdPeriph_Driver/src/stm32f4xx_tim.o
                0x080053b0                TIM_Cmd
 .text.TIM_OC1Init
                0x080053f0       0xf4 ./StdPeriph_Driver/src/stm32f4xx_tim.o
                0x080053f0                TIM_OC1Init
 .text.TIM_OC1PreloadConfig
                0x080054e4       0x38 ./StdPeriph_Driver/src/stm32f4xx_tim.o
                0x080054e4                TIM_OC1PreloadConfig
 .text.TIM_ITConfig
                0x0800551c       0x48 ./StdPeriph_Driver/src/stm32f4xx_tim.o
                0x0800551c                TIM_ITConfig
 .text.TIM_GetITStatus
                0x08005564       0x54 ./StdPeriph_Driver/src/stm32f4xx_tim.o
                0x08005564                TIM_GetITStatus
 .text.TIM_ClearITPendingBit
                0x080055b8       0x20 ./StdPeriph_Driver/src/stm32f4xx_tim.o
                0x080055b8                TIM_ClearITPendingBit
 .text.USART_Init
                0x080055d8      0x174 ./StdPeriph_Driver/src/stm32f4xx_usart.o
                0x080055d8                USART_Init
 .text.USART_Cmd
                0x0800574c       0x40 ./StdPeriph_Driver/src/stm32f4xx_usart.o
                0x0800574c                USART_Cmd
 .text.USART_SendData
                0x0800578c       0x24 ./StdPeriph_Driver/src/stm32f4xx_usart.o
                0x0800578c                USART_SendData
 .text.USART_ReceiveData
                0x080057b0       0x20 ./StdPeriph_Driver/src/stm32f4xx_usart.o
                0x080057b0                USART_ReceiveData
 .text.USART_ITConfig
                0x080057d0       0x90 ./StdPeriph_Driver/src/stm32f4xx_usart.o
                0x080057d0                USART_ITConfig
 .text.USART_GetITStatus
                0x08005860       0xb0 ./StdPeriph_Driver/src/stm32f4xx_usart.o
                0x08005860                USART_GetITStatus
 .text.__errno  0x08005910        0xc c:/users/patels/desktop/1-14-2015/eclipse/plugins/fr.ac6.mcu.externaltools.arm-none.win32_1.1.0.201503101257/tools/compiler/bin/../lib/gcc/arm-none-eabi/4.8.4/../../../../arm-none-eabi/lib/armv7e-m/fpu\libc.a(lib_a-errno.o)
                0x08005910                __errno
 .text.__libc_init_array
                0x0800591c       0x50 c:/users/patels/desktop/1-14-2015/eclipse/plugins/fr.ac6.mcu.externaltools.arm-none.win32_1.1.0.201503101257/tools/compiler/bin/../lib/gcc/arm-none-eabi/4.8.4/../../../../arm-none-eabi/lib/armv7e-m/fpu\libc.a(lib_a-init.o)
                0x0800591c                __libc_init_array
 .text.malloc   0x0800596c       0x10 c:/users/patels/desktop/1-14-2015/eclipse/plugins/fr.ac6.mcu.externaltools.arm-none.win32_1.1.0.201503101257/tools/compiler/bin/../lib/gcc/arm-none-eabi/4.8.4/../../../../arm-none-eabi/lib/armv7e-m/fpu\libc.a(lib_a-malloc.o)
                0x0800596c                malloc
 .text.free     0x0800597c       0x10 c:/users/patels/desktop/1-14-2015/eclipse/plugins/fr.ac6.mcu.externaltools.arm-none.win32_1.1.0.201503101257/tools/compiler/bin/../lib/gcc/arm-none-eabi/4.8.4/../../../../arm-none-eabi/lib/armv7e-m/fpu\libc.a(lib_a-malloc.o)
                0x0800597c                free
 .text._malloc_r
                0x0800598c      0x538 c:/users/patels/desktop/1-14-2015/eclipse/plugins/fr.ac6.mcu.externaltools.arm-none.win32_1.1.0.201503101257/tools/compiler/bin/../lib/gcc/arm-none-eabi/4.8.4/../../../../arm-none-eabi/lib/armv7e-m/fpu\libc.a(lib_a-mallocr.o)
                0x0800598c                _malloc_r
 .text.memcmp   0x08005ec4       0x68 c:/users/patels/desktop/1-14-2015/eclipse/plugins/fr.ac6.mcu.externaltools.arm-none.win32_1.1.0.201503101257/tools/compiler/bin/../lib/gcc/arm-none-eabi/4.8.4/../../../../arm-none-eabi/lib/armv7e-m/fpu\libc.a(lib_a-memcmp.o)
                0x08005ec4                memcmp
 .text.memset   0x08005f2c       0x94 c:/users/patels/desktop/1-14-2015/eclipse/plugins/fr.ac6.mcu.externaltools.arm-none.win32_1.1.0.201503101257/tools/compiler/bin/../lib/gcc/arm-none-eabi/4.8.4/../../../../arm-none-eabi/lib/armv7e-m/fpu\libc.a(lib_a-memset.o)
                0x08005f2c                memset
 .text.__malloc_lock
                0x08005fc0        0x4 c:/users/patels/desktop/1-14-2015/eclipse/plugins/fr.ac6.mcu.externaltools.arm-none.win32_1.1.0.201503101257/tools/compiler/bin/../lib/gcc/arm-none-eabi/4.8.4/../../../../arm-none-eabi/lib/armv7e-m/fpu\libc.a(lib_a-mlock.o)
                0x08005fc0                __malloc_lock
 .text.__malloc_unlock
                0x08005fc4        0x4 c:/users/patels/desktop/1-14-2015/eclipse/plugins/fr.ac6.mcu.externaltools.arm-none.win32_1.1.0.201503101257/tools/compiler/bin/../lib/gcc/arm-none-eabi/4.8.4/../../../../arm-none-eabi/lib/armv7e-m/fpu\libc.a(lib_a-mlock.o)
                0x08005fc4                __malloc_unlock
 .text._sbrk_r  0x08005fc8       0x24 c:/users/patels/desktop/1-14-2015/eclipse/plugins/fr.ac6.mcu.externaltools.arm-none.win32_1.1.0.201503101257/tools/compiler/bin/../lib/gcc/arm-none-eabi/4.8.4/../../../../arm-none-eabi/lib/armv7e-m/fpu\libc.a(lib_a-sbrkr.o)
                0x08005fc8                _sbrk_r
 .text.sprintf  0x08005fec       0x4c c:/users/patels/desktop/1-14-2015/eclipse/plugins/fr.ac6.mcu.externaltools.arm-none.win32_1.1.0.201503101257/tools/compiler/bin/../lib/gcc/arm-none-eabi/4.8.4/../../../../arm-none-eabi/lib/armv7e-m/fpu\libc.a(lib_a-sprintf.o)
                0x08005fec                sprintf
 .text.strcpy   0x08006038       0xbc c:/users/patels/desktop/1-14-2015/eclipse/plugins/fr.ac6.mcu.externaltools.arm-none.win32_1.1.0.201503101257/tools/compiler/bin/../lib/gcc/arm-none-eabi/4.8.4/../../../../arm-none-eabi/lib/armv7e-m/fpu\libc.a(lib_a-strcpy.o)
                0x08006038                strcpy
 .text.strlen   0x080060f4       0x60 c:/users/patels/desktop/1-14-2015/eclipse/plugins/fr.ac6.mcu.externaltools.arm-none.win32_1.1.0.201503101257/tools/compiler/bin/../lib/gcc/arm-none-eabi/4.8.4/../../../../arm-none-eabi/lib/armv7e-m/fpu\libc.a(lib_a-strlen.o)
                0x080060f4                strlen
 .text.strncat  0x08006154       0x64 c:/users/patels/desktop/1-14-2015/eclipse/plugins/fr.ac6.mcu.externaltools.arm-none.win32_1.1.0.201503101257/tools/compiler/bin/../lib/gcc/arm-none-eabi/4.8.4/../../../../arm-none-eabi/lib/armv7e-m/fpu\libc.a(lib_a-strncat.o)
                0x08006154                strncat
 .text.strncmp  0x080061b8       0xb4 c:/users/patels/desktop/1-14-2015/eclipse/plugins/fr.ac6.mcu.externaltools.arm-none.win32_1.1.0.201503101257/tools/compiler/bin/../lib/gcc/arm-none-eabi/4.8.4/../../../../arm-none-eabi/lib/armv7e-m/fpu\libc.a(lib_a-strncmp.o)
                0x080061b8                strncmp
 .text.strncpy  0x0800626c       0x64 c:/users/patels/desktop/1-14-2015/eclipse/plugins/fr.ac6.mcu.externaltools.arm-none.win32_1.1.0.201503101257/tools/compiler/bin/../lib/gcc/arm-none-eabi/4.8.4/../../../../arm-none-eabi/lib/armv7e-m/fpu\libc.a(lib_a-strncpy.o)
                0x0800626c                strncpy
 .text._svfprintf_r
                0x080062d0     0x14f0 c:/users/patels/desktop/1-14-2015/eclipse/plugins/fr.ac6.mcu.externaltools.arm-none.win32_1.1.0.201503101257/tools/compiler/bin/../lib/gcc/arm-none-eabi/4.8.4/../../../../arm-none-eabi/lib/armv7e-m/fpu\libc.a(lib_a-svfprintf.o)
                0x080062d0                _svfprintf_r
 .text.startup.register_fini
                0x080077c0       0x14 c:/users/patels/desktop/1-14-2015/eclipse/plugins/fr.ac6.mcu.externaltools.arm-none.win32_1.1.0.201503101257/tools/compiler/bin/../lib/gcc/arm-none-eabi/4.8.4/../../../../arm-none-eabi/lib/armv7e-m/fpu\libc.a(lib_a-__call_atexit.o)
 .text.atexit   0x080077d4        0xc c:/users/patels/desktop/1-14-2015/eclipse/plugins/fr.ac6.mcu.externaltools.arm-none.win32_1.1.0.201503101257/tools/compiler/bin/../lib/gcc/arm-none-eabi/4.8.4/../../../../arm-none-eabi/lib/armv7e-m/fpu\libc.a(lib_a-atexit.o)
                0x080077d4                atexit
 .text.quorem   0x080077e0      0x130 c:/users/patels/desktop/1-14-2015/eclipse/plugins/fr.ac6.mcu.externaltools.arm-none.win32_1.1.0.201503101257/tools/compiler/bin/../lib/gcc/arm-none-eabi/4.8.4/../../../../arm-none-eabi/lib/armv7e-m/fpu\libc.a(lib_a-dtoa.o)
 .text._dtoa_r  0x08007910      0xe58 c:/users/patels/desktop/1-14-2015/eclipse/plugins/fr.ac6.mcu.externaltools.arm-none.win32_1.1.0.201503101257/tools/compiler/bin/../lib/gcc/arm-none-eabi/4.8.4/../../../../arm-none-eabi/lib/armv7e-m/fpu\libc.a(lib_a-dtoa.o)
                0x08007910                _dtoa_r
 .text.__libc_fini_array
                0x08008768       0x30 c:/users/patels/desktop/1-14-2015/eclipse/plugins/fr.ac6.mcu.externaltools.arm-none.win32_1.1.0.201503101257/tools/compiler/bin/../lib/gcc/arm-none-eabi/4.8.4/../../../../arm-none-eabi/lib/armv7e-m/fpu\libc.a(lib_a-fini.o)
                0x08008768                __libc_fini_array
 .text._malloc_trim_r
                0x08008798       0x9c c:/users/patels/desktop/1-14-2015/eclipse/plugins/fr.ac6.mcu.externaltools.arm-none.win32_1.1.0.201503101257/tools/compiler/bin/../lib/gcc/arm-none-eabi/4.8.4/../../../../arm-none-eabi/lib/armv7e-m/fpu\libc.a(lib_a-freer.o)
                0x08008798                _malloc_trim_r
 .text._free_r  0x08008834      0x19c c:/users/patels/desktop/1-14-2015/eclipse/plugins/fr.ac6.mcu.externaltools.arm-none.win32_1.1.0.201503101257/tools/compiler/bin/../lib/gcc/arm-none-eabi/4.8.4/../../../../arm-none-eabi/lib/armv7e-m/fpu\libc.a(lib_a-freer.o)
                0x08008834                _free_r
 .text._localeconv_r
                0x080089d0        0x8 c:/users/patels/desktop/1-14-2015/eclipse/plugins/fr.ac6.mcu.externaltools.arm-none.win32_1.1.0.201503101257/tools/compiler/bin/../lib/gcc/arm-none-eabi/4.8.4/../../../../arm-none-eabi/lib/armv7e-m/fpu\libc.a(lib_a-locale.o)
                0x080089d0                _localeconv_r
 .text.memchr   0x080089d8       0x90 c:/users/patels/desktop/1-14-2015/eclipse/plugins/fr.ac6.mcu.externaltools.arm-none.win32_1.1.0.201503101257/tools/compiler/bin/../lib/gcc/arm-none-eabi/4.8.4/../../../../arm-none-eabi/lib/armv7e-m/fpu\libc.a(lib_a-memchr-stub.o)
                0x080089d8                memchr
 .text._Balloc  0x08008a68       0x4c c:/users/patels/desktop/1-14-2015/eclipse/plugins/fr.ac6.mcu.externaltools.arm-none.win32_1.1.0.201503101257/tools/compiler/bin/../lib/gcc/arm-none-eabi/4.8.4/../../../../arm-none-eabi/lib/armv7e-m/fpu\libc.a(lib_a-mprec.o)
                0x08008a68                _Balloc
 .text._Bfree   0x08008ab4       0x14 c:/users/patels/desktop/1-14-2015/eclipse/plugins/fr.ac6.mcu.externaltools.arm-none.win32_1.1.0.201503101257/tools/compiler/bin/../lib/gcc/arm-none-eabi/4.8.4/../../../../arm-none-eabi/lib/armv7e-m/fpu\libc.a(lib_a-mprec.o)
                0x08008ab4                _Bfree
 .text.__multadd
                0x08008ac8       0x98 c:/users/patels/desktop/1-14-2015/eclipse/plugins/fr.ac6.mcu.externaltools.arm-none.win32_1.1.0.201503101257/tools/compiler/bin/../lib/gcc/arm-none-eabi/4.8.4/../../../../arm-none-eabi/lib/armv7e-m/fpu\libc.a(lib_a-mprec.o)
                0x08008ac8                __multadd
 .text.__hi0bits
                0x08008b60       0x40 c:/users/patels/desktop/1-14-2015/eclipse/plugins/fr.ac6.mcu.externaltools.arm-none.win32_1.1.0.201503101257/tools/compiler/bin/../lib/gcc/arm-none-eabi/4.8.4/../../../../arm-none-eabi/lib/armv7e-m/fpu\libc.a(lib_a-mprec.o)
                0x08008b60                __hi0bits
 .text.__lo0bits
                0x08008ba0       0x5c c:/users/patels/desktop/1-14-2015/eclipse/plugins/fr.ac6.mcu.externaltools.arm-none.win32_1.1.0.201503101257/tools/compiler/bin/../lib/gcc/arm-none-eabi/4.8.4/../../../../arm-none-eabi/lib/armv7e-m/fpu\libc.a(lib_a-mprec.o)
                0x08008ba0                __lo0bits
 .text.__i2b    0x08008bfc       0x14 c:/users/patels/desktop/1-14-2015/eclipse/plugins/fr.ac6.mcu.externaltools.arm-none.win32_1.1.0.201503101257/tools/compiler/bin/../lib/gcc/arm-none-eabi/4.8.4/../../../../arm-none-eabi/lib/armv7e-m/fpu\libc.a(lib_a-mprec.o)
                0x08008bfc                __i2b
 .text.__multiply
                0x08008c10      0x13c c:/users/patels/desktop/1-14-2015/eclipse/plugins/fr.ac6.mcu.externaltools.arm-none.win32_1.1.0.201503101257/tools/compiler/bin/../lib/gcc/arm-none-eabi/4.8.4/../../../../arm-none-eabi/lib/armv7e-m/fpu\libc.a(lib_a-mprec.o)
                0x08008c10                __multiply
 .text.__pow5mult
                0x08008d4c       0x9c c:/users/patels/desktop/1-14-2015/eclipse/plugins/fr.ac6.mcu.externaltools.arm-none.win32_1.1.0.201503101257/tools/compiler/bin/../lib/gcc/arm-none-eabi/4.8.4/../../../../arm-none-eabi/lib/armv7e-m/fpu\libc.a(lib_a-mprec.o)
                0x08008d4c                __pow5mult
 .text.__lshift
                0x08008de8       0xbc c:/users/patels/desktop/1-14-2015/eclipse/plugins/fr.ac6.mcu.externaltools.arm-none.win32_1.1.0.201503101257/tools/compiler/bin/../lib/gcc/arm-none-eabi/4.8.4/../../../../arm-none-eabi/lib/armv7e-m/fpu\libc.a(lib_a-mprec.o)
                0x08008de8                __lshift
 .text.__mcmp   0x08008ea4       0x48 c:/users/patels/desktop/1-14-2015/eclipse/plugins/fr.ac6.mcu.externaltools.arm-none.win32_1.1.0.201503101257/tools/compiler/bin/../lib/gcc/arm-none-eabi/4.8.4/../../../../arm-none-eabi/lib/armv7e-m/fpu\libc.a(lib_a-mprec.o)
                0x08008ea4                __mcmp
 .text.__mdiff  0x08008eec       0xd4 c:/users/patels/desktop/1-14-2015/eclipse/plugins/fr.ac6.mcu.externaltools.arm-none.win32_1.1.0.201503101257/tools/compiler/bin/../lib/gcc/arm-none-eabi/4.8.4/../../../../arm-none-eabi/lib/armv7e-m/fpu\libc.a(lib_a-mprec.o)
                0x08008eec                __mdiff
 .text.__d2b    0x08008fc0       0xb4 c:/users/patels/desktop/1-14-2015/eclipse/plugins/fr.ac6.mcu.externaltools.arm-none.win32_1.1.0.201503101257/tools/compiler/bin/../lib/gcc/arm-none-eabi/4.8.4/../../../../arm-none-eabi/lib/armv7e-m/fpu\libc.a(lib_a-mprec.o)
                0x08008fc0                __d2b
 .text.__fpclassifyd
                0x08009074       0x54 c:/users/patels/desktop/1-14-2015/eclipse/plugins/fr.ac6.mcu.externaltools.arm-none.win32_1.1.0.201503101257/tools/compiler/bin/../lib/gcc/arm-none-eabi/4.8.4/../../../../arm-none-eabi/lib/armv7e-m/fpu\libc.a(lib_a-s_fpclassify.o)
                0x08009074                __fpclassifyd
 .text.__ssprint_r
                0x080090c8      0x100 c:/users/patels/desktop/1-14-2015/eclipse/plugins/fr.ac6.mcu.externaltools.arm-none.win32_1.1.0.201503101257/tools/compiler/bin/../lib/gcc/arm-none-eabi/4.8.4/../../../../arm-none-eabi/lib/armv7e-m/fpu\libc.a(lib_a-svfiprintf.o)
                0x080090c8                __ssprint_r
 .text.__register_exitproc
                0x080091c8       0xa8 c:/users/patels/desktop/1-14-2015/eclipse/plugins/fr.ac6.mcu.externaltools.arm-none.win32_1.1.0.201503101257/tools/compiler/bin/../lib/gcc/arm-none-eabi/4.8.4/../../../../arm-none-eabi/lib/armv7e-m/fpu\libc.a(lib_a-__atexit.o)
                0x080091c8                __register_exitproc
 .text._calloc_r
                0x08009270       0x60 c:/users/patels/desktop/1-14-2015/eclipse/plugins/fr.ac6.mcu.externaltools.arm-none.win32_1.1.0.201503101257/tools/compiler/bin/../lib/gcc/arm-none-eabi/4.8.4/../../../../arm-none-eabi/lib/armv7e-m/fpu\libc.a(lib_a-callocr.o)
                0x08009270                _calloc_r
 .text.memmove  0x080092d0       0xc0 c:/users/patels/desktop/1-14-2015/eclipse/plugins/fr.ac6.mcu.externaltools.arm-none.win32_1.1.0.201503101257/tools/compiler/bin/../lib/gcc/arm-none-eabi/4.8.4/../../../../arm-none-eabi/lib/armv7e-m/fpu\libc.a(lib_a-memmove.o)
                0x080092d0                memmove
 .text._realloc_r
                0x08009390      0x3cc c:/users/patels/desktop/1-14-2015/eclipse/plugins/fr.ac6.mcu.externaltools.arm-none.win32_1.1.0.201503101257/tools/compiler/bin/../lib/gcc/arm-none-eabi/4.8.4/../../../../arm-none-eabi/lib/armv7e-m/fpu\libc.a(lib_a-reallocr.o)
                0x08009390                _realloc_r
 *(.rodata)
 .rodata        0x0800975c      0x2d0 ./src/CLI-commands.o
 .rodata        0x08009a2c       0xf0 ./src/FreeRTOS_CLI.o
 .rodata        0x08009b1c       0xa0 ./src/UARTCommandConsole.o
 .rodata        0x08009bbc       0x10 ./src/main.o
 .rodata        0x08009bcc       0x14 ./src/pwm_ctr.o
 .rodata        0x08009be0       0x44 ./src/FreeRTOS/tasks.o
 .rodata        0x08009c24       0x10 ./src/FreeRTOS/timers.o
 .rodata        0x08009c34       0x30 ./Utilities/stm32f4_discovery.o
                0x08009c34                GPIO_PIN
                0x08009c3c                GPIO_CLK
                0x08009c4c                BUTTON_PIN
                0x08009c50                BUTTON_CLK
                0x08009c54                BUTTON_EXTI_LINE
                0x08009c58                BUTTON_PORT_SOURCE
                0x08009c5c                BUTTON_PIN_SOURCE
                0x08009c60                BUTTON_IRQn
 *(.rodata*)
 .rodata.str1.4
                0x08009c64        0x2 c:/users/patels/desktop/1-14-2015/eclipse/plugins/fr.ac6.mcu.externaltools.arm-none.win32_1.1.0.201503101257/tools/compiler/bin/../lib/gcc/arm-none-eabi/4.8.4/../../../../arm-none-eabi/lib/armv7e-m/fpu\libc.a(lib_a-impure.o)
                                  0x4 (size before relaxing)
 *fill*         0x08009c66        0x2 
 .rodata._global_impure_ptr
                0x08009c68        0x4 c:/users/patels/desktop/1-14-2015/eclipse/plugins/fr.ac6.mcu.externaltools.arm-none.win32_1.1.0.201503101257/tools/compiler/bin/../lib/gcc/arm-none-eabi/4.8.4/../../../../arm-none-eabi/lib/armv7e-m/fpu\libc.a(lib_a-impure.o)
                0x08009c68                _global_impure_ptr
 .rodata.zeroes.6763
                0x08009c6c       0x10 c:/users/patels/desktop/1-14-2015/eclipse/plugins/fr.ac6.mcu.externaltools.arm-none.win32_1.1.0.201503101257/tools/compiler/bin/../lib/gcc/arm-none-eabi/4.8.4/../../../../arm-none-eabi/lib/armv7e-m/fpu\libc.a(lib_a-svfprintf.o)
 .rodata.str1.4
                0x08009c7c       0x42 c:/users/patels/desktop/1-14-2015/eclipse/plugins/fr.ac6.mcu.externaltools.arm-none.win32_1.1.0.201503101257/tools/compiler/bin/../lib/gcc/arm-none-eabi/4.8.4/../../../../arm-none-eabi/lib/armv7e-m/fpu\libc.a(lib_a-svfprintf.o)
                                 0x44 (size before relaxing)
 *fill*         0x08009cbe        0x2 
 .rodata.blanks.6762
                0x08009cc0       0x10 c:/users/patels/desktop/1-14-2015/eclipse/plugins/fr.ac6.mcu.externaltools.arm-none.win32_1.1.0.201503101257/tools/compiler/bin/../lib/gcc/arm-none-eabi/4.8.4/../../../../arm-none-eabi/lib/armv7e-m/fpu\libc.a(lib_a-svfprintf.o)
 .rodata.str1.4
                0x08009cd0       0x10 c:/users/patels/desktop/1-14-2015/eclipse/plugins/fr.ac6.mcu.externaltools.arm-none.win32_1.1.0.201503101257/tools/compiler/bin/../lib/gcc/arm-none-eabi/4.8.4/../../../../arm-none-eabi/lib/armv7e-m/fpu\libc.a(lib_a-dtoa.o)
                                 0x14 (size before relaxing)
 .rodata.str1.4
                0x08009ce0        0xc c:/users/patels/desktop/1-14-2015/eclipse/plugins/fr.ac6.mcu.externaltools.arm-none.win32_1.1.0.201503101257/tools/compiler/bin/../lib/gcc/arm-none-eabi/4.8.4/../../../../arm-none-eabi/lib/armv7e-m/fpu\libc.a(lib_a-locale.o)
                                 0x14 (size before relaxing)
 *fill*         0x08009cec        0x4 
 .rodata.__mprec_tens
                0x08009cf0       0xc8 c:/users/patels/desktop/1-14-2015/eclipse/plugins/fr.ac6.mcu.externaltools.arm-none.win32_1.1.0.201503101257/tools/compiler/bin/../lib/gcc/arm-none-eabi/4.8.4/../../../../arm-none-eabi/lib/armv7e-m/fpu\libc.a(lib_a-mprec.o)
                0x08009cf0                __mprec_tens
 .rodata.__mprec_bigtens
                0x08009db8       0x28 c:/users/patels/desktop/1-14-2015/eclipse/plugins/fr.ac6.mcu.externaltools.arm-none.win32_1.1.0.201503101257/tools/compiler/bin/../lib/gcc/arm-none-eabi/4.8.4/../../../../arm-none-eabi/lib/armv7e-m/fpu\libc.a(lib_a-mprec.o)
                0x08009db8                __mprec_bigtens
 .rodata.p05.5269
                0x08009de0        0xc c:/users/patels/desktop/1-14-2015/eclipse/plugins/fr.ac6.mcu.externaltools.arm-none.win32_1.1.0.201503101257/tools/compiler/bin/../lib/gcc/arm-none-eabi/4.8.4/../../../../arm-none-eabi/lib/armv7e-m/fpu\libc.a(lib_a-mprec.o)
 *(.glue_7)
 .glue_7        0x00000000        0x0 linker stubs
 *(.glue_7t)
 .glue_7t       0x00000000        0x0 linker stubs
 *(.eh_frame)
 .eh_frame      0x08009dec        0x0 c:/users/patels/desktop/1-14-2015/eclipse/plugins/fr.ac6.mcu.externaltools.arm-none.win32_1.1.0.201503101257/tools/compiler/bin/../lib/gcc/arm-none-eabi/4.8.4/armv7e-m/fpu/crtbegin.o
 *(.init)
 .init          0x08009dec        0x4 c:/users/patels/desktop/1-14-2015/eclipse/plugins/fr.ac6.mcu.externaltools.arm-none.win32_1.1.0.201503101257/tools/compiler/bin/../lib/gcc/arm-none-eabi/4.8.4/armv7e-m/fpu/crti.o
                0x08009dec                _init
 .init          0x08009df0        0x8 c:/users/patels/desktop/1-14-2015/eclipse/plugins/fr.ac6.mcu.externaltools.arm-none.win32_1.1.0.201503101257/tools/compiler/bin/../lib/gcc/arm-none-eabi/4.8.4/armv7e-m/fpu/crtn.o
 *(.fini)
 .fini          0x08009df8        0x4 c:/users/patels/desktop/1-14-2015/eclipse/plugins/fr.ac6.mcu.externaltools.arm-none.win32_1.1.0.201503101257/tools/compiler/bin/../lib/gcc/arm-none-eabi/4.8.4/armv7e-m/fpu/crti.o
                0x08009df8                _fini
 .fini          0x08009dfc        0x8 c:/users/patels/desktop/1-14-2015/eclipse/plugins/fr.ac6.mcu.externaltools.arm-none.win32_1.1.0.201503101257/tools/compiler/bin/../lib/gcc/arm-none-eabi/4.8.4/armv7e-m/fpu/crtn.o
                0x08009e04                . = ALIGN (0x4)
                0x08009e04                _etext = .

.vfp11_veneer   0x08009e04        0x0
 .vfp11_veneer  0x00000000        0x0 linker stubs

.v4_bx          0x08009e04        0x0
 .v4_bx         0x00000000        0x0 linker stubs

.iplt           0x08009e04        0x0
 .iplt          0x00000000        0x0 c:/users/patels/desktop/1-14-2015/eclipse/plugins/fr.ac6.mcu.externaltools.arm-none.win32_1.1.0.201503101257/tools/compiler/bin/../lib/gcc/arm-none-eabi/4.8.4/armv7e-m/fpu/crtbegin.o

.ARM.extab
 *(.ARM.extab* .gnu.linkonce.armextab.*)

.ARM            0x08009e04        0x8
                0x08009e04                __exidx_start = .
 *(.ARM.exidx*)
 .ARM.exidx     0x08009e04        0x8 c:/users/patels/desktop/1-14-2015/eclipse/plugins/fr.ac6.mcu.externaltools.arm-none.win32_1.1.0.201503101257/tools/compiler/bin/../lib/gcc/arm-none-eabi/4.8.4/armv7e-m/fpu\libgcc.a(_divdi3.o)
 .ARM.exidx     0x08009e0c        0x0 c:/users/patels/desktop/1-14-2015/eclipse/plugins/fr.ac6.mcu.externaltools.arm-none.win32_1.1.0.201503101257/tools/compiler/bin/../lib/gcc/arm-none-eabi/4.8.4/armv7e-m/fpu\libgcc.a(_udivdi3.o)
                                  0x8 (size before relaxing)
                0x08009e0c                __exidx_end = .

.rel.dyn        0x08009e0c        0x0
 .rel.iplt      0x00000000        0x0 c:/users/patels/desktop/1-14-2015/eclipse/plugins/fr.ac6.mcu.externaltools.arm-none.win32_1.1.0.201503101257/tools/compiler/bin/../lib/gcc/arm-none-eabi/4.8.4/armv7e-m/fpu/crtbegin.o

.preinit_array  0x08009e0c        0x0
                0x08009e0c                PROVIDE (__preinit_array_start, .)
 *(.preinit_array*)
                0x08009e0c                PROVIDE (__preinit_array_end, .)

.init_array     0x08009e0c        0x8
                0x08009e0c                PROVIDE (__init_array_start, .)
 *(SORT(.init_array.*))
 .init_array.00000
                0x08009e0c        0x4 c:/users/patels/desktop/1-14-2015/eclipse/plugins/fr.ac6.mcu.externaltools.arm-none.win32_1.1.0.201503101257/tools/compiler/bin/../lib/gcc/arm-none-eabi/4.8.4/../../../../arm-none-eabi/lib/armv7e-m/fpu\libc.a(lib_a-__call_atexit.o)
 *(.init_array*)
 .init_array    0x08009e10        0x4 c:/users/patels/desktop/1-14-2015/eclipse/plugins/fr.ac6.mcu.externaltools.arm-none.win32_1.1.0.201503101257/tools/compiler/bin/../lib/gcc/arm-none-eabi/4.8.4/armv7e-m/fpu/crtbegin.o
                0x08009e14                PROVIDE (__init_array_end, .)

.fini_array     0x08009e14        0x4
                0x08009e14                PROVIDE (__fini_array_start, .)
 *(.fini_array*)
 .fini_array    0x08009e14        0x4 c:/users/patels/desktop/1-14-2015/eclipse/plugins/fr.ac6.mcu.externaltools.arm-none.win32_1.1.0.201503101257/tools/compiler/bin/../lib/gcc/arm-none-eabi/4.8.4/armv7e-m/fpu/crtbegin.o
 *(SORT(.fini_array.*))
                0x08009e18                PROVIDE (__fini_array_end, .)
                0x08009e18                _sidata = .

.data           0x20000000      0x8c4 load address 0x08009e18
                0x20000000                . = ALIGN (0x4)
                0x20000000                _sdata = .
 *(.data)
 .data          0x20000000        0xc ./src/FreeRTOS_CLI.o
 .data          0x2000000c       0x14 ./src/system_stm32f4xx.o
                0x2000000c                SystemCoreClock
                0x20000010                AHBPrescTable
 .data          0x20000020        0x4 ./src/FreeRTOS/tasks.o
 .data          0x20000024        0x4 ./src/FreeRTOS/portable/GCC/ARM_CM4F/port.o
 .data          0x20000028       0x14 ./Utilities/stm32f4_discovery.o
                0x20000028                GPIO_PORT
                0x20000038                BUTTON_PORT
 .data          0x2000003c       0x10 ./StdPeriph_Driver/src/stm32f4xx_rcc.o
 *(.data*)
 *fill*         0x2000004c        0x4 
 .data.impure_data
                0x20000050      0x428 c:/users/patels/desktop/1-14-2015/eclipse/plugins/fr.ac6.mcu.externaltools.arm-none.win32_1.1.0.201503101257/tools/compiler/bin/../lib/gcc/arm-none-eabi/4.8.4/../../../../arm-none-eabi/lib/armv7e-m/fpu\libc.a(lib_a-impure.o)
 .data._impure_ptr
                0x20000478        0x4 c:/users/patels/desktop/1-14-2015/eclipse/plugins/fr.ac6.mcu.externaltools.arm-none.win32_1.1.0.201503101257/tools/compiler/bin/../lib/gcc/arm-none-eabi/4.8.4/../../../../arm-none-eabi/lib/armv7e-m/fpu\libc.a(lib_a-impure.o)
                0x20000478                _impure_ptr
 .data.__malloc_av_
                0x2000047c      0x408 c:/users/patels/desktop/1-14-2015/eclipse/plugins/fr.ac6.mcu.externaltools.arm-none.win32_1.1.0.201503101257/tools/compiler/bin/../lib/gcc/arm-none-eabi/4.8.4/../../../../arm-none-eabi/lib/armv7e-m/fpu\libc.a(lib_a-mallocr.o)
                0x2000047c                __malloc_av_
 .data.__malloc_trim_threshold
                0x20000884        0x4 c:/users/patels/desktop/1-14-2015/eclipse/plugins/fr.ac6.mcu.externaltools.arm-none.win32_1.1.0.201503101257/tools/compiler/bin/../lib/gcc/arm-none-eabi/4.8.4/../../../../arm-none-eabi/lib/armv7e-m/fpu\libc.a(lib_a-mallocr.o)
                0x20000884                __malloc_trim_threshold
 .data.__malloc_sbrk_base
                0x20000888        0x4 c:/users/patels/desktop/1-14-2015/eclipse/plugins/fr.ac6.mcu.externaltools.arm-none.win32_1.1.0.201503101257/tools/compiler/bin/../lib/gcc/arm-none-eabi/4.8.4/../../../../arm-none-eabi/lib/armv7e-m/fpu\libc.a(lib_a-mallocr.o)
                0x20000888                __malloc_sbrk_base
 .data.lconv    0x2000088c       0x38 c:/users/patels/desktop/1-14-2015/eclipse/plugins/fr.ac6.mcu.externaltools.arm-none.win32_1.1.0.201503101257/tools/compiler/bin/../lib/gcc/arm-none-eabi/4.8.4/../../../../arm-none-eabi/lib/armv7e-m/fpu\libc.a(lib_a-locale.o)
                0x200008c4                . = ALIGN (0x4)
                0x200008c4                _edata = .

.jcr            0x200008c4        0x0 load address 0x0800a6dc
 .jcr           0x200008c4        0x0 c:/users/patels/desktop/1-14-2015/eclipse/plugins/fr.ac6.mcu.externaltools.arm-none.win32_1.1.0.201503101257/tools/compiler/bin/../lib/gcc/arm-none-eabi/4.8.4/armv7e-m/fpu/crtbegin.o

.igot.plt       0x200008c4        0x0 load address 0x0800a6dc
 .igot.plt      0x00000000        0x0 c:/users/patels/desktop/1-14-2015/eclipse/plugins/fr.ac6.mcu.externaltools.arm-none.win32_1.1.0.201503101257/tools/compiler/bin/../lib/gcc/arm-none-eabi/4.8.4/armv7e-m/fpu/crtbegin.o
                0x200008c4                . = ALIGN (0x4)

.bss            0x200008c4      0x9c4 load address 0x0800a6dc
                0x200008c4                _sbss = .
                0x200008c4                __bss_start__ = _sbss
 *(.bss)
 .bss           0x200008c4       0x1c c:/users/patels/desktop/1-14-2015/eclipse/plugins/fr.ac6.mcu.externaltools.arm-none.win32_1.1.0.201503101257/tools/compiler/bin/../lib/gcc/arm-none-eabi/4.8.4/armv7e-m/fpu/crtbegin.o
 .bss           0x200008e0        0x8 ./src/CLI-commands.o
 .bss           0x200008e8      0x3f0 ./src/FreeRTOS_CLI.o
 .bss           0x20000cd8      0x3f0 ./src/UARTCommandConsole.o
 .bss           0x200010c8        0x8 ./src/main.o
                0x200010c8                ulHighFrequencyTimerTick
                0x200010cc                read_byte
 .bss           0x200010d0        0x8 ./src/serial.o
 .bss           0x200010d8        0x8 ./src/syscalls.o
                0x200010d8                __env
 .bss           0x200010e0       0xf0 ./src/FreeRTOS/tasks.o
                0x200010e0                pxCurrentTCB
 .bss           0x200011d0       0x38 ./src/FreeRTOS/timers.o
 .bss           0x20001208        0x8 ./src/FreeRTOS/portable/GCC/ARM_CM4F/port.o
 *(.bss*)
 .bss.__malloc_max_total_mem
                0x20001210        0x4 c:/users/patels/desktop/1-14-2015/eclipse/plugins/fr.ac6.mcu.externaltools.arm-none.win32_1.1.0.201503101257/tools/compiler/bin/../lib/gcc/arm-none-eabi/4.8.4/../../../../arm-none-eabi/lib/armv7e-m/fpu\libc.a(lib_a-mallocr.o)
                0x20001210                __malloc_max_total_mem
 .bss.__malloc_max_sbrked_mem
                0x20001214        0x4 c:/users/patels/desktop/1-14-2015/eclipse/plugins/fr.ac6.mcu.externaltools.arm-none.win32_1.1.0.201503101257/tools/compiler/bin/../lib/gcc/arm-none-eabi/4.8.4/../../../../arm-none-eabi/lib/armv7e-m/fpu\libc.a(lib_a-mallocr.o)
                0x20001214                __malloc_max_sbrked_mem
 .bss.__malloc_top_pad
                0x20001218        0x4 c:/users/patels/desktop/1-14-2015/eclipse/plugins/fr.ac6.mcu.externaltools.arm-none.win32_1.1.0.201503101257/tools/compiler/bin/../lib/gcc/arm-none-eabi/4.8.4/../../../../arm-none-eabi/lib/armv7e-m/fpu\libc.a(lib_a-mallocr.o)
                0x20001218                __malloc_top_pad
 .bss.__malloc_current_mallinfo
                0x2000121c       0x28 c:/users/patels/desktop/1-14-2015/eclipse/plugins/fr.ac6.mcu.externaltools.arm-none.win32_1.1.0.201503101257/tools/compiler/bin/../lib/gcc/arm-none-eabi/4.8.4/../../../../arm-none-eabi/lib/armv7e-m/fpu\libc.a(lib_a-mallocr.o)
                0x2000121c                __malloc_current_mallinfo
 *(COMMON)
 COMMON         0x20001244       0x40 ./src/FreeRTOS/queue.o
                0x20001244                xQueueRegistry
 COMMON         0x20001284        0x4 c:/users/patels/desktop/1-14-2015/eclipse/plugins/fr.ac6.mcu.externaltools.arm-none.win32_1.1.0.201503101257/tools/compiler/bin/../lib/gcc/arm-none-eabi/4.8.4/../../../../arm-none-eabi/lib/armv7e-m/fpu\libc.a(lib_a-reent.o)
                0x20001284                errno
                0x20001288                . = ALIGN (0x4)
                0x20001288                _ebss = .
                0x20001288                __bss_end__ = _ebss

._user_heap_stack
                0x20001288      0x400 load address 0x0800b0a0
                0x20001288                . = ALIGN (0x4)
                0x20001288                PROVIDE (end, .)
                0x20001288                PROVIDE (_end, .)
                0x20001288                . = (. + _Min_Heap_Size)
                0x20001688                . = (. + _Min_Stack_Size)
 *fill*         0x20001288      0x400 
                0x20001688                . = ALIGN (0x4)

.memory_b1_text
 *(.mb1text)
 *(.mb1text*)
 *(.mb1rodata)
 *(.mb1rodata*)

/DISCARD/
 libc.a(*)
 libm.a(*)
 libgcc.a(*)

.ARM.attributes
                0x00000000       0x30
 *(.ARM.attributes)
 .ARM.attributes
                0x00000000       0x22 c:/users/patels/desktop/1-14-2015/eclipse/plugins/fr.ac6.mcu.externaltools.arm-none.win32_1.1.0.201503101257/tools/compiler/bin/../lib/gcc/arm-none-eabi/4.8.4/armv7e-m/fpu/crti.o
 .ARM.attributes
                0x00000022       0x34 c:/users/patels/desktop/1-14-2015/eclipse/plugins/fr.ac6.mcu.externaltools.arm-none.win32_1.1.0.201503101257/tools/compiler/bin/../lib/gcc/arm-none-eabi/4.8.4/armv7e-m/fpu/crtbegin.o
 .ARM.attributes
                0x00000056       0x21 ./startup/startup_stm32f4xx.o
 .ARM.attributes
                0x00000077       0x39 ./src/CLI-commands.o
 .ARM.attributes
                0x000000b0       0x39 ./src/FreeRTOS_CLI.o
 .ARM.attributes
                0x000000e9       0x39 ./src/UARTCommandConsole.o
 .ARM.attributes
                0x00000122       0x39 ./src/main.o
 .ARM.attributes
                0x0000015b       0x39 ./src/peripherals.o
 .ARM.attributes
                0x00000194       0x39 ./src/pwm_ctr.o
 .ARM.attributes
                0x000001cd       0x39 ./src/serial.o
 .ARM.attributes
                0x00000206       0x39 ./src/stm32f4xx_it.o
 .ARM.attributes
                0x0000023f       0x39 ./src/syscalls.o
 .ARM.attributes
                0x00000278       0x39 ./src/system_stm32f4xx.o
 .ARM.attributes
                0x000002b1       0x39 ./src/FreeRTOS/list.o
 .ARM.attributes
                0x000002ea       0x39 ./src/FreeRTOS/queue.o
 .ARM.attributes
                0x00000323       0x39 ./src/FreeRTOS/tasks.o
 .ARM.attributes
                0x0000035c       0x39 ./src/FreeRTOS/timers.o
 .ARM.attributes
                0x00000395       0x39 ./src/FreeRTOS/portable/MemMang/heap_3.o
 .ARM.attributes
                0x000003ce       0x39 ./src/FreeRTOS/portable/GCC/ARM_CM4F/port.o
 .ARM.attributes
                0x00000407       0x39 ./Utilities/stm32f4_discovery.o
 .ARM.attributes
                0x00000440       0x39 ./StdPeriph_Driver/src/misc.o
 .ARM.attributes
                0x00000479       0x39 ./StdPeriph_Driver/src/stm32f4xx_exti.o
 .ARM.attributes
                0x000004b2       0x39 ./StdPeriph_Driver/src/stm32f4xx_gpio.o
 .ARM.attributes
                0x000004eb       0x39 ./StdPeriph_Driver/src/stm32f4xx_rcc.o
 .ARM.attributes
                0x00000524       0x39 ./StdPeriph_Driver/src/stm32f4xx_syscfg.o
 .ARM.attributes
                0x0000055d       0x39 ./StdPeriph_Driver/src/stm32f4xx_tim.o
 .ARM.attributes
                0x00000596       0x39 ./StdPeriph_Driver/src/stm32f4xx_usart.o
 .ARM.attributes
                0x000005cf       0x34 c:/users/patels/desktop/1-14-2015/eclipse/plugins/fr.ac6.mcu.externaltools.arm-none.win32_1.1.0.201503101257/tools/compiler/bin/../lib/gcc/arm-none-eabi/4.8.4/../../../../arm-none-eabi/lib/armv7e-m/fpu\libc.a(lib_a-errno.o)
 .ARM.attributes
                0x00000603       0x34 c:/users/patels/desktop/1-14-2015/eclipse/plugins/fr.ac6.mcu.externaltools.arm-none.win32_1.1.0.201503101257/tools/compiler/bin/../lib/gcc/arm-none-eabi/4.8.4/../../../../arm-none-eabi/lib/armv7e-m/fpu\libc.a(lib_a-impure.o)
 .ARM.attributes
                0x00000637       0x34 c:/users/patels/desktop/1-14-2015/eclipse/plugins/fr.ac6.mcu.externaltools.arm-none.win32_1.1.0.201503101257/tools/compiler/bin/../lib/gcc/arm-none-eabi/4.8.4/../../../../arm-none-eabi/lib/armv7e-m/fpu\libc.a(lib_a-init.o)
 .ARM.attributes
                0x0000066b       0x34 c:/users/patels/desktop/1-14-2015/eclipse/plugins/fr.ac6.mcu.externaltools.arm-none.win32_1.1.0.201503101257/tools/compiler/bin/../lib/gcc/arm-none-eabi/4.8.4/../../../../arm-none-eabi/lib/armv7e-m/fpu\libc.a(lib_a-malloc.o)
 .ARM.attributes
                0x0000069f       0x34 c:/users/patels/desktop/1-14-2015/eclipse/plugins/fr.ac6.mcu.externaltools.arm-none.win32_1.1.0.201503101257/tools/compiler/bin/../lib/gcc/arm-none-eabi/4.8.4/../../../../arm-none-eabi/lib/armv7e-m/fpu\libc.a(lib_a-mallocr.o)
 .ARM.attributes
                0x000006d3       0x34 c:/users/patels/desktop/1-14-2015/eclipse/plugins/fr.ac6.mcu.externaltools.arm-none.win32_1.1.0.201503101257/tools/compiler/bin/../lib/gcc/arm-none-eabi/4.8.4/../../../../arm-none-eabi/lib/armv7e-m/fpu\libc.a(lib_a-memcmp.o)
 .ARM.attributes
                0x00000707       0x20 c:/users/patels/desktop/1-14-2015/eclipse/plugins/fr.ac6.mcu.externaltools.arm-none.win32_1.1.0.201503101257/tools/compiler/bin/../lib/gcc/arm-none-eabi/4.8.4/../../../../arm-none-eabi/lib/armv7e-m/fpu\libc.a(lib_a-memcpy.o)
 .ARM.attributes
                0x00000727       0x34 c:/users/patels/desktop/1-14-2015/eclipse/plugins/fr.ac6.mcu.externaltools.arm-none.win32_1.1.0.201503101257/tools/compiler/bin/../lib/gcc/arm-none-eabi/4.8.4/../../../../arm-none-eabi/lib/armv7e-m/fpu\libc.a(lib_a-memset.o)
 .ARM.attributes
                0x0000075b       0x34 c:/users/patels/desktop/1-14-2015/eclipse/plugins/fr.ac6.mcu.externaltools.arm-none.win32_1.1.0.201503101257/tools/compiler/bin/../lib/gcc/arm-none-eabi/4.8.4/../../../../arm-none-eabi/lib/armv7e-m/fpu\libc.a(lib_a-mlock.o)
 .ARM.attributes
                0x0000078f       0x34 c:/users/patels/desktop/1-14-2015/eclipse/plugins/fr.ac6.mcu.externaltools.arm-none.win32_1.1.0.201503101257/tools/compiler/bin/../lib/gcc/arm-none-eabi/4.8.4/../../../../arm-none-eabi/lib/armv7e-m/fpu\libc.a(lib_a-sbrkr.o)
 .ARM.attributes
                0x000007c3       0x34 c:/users/patels/desktop/1-14-2015/eclipse/plugins/fr.ac6.mcu.externaltools.arm-none.win32_1.1.0.201503101257/tools/compiler/bin/../lib/gcc/arm-none-eabi/4.8.4/../../../../arm-none-eabi/lib/armv7e-m/fpu\libc.a(lib_a-sprintf.o)
 .ARM.attributes
                0x000007f7       0x34 c:/users/patels/desktop/1-14-2015/eclipse/plugins/fr.ac6.mcu.externaltools.arm-none.win32_1.1.0.201503101257/tools/compiler/bin/../lib/gcc/arm-none-eabi/4.8.4/../../../../arm-none-eabi/lib/armv7e-m/fpu\libc.a(lib_a-strcpy.o)
 .ARM.attributes
                0x0000082b       0x34 c:/users/patels/desktop/1-14-2015/eclipse/plugins/fr.ac6.mcu.externaltools.arm-none.win32_1.1.0.201503101257/tools/compiler/bin/../lib/gcc/arm-none-eabi/4.8.4/../../../../arm-none-eabi/lib/armv7e-m/fpu\libc.a(lib_a-strlen.o)
 .ARM.attributes
                0x0000085f       0x34 c:/users/patels/desktop/1-14-2015/eclipse/plugins/fr.ac6.mcu.externaltools.arm-none.win32_1.1.0.201503101257/tools/compiler/bin/../lib/gcc/arm-none-eabi/4.8.4/../../../../arm-none-eabi/lib/armv7e-m/fpu\libc.a(lib_a-strncat.o)
 .ARM.attributes
                0x00000893       0x34 c:/users/patels/desktop/1-14-2015/eclipse/plugins/fr.ac6.mcu.externaltools.arm-none.win32_1.1.0.201503101257/tools/compiler/bin/../lib/gcc/arm-none-eabi/4.8.4/../../../../arm-none-eabi/lib/armv7e-m/fpu\libc.a(lib_a-strncmp.o)
 .ARM.attributes
                0x000008c7       0x34 c:/users/patels/desktop/1-14-2015/eclipse/plugins/fr.ac6.mcu.externaltools.arm-none.win32_1.1.0.201503101257/tools/compiler/bin/../lib/gcc/arm-none-eabi/4.8.4/../../../../arm-none-eabi/lib/armv7e-m/fpu\libc.a(lib_a-strncpy.o)
 .ARM.attributes
                0x000008fb       0x34 c:/users/patels/desktop/1-14-2015/eclipse/plugins/fr.ac6.mcu.externaltools.arm-none.win32_1.1.0.201503101257/tools/compiler/bin/../lib/gcc/arm-none-eabi/4.8.4/../../../../arm-none-eabi/lib/armv7e-m/fpu\libc.a(lib_a-svfprintf.o)
 .ARM.attributes
                0x0000092f       0x34 c:/users/patels/desktop/1-14-2015/eclipse/plugins/fr.ac6.mcu.externaltools.arm-none.win32_1.1.0.201503101257/tools/compiler/bin/../lib/gcc/arm-none-eabi/4.8.4/../../../../arm-none-eabi/lib/armv7e-m/fpu\libc.a(lib_a-__call_atexit.o)
 .ARM.attributes
                0x00000963       0x34 c:/users/patels/desktop/1-14-2015/eclipse/plugins/fr.ac6.mcu.externaltools.arm-none.win32_1.1.0.201503101257/tools/compiler/bin/../lib/gcc/arm-none-eabi/4.8.4/../../../../arm-none-eabi/lib/armv7e-m/fpu\libc.a(lib_a-atexit.o)
 .ARM.attributes
                0x00000997       0x34 c:/users/patels/desktop/1-14-2015/eclipse/plugins/fr.ac6.mcu.externaltools.arm-none.win32_1.1.0.201503101257/tools/compiler/bin/../lib/gcc/arm-none-eabi/4.8.4/../../../../arm-none-eabi/lib/armv7e-m/fpu\libc.a(lib_a-dtoa.o)
 .ARM.attributes
                0x000009cb       0x34 c:/users/patels/desktop/1-14-2015/eclipse/plugins/fr.ac6.mcu.externaltools.arm-none.win32_1.1.0.201503101257/tools/compiler/bin/../lib/gcc/arm-none-eabi/4.8.4/../../../../arm-none-eabi/lib/armv7e-m/fpu\libc.a(lib_a-fini.o)
 .ARM.attributes
                0x000009ff       0x34 c:/users/patels/desktop/1-14-2015/eclipse/plugins/fr.ac6.mcu.externaltools.arm-none.win32_1.1.0.201503101257/tools/compiler/bin/../lib/gcc/arm-none-eabi/4.8.4/../../../../arm-none-eabi/lib/armv7e-m/fpu\libc.a(lib_a-freer.o)
 .ARM.attributes
                0x00000a33       0x34 c:/users/patels/desktop/1-14-2015/eclipse/plugins/fr.ac6.mcu.externaltools.arm-none.win32_1.1.0.201503101257/tools/compiler/bin/../lib/gcc/arm-none-eabi/4.8.4/../../../../arm-none-eabi/lib/armv7e-m/fpu\libc.a(lib_a-locale.o)
 .ARM.attributes
                0x00000a67       0x34 c:/users/patels/desktop/1-14-2015/eclipse/plugins/fr.ac6.mcu.externaltools.arm-none.win32_1.1.0.201503101257/tools/compiler/bin/../lib/gcc/arm-none-eabi/4.8.4/../../../../arm-none-eabi/lib/armv7e-m/fpu\libc.a(lib_a-memchr-stub.o)
 .ARM.attributes
                0x00000a9b       0x34 c:/users/patels/desktop/1-14-2015/eclipse/plugins/fr.ac6.mcu.externaltools.arm-none.win32_1.1.0.201503101257/tools/compiler/bin/../lib/gcc/arm-none-eabi/4.8.4/../../../../arm-none-eabi/lib/armv7e-m/fpu\libc.a(lib_a-mprec.o)
 .ARM.attributes
                0x00000acf       0x34 c:/users/patels/desktop/1-14-2015/eclipse/plugins/fr.ac6.mcu.externaltools.arm-none.win32_1.1.0.201503101257/tools/compiler/bin/../lib/gcc/arm-none-eabi/4.8.4/../../../../arm-none-eabi/lib/armv7e-m/fpu\libc.a(lib_a-reent.o)
 .ARM.attributes
                0x00000b03       0x34 c:/users/patels/desktop/1-14-2015/eclipse/plugins/fr.ac6.mcu.externaltools.arm-none.win32_1.1.0.201503101257/tools/compiler/bin/../lib/gcc/arm-none-eabi/4.8.4/../../../../arm-none-eabi/lib/armv7e-m/fpu\libc.a(lib_a-s_fpclassify.o)
 .ARM.attributes
                0x00000b37       0x34 c:/users/patels/desktop/1-14-2015/eclipse/plugins/fr.ac6.mcu.externaltools.arm-none.win32_1.1.0.201503101257/tools/compiler/bin/../lib/gcc/arm-none-eabi/4.8.4/../../../../arm-none-eabi/lib/armv7e-m/fpu\libc.a(lib_a-svfiprintf.o)
 .ARM.attributes
                0x00000b6b       0x34 c:/users/patels/desktop/1-14-2015/eclipse/plugins/fr.ac6.mcu.externaltools.arm-none.win32_1.1.0.201503101257/tools/compiler/bin/../lib/gcc/arm-none-eabi/4.8.4/../../../../arm-none-eabi/lib/armv7e-m/fpu\libc.a(lib_a-__atexit.o)
 .ARM.attributes
                0x00000b9f       0x34 c:/users/patels/desktop/1-14-2015/eclipse/plugins/fr.ac6.mcu.externaltools.arm-none.win32_1.1.0.201503101257/tools/compiler/bin/../lib/gcc/arm-none-eabi/4.8.4/../../../../arm-none-eabi/lib/armv7e-m/fpu\libc.a(lib_a-callocr.o)
 .ARM.attributes
                0x00000bd3       0x34 c:/users/patels/desktop/1-14-2015/eclipse/plugins/fr.ac6.mcu.externaltools.arm-none.win32_1.1.0.201503101257/tools/compiler/bin/../lib/gcc/arm-none-eabi/4.8.4/../../../../arm-none-eabi/lib/armv7e-m/fpu\libc.a(lib_a-memmove.o)
 .ARM.attributes
                0x00000c07       0x34 c:/users/patels/desktop/1-14-2015/eclipse/plugins/fr.ac6.mcu.externaltools.arm-none.win32_1.1.0.201503101257/tools/compiler/bin/../lib/gcc/arm-none-eabi/4.8.4/../../../../arm-none-eabi/lib/armv7e-m/fpu\libc.a(lib_a-reallocr.o)
 .ARM.attributes
                0x00000c3b       0x22 c:/users/patels/desktop/1-14-2015/eclipse/plugins/fr.ac6.mcu.externaltools.arm-none.win32_1.1.0.201503101257/tools/compiler/bin/../lib/gcc/arm-none-eabi/4.8.4/armv7e-m/fpu\libgcc.a(_arm_addsubdf3.o)
 .ARM.attributes
                0x00000c5d       0x22 c:/users/patels/desktop/1-14-2015/eclipse/plugins/fr.ac6.mcu.externaltools.arm-none.win32_1.1.0.201503101257/tools/compiler/bin/../lib/gcc/arm-none-eabi/4.8.4/armv7e-m/fpu\libgcc.a(_arm_muldivdf3.o)
 .ARM.attributes
                0x00000c7f       0x22 c:/users/patels/desktop/1-14-2015/eclipse/plugins/fr.ac6.mcu.externaltools.arm-none.win32_1.1.0.201503101257/tools/compiler/bin/../lib/gcc/arm-none-eabi/4.8.4/armv7e-m/fpu\libgcc.a(_arm_cmpdf2.o)
 .ARM.attributes
                0x00000ca1       0x22 c:/users/patels/desktop/1-14-2015/eclipse/plugins/fr.ac6.mcu.externaltools.arm-none.win32_1.1.0.201503101257/tools/compiler/bin/../lib/gcc/arm-none-eabi/4.8.4/armv7e-m/fpu\libgcc.a(_arm_fixdfsi.o)
 .ARM.attributes
                0x00000cc3       0x22 c:/users/patels/desktop/1-14-2015/eclipse/plugins/fr.ac6.mcu.externaltools.arm-none.win32_1.1.0.201503101257/tools/compiler/bin/../lib/gcc/arm-none-eabi/4.8.4/armv7e-m/fpu\libgcc.a(_aeabi_uldivmod.o)
 .ARM.attributes
                0x00000ce5       0x34 c:/users/patels/desktop/1-14-2015/eclipse/plugins/fr.ac6.mcu.externaltools.arm-none.win32_1.1.0.201503101257/tools/compiler/bin/../lib/gcc/arm-none-eabi/4.8.4/armv7e-m/fpu\libgcc.a(bpabi.o)
 .ARM.attributes
                0x00000d19       0x22 c:/users/patels/desktop/1-14-2015/eclipse/plugins/fr.ac6.mcu.externaltools.arm-none.win32_1.1.0.201503101257/tools/compiler/bin/../lib/gcc/arm-none-eabi/4.8.4/armv7e-m/fpu\libgcc.a(_dvmd_tls.o)
 .ARM.attributes
                0x00000d3b       0x34 c:/users/patels/desktop/1-14-2015/eclipse/plugins/fr.ac6.mcu.externaltools.arm-none.win32_1.1.0.201503101257/tools/compiler/bin/../lib/gcc/arm-none-eabi/4.8.4/armv7e-m/fpu\libgcc.a(_divdi3.o)
 .ARM.attributes
                0x00000d6f       0x34 c:/users/patels/desktop/1-14-2015/eclipse/plugins/fr.ac6.mcu.externaltools.arm-none.win32_1.1.0.201503101257/tools/compiler/bin/../lib/gcc/arm-none-eabi/4.8.4/armv7e-m/fpu\libgcc.a(_udivdi3.o)
 .ARM.attributes
                0x00000da3       0x22 c:/users/patels/desktop/1-14-2015/eclipse/plugins/fr.ac6.mcu.externaltools.arm-none.win32_1.1.0.201503101257/tools/compiler/bin/../lib/gcc/arm-none-eabi/4.8.4/armv7e-m/fpu/crtn.o
OUTPUT(GIT-FreeRTOS-Cli.elf elf32-littlearm)

.debug_line     0x00000000     0xcd21
 .debug_line    0x00000000       0x7b ./startup/startup_stm32f4xx.o
 .debug_line    0x0000007b      0x71b ./src/CLI-commands.o
 .debug_line    0x00000796      0x6b5 ./src/FreeRTOS_CLI.o
 .debug_line    0x00000e4b      0x68b ./src/UARTCommandConsole.o
 .debug_line    0x000014d6      0xaa7 ./src/main.o
 .debug_line    0x00001f7d      0x7e1 ./src/peripherals.o
 .debug_line    0x0000275e      0xa3d ./src/pwm_ctr.o
 .debug_line    0x0000319b      0xa9d ./src/serial.o
 .debug_line    0x00003c38      0x8a8 ./src/stm32f4xx_it.o
 .debug_line    0x000044e0      0x564 ./src/syscalls.o
 .debug_line    0x00004a44      0x6e7 ./src/system_stm32f4xx.o
 .debug_line    0x0000512b      0x54e ./src/FreeRTOS/list.o
 .debug_line    0x00005679      0xd79 ./src/FreeRTOS/queue.o
 .debug_line    0x000063f2     0x110b ./src/FreeRTOS/tasks.o
 .debug_line    0x000074fd      0x746 ./src/FreeRTOS/timers.o
 .debug_line    0x00007c43      0x511 ./src/FreeRTOS/portable/MemMang/heap_3.o
 .debug_line    0x00008154      0x637 ./src/FreeRTOS/portable/GCC/ARM_CM4F/port.o
 .debug_line    0x0000878b      0x6fd ./Utilities/stm32f4_discovery.o
 .debug_line    0x00008e88      0x6cd ./StdPeriph_Driver/src/misc.o
 .debug_line    0x00009555      0x723 ./StdPeriph_Driver/src/stm32f4xx_exti.o
 .debug_line    0x00009c78      0x7bd ./StdPeriph_Driver/src/stm32f4xx_gpio.o
 .debug_line    0x0000a435      0xa19 ./StdPeriph_Driver/src/stm32f4xx_rcc.o
 .debug_line    0x0000ae4e      0x6e3 ./StdPeriph_Driver/src/stm32f4xx_syscfg.o
 .debug_line    0x0000b531      0xee4 ./StdPeriph_Driver/src/stm32f4xx_tim.o
 .debug_line    0x0000c415      0x90c ./StdPeriph_Driver/src/stm32f4xx_usart.o

.debug_info     0x00000000     0xc5ec
 .debug_info    0x00000000       0x81 ./startup/startup_stm32f4xx.o
 .debug_info    0x00000081      0x445 ./src/CLI-commands.o
 .debug_info    0x000004c6      0x453 ./src/FreeRTOS_CLI.o
 .debug_info    0x00000919      0x29e ./src/UARTCommandConsole.o
 .debug_info    0x00000bb7      0x879 ./src/main.o
 .debug_info    0x00001430      0x74d ./src/peripherals.o
 .debug_info    0x00001b7d      0x7fa ./src/pwm_ctr.o
 .debug_info    0x00002377      0x6ba ./src/serial.o
 .debug_info    0x00002a31      0x3ee ./src/stm32f4xx_it.o
 .debug_info    0x00002e1f      0x660 ./src/syscalls.o
 .debug_info    0x0000347f      0x59a ./src/system_stm32f4xx.o
 .debug_info    0x00003a19      0x2a1 ./src/FreeRTOS/list.o
 .debug_info    0x00003cba     0x1268 ./src/FreeRTOS/queue.o
 .debug_info    0x00004f22     0x1bbe ./src/FreeRTOS/tasks.o
 .debug_info    0x00006ae0      0x90b ./src/FreeRTOS/timers.o
 .debug_info    0x000073eb       0xf1 ./src/FreeRTOS/portable/MemMang/heap_3.o
 .debug_info    0x000074dc      0x4e5 ./src/FreeRTOS/portable/GCC/ARM_CM4F/port.o
 .debug_info    0x000079c1      0x891 ./Utilities/stm32f4_discovery.o
 .debug_info    0x00008252      0x545 ./StdPeriph_Driver/src/misc.o
 .debug_info    0x00008797      0x34f ./StdPeriph_Driver/src/stm32f4xx_exti.o
 .debug_info    0x00008ae6      0x60a ./StdPeriph_Driver/src/stm32f4xx_gpio.o
 .debug_info    0x000090f0      0xc55 ./StdPeriph_Driver/src/stm32f4xx_rcc.o
 .debug_info    0x00009d45      0x274 ./StdPeriph_Driver/src/stm32f4xx_syscfg.o
 .debug_info    0x00009fb9     0x1c69 ./StdPeriph_Driver/src/stm32f4xx_tim.o
 .debug_info    0x0000bc22      0x9ca ./StdPeriph_Driver/src/stm32f4xx_usart.o

.debug_abbrev   0x00000000     0x2402
 .debug_abbrev  0x00000000       0x12 ./startup/startup_stm32f4xx.o
 .debug_abbrev  0x00000012      0x161 ./src/CLI-commands.o
 .debug_abbrev  0x00000173      0x19e ./src/FreeRTOS_CLI.o
 .debug_abbrev  0x00000311      0x11b ./src/UARTCommandConsole.o
 .debug_abbrev  0x0000042c      0x1d7 ./src/main.o
 .debug_abbrev  0x00000603      0x122 ./src/peripherals.o
 .debug_abbrev  0x00000725      0x18c ./src/pwm_ctr.o
 .debug_abbrev  0x000008b1      0x189 ./src/serial.o
 .debug_abbrev  0x00000a3a      0x130 ./src/stm32f4xx_it.o
 .debug_abbrev  0x00000b6a      0x174 ./src/syscalls.o
 .debug_abbrev  0x00000cde      0x13b ./src/system_stm32f4xx.o
 .debug_abbrev  0x00000e19       0xc1 ./src/FreeRTOS/list.o
 .debug_abbrev  0x00000eda      0x20b ./src/FreeRTOS/queue.o
 .debug_abbrev  0x000010e5      0x2a3 ./src/FreeRTOS/tasks.o
 .debug_abbrev  0x00001388      0x1c5 ./src/FreeRTOS/timers.o
 .debug_abbrev  0x0000154d       0xbc ./src/FreeRTOS/portable/MemMang/heap_3.o
 .debug_abbrev  0x00001609      0x1d1 ./src/FreeRTOS/portable/GCC/ARM_CM4F/port.o
 .debug_abbrev  0x000017da      0x188 ./Utilities/stm32f4_discovery.o
 .debug_abbrev  0x00001962      0x14a ./StdPeriph_Driver/src/misc.o
 .debug_abbrev  0x00001aac      0x1aa ./StdPeriph_Driver/src/stm32f4xx_exti.o
 .debug_abbrev  0x00001c56      0x1a8 ./StdPeriph_Driver/src/stm32f4xx_gpio.o
 .debug_abbrev  0x00001dfe      0x1e8 ./StdPeriph_Driver/src/stm32f4xx_rcc.o
 .debug_abbrev  0x00001fe6      0x136 ./StdPeriph_Driver/src/stm32f4xx_syscfg.o
 .debug_abbrev  0x0000211c      0x18c ./StdPeriph_Driver/src/stm32f4xx_tim.o
 .debug_abbrev  0x000022a8      0x15a ./StdPeriph_Driver/src/stm32f4xx_usart.o

.debug_aranges  0x00000000      0xe80
 .debug_aranges
                0x00000000       0x28 ./startup/startup_stm32f4xx.o
 .debug_aranges
                0x00000028       0x40 ./src/CLI-commands.o
 .debug_aranges
                0x00000068       0x48 ./src/FreeRTOS_CLI.o
 .debug_aranges
                0x000000b0       0x30 ./src/UARTCommandConsole.o
 .debug_aranges
                0x000000e0       0x58 ./src/main.o
 .debug_aranges
                0x00000138       0x38 ./src/peripherals.o
 .debug_aranges
                0x00000170       0x38 ./src/pwm_ctr.o
 .debug_aranges
                0x000001a8       0x50 ./src/serial.o
 .debug_aranges
                0x000001f8       0x60 ./src/stm32f4xx_it.o
 .debug_aranges
                0x00000258       0xb0 ./src/syscalls.o
 .debug_aranges
                0x00000308       0x30 ./src/system_stm32f4xx.o
 .debug_aranges
                0x00000338       0x40 ./src/FreeRTOS/list.o
 .debug_aranges
                0x00000378      0x100 ./src/FreeRTOS/queue.o
 .debug_aranges
                0x00000478      0x1b0 ./src/FreeRTOS/tasks.o
 .debug_aranges
                0x00000628       0x90 ./src/FreeRTOS/timers.o
 .debug_aranges
                0x000006b8       0x28 ./src/FreeRTOS/portable/MemMang/heap_3.o
 .debug_aranges
                0x000006e0       0x80 ./src/FreeRTOS/portable/GCC/ARM_CM4F/port.o
 .debug_aranges
                0x00000760       0x48 ./Utilities/stm32f4_discovery.o
 .debug_aranges
                0x000007a8       0x40 ./StdPeriph_Driver/src/misc.o
 .debug_aranges
                0x000007e8       0x58 ./StdPeriph_Driver/src/stm32f4xx_exti.o
 .debug_aranges
                0x00000840       0x88 ./StdPeriph_Driver/src/stm32f4xx_gpio.o
 .debug_aranges
                0x000008c8      0x178 ./StdPeriph_Driver/src/stm32f4xx_rcc.o
 .debug_aranges
                0x00000a40       0x48 ./StdPeriph_Driver/src/stm32f4xx_syscfg.o
 .debug_aranges
                0x00000a88      0x2f8 ./StdPeriph_Driver/src/stm32f4xx_tim.o
 .debug_aranges
                0x00000d80      0x100 ./StdPeriph_Driver/src/stm32f4xx_usart.o

.debug_ranges   0x00000000      0xcf8
 .debug_ranges  0x00000000       0x20 ./startup/startup_stm32f4xx.o
 .debug_ranges  0x00000020       0x30 ./src/CLI-commands.o
 .debug_ranges  0x00000050       0x38 ./src/FreeRTOS_CLI.o
 .debug_ranges  0x00000088       0x20 ./src/UARTCommandConsole.o
 .debug_ranges  0x000000a8       0x48 ./src/main.o
 .debug_ranges  0x000000f0       0x28 ./src/peripherals.o
 .debug_ranges  0x00000118       0x28 ./src/pwm_ctr.o
 .debug_ranges  0x00000140       0x40 ./src/serial.o
 .debug_ranges  0x00000180       0x50 ./src/stm32f4xx_it.o
 .debug_ranges  0x000001d0       0xa0 ./src/syscalls.o
 .debug_ranges  0x00000270       0x20 ./src/system_stm32f4xx.o
 .debug_ranges  0x00000290       0x30 ./src/FreeRTOS/list.o
 .debug_ranges  0x000002c0       0xf0 ./src/FreeRTOS/queue.o
 .debug_ranges  0x000003b0      0x1a0 ./src/FreeRTOS/tasks.o
 .debug_ranges  0x00000550       0x80 ./src/FreeRTOS/timers.o
 .debug_ranges  0x000005d0       0x18 ./src/FreeRTOS/portable/MemMang/heap_3.o
 .debug_ranges  0x000005e8       0x70 ./src/FreeRTOS/portable/GCC/ARM_CM4F/port.o
 .debug_ranges  0x00000658       0x38 ./Utilities/stm32f4_discovery.o
 .debug_ranges  0x00000690       0x30 ./StdPeriph_Driver/src/misc.o
 .debug_ranges  0x000006c0       0x48 ./StdPeriph_Driver/src/stm32f4xx_exti.o
 .debug_ranges  0x00000708       0x78 ./StdPeriph_Driver/src/stm32f4xx_gpio.o
 .debug_ranges  0x00000780      0x168 ./StdPeriph_Driver/src/stm32f4xx_rcc.o
 .debug_ranges  0x000008e8       0x38 ./StdPeriph_Driver/src/stm32f4xx_syscfg.o
 .debug_ranges  0x00000920      0x2e8 ./StdPeriph_Driver/src/stm32f4xx_tim.o
 .debug_ranges  0x00000c08       0xf0 ./StdPeriph_Driver/src/stm32f4xx_usart.o

.debug_macro    0x00000000    0x12ff6
 .debug_macro   0x00000000      0x1f0 ./src/CLI-commands.o
 .debug_macro   0x000001f0      0x87a ./src/CLI-commands.o
 .debug_macro   0x00000a6a      0x166 ./src/CLI-commands.o
 .debug_macro   0x00000bd0       0x16 ./src/CLI-commands.o
 .debug_macro   0x00000be6       0x44 ./src/CLI-commands.o
 .debug_macro   0x00000c2a      0x209 ./src/CLI-commands.o
 .debug_macro   0x00000e33      0x129 ./src/CLI-commands.o
 .debug_macro   0x00000f5c       0x52 ./src/CLI-commands.o
 .debug_macro   0x00000fae       0xe4 ./src/CLI-commands.o
 .debug_macro   0x00001092       0x10 ./src/CLI-commands.o
 .debug_macro   0x000010a2       0x1f ./src/CLI-commands.o
 .debug_macro   0x000010c1      0x36f ./src/CLI-commands.o
 .debug_macro   0x00001430       0xc0 ./src/CLI-commands.o
 .debug_macro   0x000014f0       0x70 ./src/CLI-commands.o
 .debug_macro   0x00001560       0x58 ./src/CLI-commands.o
 .debug_macro   0x000015b8       0x35 ./src/CLI-commands.o
 .debug_macro   0x000015ed       0xa2 ./src/CLI-commands.o
 .debug_macro   0x0000168f       0x16 ./src/CLI-commands.o
 .debug_macro   0x000016a5       0x35 ./src/CLI-commands.o
 .debug_macro   0x000016da       0x10 ./src/CLI-commands.o
 .debug_macro   0x000016ea       0x52 ./src/CLI-commands.o
 .debug_macro   0x0000173c       0x16 ./src/CLI-commands.o
 .debug_macro   0x00001752       0x43 ./src/CLI-commands.o
 .debug_macro   0x00001795      0x180 ./src/CLI-commands.o
 .debug_macro   0x00001915       0x10 ./src/CLI-commands.o
 .debug_macro   0x00001925       0x22 ./src/CLI-commands.o
 .debug_macro   0x00001947       0xbd ./src/CLI-commands.o
 .debug_macro   0x00001a04       0x16 ./src/CLI-commands.o
 .debug_macro   0x00001a1a      0x16c ./src/CLI-commands.o
 .debug_macro   0x00001b86       0x16 ./src/CLI-commands.o
 .debug_macro   0x00001b9c       0x16 ./src/CLI-commands.o
 .debug_macro   0x00001bb2       0x29 ./src/CLI-commands.o
 .debug_macro   0x00001bdb      0x2a6 ./src/CLI-commands.o
 .debug_macro   0x00001e81       0x10 ./src/CLI-commands.o
 .debug_macro   0x00001e91       0x1f ./src/CLI-commands.o
 .debug_macro   0x00001eb0       0x16 ./src/CLI-commands.o
 .debug_macro   0x00001ec6      0x154 ./src/FreeRTOS_CLI.o
 .debug_macro   0x0000201a       0x4a ./src/FreeRTOS_CLI.o
 .debug_macro   0x00002064      0x20f ./src/FreeRTOS_CLI.o
 .debug_macro   0x00002273      0x1de ./src/UARTCommandConsole.o
 .debug_macro   0x00002451       0x1c ./src/UARTCommandConsole.o
 .debug_macro   0x0000246d       0xb0 ./src/UARTCommandConsole.o
 .debug_macro   0x0000251d       0x7f ./src/UARTCommandConsole.o
 .debug_macro   0x0000259c      0x3a3 ./src/main.o
 .debug_macro   0x0000293f       0x97 ./src/main.o
 .debug_macro   0x000029d6       0xef ./src/main.o
 .debug_macro   0x00002ac5       0x63 ./src/main.o
 .debug_macro   0x00002b28       0x35 ./src/main.o
 .debug_macro   0x00002b5d       0x18 ./src/main.o
 .debug_macro   0x00002b75       0x42 ./src/main.o
 .debug_macro   0x00002bb7      0x8cb ./src/main.o
 .debug_macro   0x00003482     0x8057 ./src/main.o
 .debug_macro   0x0000b4d9       0x16 ./src/main.o
 .debug_macro   0x0000b4ef      0x44e ./src/main.o
 .debug_macro   0x0000b93d      0x3cf ./src/main.o
 .debug_macro   0x0000bd0c      0x111 ./src/main.o
 .debug_macro   0x0000be1d      0x182 ./src/main.o
 .debug_macro   0x0000bf9f       0xb2 ./src/main.o
 .debug_macro   0x0000c051      0x146 ./src/main.o
 .debug_macro   0x0000c197      0x477 ./src/main.o
 .debug_macro   0x0000c60e       0xac ./src/main.o
 .debug_macro   0x0000c6ba      0x241 ./src/main.o
 .debug_macro   0x0000c8fb      0x279 ./src/main.o
 .debug_macro   0x0000cb74       0xb5 ./src/main.o
 .debug_macro   0x0000cc29      0x265 ./src/main.o
 .debug_macro   0x0000ce8e      0x2b1 ./src/main.o
 .debug_macro   0x0000d13f       0x64 ./src/main.o
 .debug_macro   0x0000d1a3       0xa6 ./src/main.o
 .debug_macro   0x0000d249      0x538 ./src/main.o
 .debug_macro   0x0000d781       0x40 ./src/main.o
 .debug_macro   0x0000d7c1      0x57a ./src/main.o
 .debug_macro   0x0000dd3b      0x341 ./src/main.o
 .debug_macro   0x0000e07c      0x36a ./src/main.o
 .debug_macro   0x0000e3e6       0xdf ./src/main.o
 .debug_macro   0x0000e4c5      0x73b ./src/main.o
 .debug_macro   0x0000ec00      0x220 ./src/main.o
 .debug_macro   0x0000ee20       0x34 ./src/main.o
 .debug_macro   0x0000ee54       0x7f ./src/main.o
 .debug_macro   0x0000eed3       0x35 ./src/main.o
 .debug_macro   0x0000ef08       0x88 ./src/main.o
 .debug_macro   0x0000ef90      0x129 ./src/main.o
 .debug_macro   0x0000f0b9       0x10 ./src/main.o
 .debug_macro   0x0000f0c9      0x26f ./src/peripherals.o
 .debug_macro   0x0000f338      0x377 ./src/pwm_ctr.o
 .debug_macro   0x0000f6af      0x3a3 ./src/serial.o
 .debug_macro   0x0000fa52      0x1fc ./src/stm32f4xx_it.o
 .debug_macro   0x0000fc4e      0x190 ./src/syscalls.o
 .debug_macro   0x0000fdde       0x10 ./src/syscalls.o
 .debug_macro   0x0000fdee       0x10 ./src/syscalls.o
 .debug_macro   0x0000fdfe       0x10 ./src/syscalls.o
 .debug_macro   0x0000fe0e       0x35 ./src/syscalls.o
 .debug_macro   0x0000fe43      0x120 ./src/syscalls.o
 .debug_macro   0x0000ff63       0x10 ./src/syscalls.o
 .debug_macro   0x0000ff73      0x241 ./src/syscalls.o
 .debug_macro   0x000101b4      0x13a ./src/syscalls.o
 .debug_macro   0x000102ee       0x16 ./src/syscalls.o
 .debug_macro   0x00010304       0x22 ./src/syscalls.o
 .debug_macro   0x00010326      0x1c5 ./src/system_stm32f4xx.o
 .debug_macro   0x000104eb      0x13b ./src/FreeRTOS/list.o
 .debug_macro   0x00010626      0x1cb ./src/FreeRTOS/queue.o
 .debug_macro   0x000107f1      0x251 ./src/FreeRTOS/tasks.o
 .debug_macro   0x00010a42       0x17 ./src/FreeRTOS/tasks.o