Archive member included because of file (symbol)

c:/embedded/eclipse/plugins/fr.ac6.mcu.externaltools.arm-none.win32_1.2.0.201505291716/tools/compiler/bin/../lib/gcc/arm-none-eabi/4.9.3/../../../../arm-none-eabi/lib/armv7e-m/fpu\libc.a(lib_a-atoi.o)
                              src\CLI-commands.o (atoi)
c:/embedded/eclipse/plugins/fr.ac6.mcu.externaltools.arm-none.win32_1.2.0.201505291716/tools/compiler/bin/../lib/gcc/arm-none-eabi/4.9.3/../../../../arm-none-eabi/lib/armv7e-m/fpu\libc.a(lib_a-errno.o)
                              src\syscalls.o (__errno)
c:/embedded/eclipse/plugins/fr.ac6.mcu.externaltools.arm-none.win32_1.2.0.201505291716/tools/compiler/bin/../lib/gcc/arm-none-eabi/4.9.3/../../../../arm-none-eabi/lib/armv7e-m/fpu\libc.a(lib_a-exit.o)
                              c:/embedded/eclipse/plugins/fr.ac6.mcu.externaltools.arm-none.win32_1.2.0.201505291716/tools/compiler/bin/../lib/gcc/arm-none-eabi/4.9.3/../../../../arm-none-eabi/lib/armv7e-m/fpu/crt0.o (exit)
c:/embedded/eclipse/plugins/fr.ac6.mcu.externaltools.arm-none.win32_1.2.0.201505291716/tools/compiler/bin/../lib/gcc/arm-none-eabi/4.9.3/../../../../arm-none-eabi/lib/armv7e-m/fpu\libc.a(lib_a-impure.o)
                              c:/embedded/eclipse/plugins/fr.ac6.mcu.externaltools.arm-none.win32_1.2.0.201505291716/tools/compiler/bin/../lib/gcc/arm-none-eabi/4.9.3/../../../../arm-none-eabi/lib/armv7e-m/fpu\libc.a(lib_a-exit.o) (_global_impure_ptr)
c:/embedded/eclipse/plugins/fr.ac6.mcu.externaltools.arm-none.win32_1.2.0.201505291716/tools/compiler/bin/../lib/gcc/arm-none-eabi/4.9.3/../../../../arm-none-eabi/lib/armv7e-m/fpu\libc.a(lib_a-init.o)
                              c:/embedded/eclipse/plugins/fr.ac6.mcu.externaltools.arm-none.win32_1.2.0.201505291716/tools/compiler/bin/../lib/gcc/arm-none-eabi/4.9.3/../../../../arm-none-eabi/lib/armv7e-m/fpu/crt0.o (__libc_init_array)
c:/embedded/eclipse/plugins/fr.ac6.mcu.externaltools.arm-none.win32_1.2.0.201505291716/tools/compiler/bin/../lib/gcc/arm-none-eabi/4.9.3/../../../../arm-none-eabi/lib/armv7e-m/fpu\libc.a(lib_a-malloc.o)
                              src\FreeRTOS\portable\MemMang\heap_3.o (malloc)
c:/embedded/eclipse/plugins/fr.ac6.mcu.externaltools.arm-none.win32_1.2.0.201505291716/tools/compiler/bin/../lib/gcc/arm-none-eabi/4.9.3/../../../../arm-none-eabi/lib/armv7e-m/fpu\libc.a(lib_a-mallocr.o)
                              c:/embedded/eclipse/plugins/fr.ac6.mcu.externaltools.arm-none.win32_1.2.0.201505291716/tools/compiler/bin/../lib/gcc/arm-none-eabi/4.9.3/../../../../arm-none-eabi/lib/armv7e-m/fpu\libc.a(lib_a-malloc.o) (_malloc_r)
c:/embedded/eclipse/plugins/fr.ac6.mcu.externaltools.arm-none.win32_1.2.0.201505291716/tools/compiler/bin/../lib/gcc/arm-none-eabi/4.9.3/../../../../arm-none-eabi/lib/armv7e-m/fpu\libc.a(lib_a-memcmp.o)
                              src\FreeRTOS\tasks.o (memcmp)
c:/embedded/eclipse/plugins/fr.ac6.mcu.externaltools.arm-none.win32_1.2.0.201505291716/tools/compiler/bin/../lib/gcc/arm-none-eabi/4.9.3/../../../../arm-none-eabi/lib/armv7e-m/fpu\libc.a(lib_a-memcpy.o)
                              src\FreeRTOS\queue.o (memcpy)
c:/embedded/eclipse/plugins/fr.ac6.mcu.externaltools.arm-none.win32_1.2.0.201505291716/tools/compiler/bin/../lib/gcc/arm-none-eabi/4.9.3/../../../../arm-none-eabi/lib/armv7e-m/fpu\libc.a(lib_a-memset.o)
                              c:/embedded/eclipse/plugins/fr.ac6.mcu.externaltools.arm-none.win32_1.2.0.201505291716/tools/compiler/bin/../lib/gcc/arm-none-eabi/4.9.3/../../../../arm-none-eabi/lib/armv7e-m/fpu/crt0.o (memset)
c:/embedded/eclipse/plugins/fr.ac6.mcu.externaltools.arm-none.win32_1.2.0.201505291716/tools/compiler/bin/../lib/gcc/arm-none-eabi/4.9.3/../../../../arm-none-eabi/lib/armv7e-m/fpu\libc.a(lib_a-mlock.o)
                              c:/embedded/eclipse/plugins/fr.ac6.mcu.externaltools.arm-none.win32_1.2.0.201505291716/tools/compiler/bin/../lib/gcc/arm-none-eabi/4.9.3/../../../../arm-none-eabi/lib/armv7e-m/fpu\libc.a(lib_a-mallocr.o) (__malloc_lock)
c:/embedded/eclipse/plugins/fr.ac6.mcu.externaltools.arm-none.win32_1.2.0.201505291716/tools/compiler/bin/../lib/gcc/arm-none-eabi/4.9.3/../../../../arm-none-eabi/lib/armv7e-m/fpu\libc.a(lib_a-sbrkr.o)
                              c:/embedded/eclipse/plugins/fr.ac6.mcu.externaltools.arm-none.win32_1.2.0.201505291716/tools/compiler/bin/../lib/gcc/arm-none-eabi/4.9.3/../../../../arm-none-eabi/lib/armv7e-m/fpu\libc.a(lib_a-mallocr.o) (_sbrk_r)
c:/embedded/eclipse/plugins/fr.ac6.mcu.externaltools.arm-none.win32_1.2.0.201505291716/tools/compiler/bin/../lib/gcc/arm-none-eabi/4.9.3/../../../../arm-none-eabi/lib/armv7e-m/fpu\libc.a(lib_a-sprintf.o)
                              src\StepperControlTask.o (sprintf)
c:/embedded/eclipse/plugins/fr.ac6.mcu.externaltools.arm-none.win32_1.2.0.201505291716/tools/compiler/bin/../lib/gcc/arm-none-eabi/4.9.3/../../../../arm-none-eabi/lib/armv7e-m/fpu\libc.a(lib_a-strcpy.o)
[...]
Memory Configuration

Name             Origin             Length             Attributes
FLASH            0x08000000         0x00100000         xr
RAM              0x20000000         0x00030000         xrw
MEMORY_B1        0x60000000         0x00000000         xr
*default*        0x00000000         0xffffffff

Linker script and memory map

LOAD c:/embedded/eclipse/plugins/fr.ac6.mcu.externaltools.arm-none.win32_1.2.0.201505291716/tools/compiler/bin/../lib/gcc/arm-none-eabi/4.9.3/armv7e-m/fpu/crti.o
LOAD c:/embedded/eclipse/plugins/fr.ac6.mcu.externaltools.arm-none.win32_1.2.0.201505291716/tools/compiler/bin/../lib/gcc/arm-none-eabi/4.9.3/armv7e-m/fpu/crtbegin.o
LOAD c:/embedded/eclipse/plugins/fr.ac6.mcu.externaltools.arm-none.win32_1.2.0.201505291716/tools/compiler/bin/../lib/gcc/arm-none-eabi/4.9.3/../../../../arm-none-eabi/lib/armv7e-m/fpu/crt0.o
LOAD c:/embedded/eclipse/plugins/fr.ac6.mcu.externaltools.arm-none.win32_1.2.0.201505291716/tools/compiler/bin/../lib/gcc/arm-none-eabi/4.9.3/../../../../arm-none-eabi/lib/armv7e-m/fpu\libm.a
LOAD startup\startup_stm32f4xx.o
LOAD src\system_stm32f4xx.o
LOAD src\syscalls.o
LOAD src\stm32f4xx_it.o
LOAD src\serial.o
LOAD src\peripherals.o
LOAD src\main.o
LOAD src\UARTCommandConsoleTask.o
LOAD src\StepperControlTask.o
LOAD src\LEDControlTask.o
LOAD src\FreeRTOS_CLI.o
LOAD src\FreeRTOS\timers.o
LOAD src\FreeRTOS\tasks.o
LOAD src\FreeRTOS\queue.o
LOAD src\FreeRTOS\portable\MemMang\heap_3.o
LOAD src\FreeRTOS\portable\GCC\ARM_CM4F\port.o
LOAD src\FreeRTOS\list.o
LOAD src\FreeRTOS\event_groups.o
LOAD src\FreeRTOS\croutine.o
LOAD src\CLI-commands.o
LOAD Utilities\stm32f4_discovery_lis302dl.o
LOAD Utilities\stm32f4_discovery.o
LOAD StdPeriph_Driver\src\stm32f4xx_wwdg.o
LOAD StdPeriph_Driver\src\stm32f4xx_usart.o
LOAD StdPeriph_Driver\src\stm32f4xx_tim.o
LOAD StdPeriph_Driver\src\stm32f4xx_syscfg.o
LOAD StdPeriph_Driver\src\stm32f4xx_spi.o
LOAD StdPeriph_Driver\src\stm32f4xx_sdio.o
LOAD StdPeriph_Driver\src\stm32f4xx_rtc.o
LOAD StdPeriph_Driver\src\stm32f4xx_rng.o
LOAD StdPeriph_Driver\src\stm32f4xx_rcc.o
LOAD StdPeriph_Driver\src\stm32f4xx_pwr.o
LOAD StdPeriph_Driver\src\stm32f4xx_iwdg.o
LOAD StdPeriph_Driver\src\stm32f4xx_i2c.o
LOAD StdPeriph_Driver\src\stm32f4xx_hash_sha1.o
LOAD StdPeriph_Driver\src\stm32f4xx_hash_md5.o
LOAD StdPeriph_Driver\src\stm32f4xx_hash.o
LOAD StdPeriph_Driver\src\stm32f4xx_gpio.o
LOAD StdPeriph_Driver\src\stm32f4xx_fsmc.o
LOAD StdPeriph_Driver\src\stm32f4xx_flash.o
LOAD StdPeriph_Driver\src\stm32f4xx_exti.o
LOAD StdPeriph_Driver\src\stm32f4xx_dma.o
LOAD StdPeriph_Driver\src\stm32f4xx_dcmi.o
LOAD StdPeriph_Driver\src\stm32f4xx_dbgmcu.o
LOAD StdPeriph_Driver\src\stm32f4xx_dac.o
LOAD StdPeriph_Driver\src\stm32f4xx_cryp_tdes.o
LOAD StdPeriph_Driver\src\stm32f4xx_cryp_des.o
LOAD StdPeriph_Driver\src\stm32f4xx_cryp_aes.o
LOAD StdPeriph_Driver\src\stm32f4xx_cryp.o
LOAD StdPeriph_Driver\src\stm32f4xx_crc.o
LOAD StdPeriph_Driver\src\stm32f4xx_can.o
LOAD StdPeriph_Driver\src\stm32f4xx_adc.o
LOAD StdPeriph_Driver\src\misc.o
START GROUP
LOAD c:/embedded/eclipse/plugins/fr.ac6.mcu.externaltools.arm-none.win32_1.2.0.201505291716/tools/compiler/bin/../lib/gcc/arm-none-eabi/4.9.3/armv7e-m/fpu\libgcc.a
LOAD c:/embedded/eclipse/plugins/fr.ac6.mcu.externaltools.arm-none.win32_1.2.0.201505291716/tools/compiler/bin/../lib/gcc/arm-none-eabi/4.9.3/../../../../arm-none-eabi/lib/armv7e-m/fpu\libc.a
END GROUP
LOAD c:/embedded/eclipse/plugins/fr.ac6.mcu.externaltools.arm-none.win32_1.2.0.201505291716/tools/compiler/bin/../lib/gcc/arm-none-eabi/4.9.3/armv7e-m/fpu/crtend.o
LOAD c:/embedded/eclipse/plugins/fr.ac6.mcu.externaltools.arm-none.win32_1.2.0.201505291716/tools/compiler/bin/../lib/gcc/arm-none-eabi/4.9.3/armv7e-m/fpu/crtn.o
                0x20020000                _estack = 0x20020000
                0x00000000                _Min_Heap_Size = 0x0
                0x00000400                _Min_Stack_Size = 0x400

.isr_vector     0x08000000      0x188
                0x08000000                . = ALIGN (0x4)
 *(.isr_vector)
 .isr_vector    0x08000000      0x188 startup\startup_stm32f4xx.o
                0x08000000                g_pfnVectors
                0x08000188                . = ALIGN (0x4)

.text           0x08000188     0xa950
                0x08000188                . = ALIGN (0x4)
 *(.text)
 .text          0x08000188       0x5c c:/embedded/eclipse/plugins/fr.ac6.mcu.externaltools.arm-none.win32_1.2.0.201505291716/tools/compiler/bin/../lib/gcc/arm-none-eabi/4.9.3/armv7e-m/fpu/crtbegin.o
 .text          0x080001e4      0x134 c:/embedded/eclipse/plugins/fr.ac6.mcu.externaltools.arm-none.win32_1.2.0.201505291716/tools/compiler/bin/../lib/gcc/arm-none-eabi/4.9.3/../../../../arm-none-eabi/lib/armv7e-m/fpu\libc.a(lib_a-memcpy.o)
                0x080001e4                memcpy
 .text          0x08000318      0x370 c:/embedded/eclipse/plugins/fr.ac6.mcu.externaltools.arm-none.win32_1.2.0.201505291716/tools/compiler/bin/../lib/gcc/arm-none-eabi/4.9.3/armv7e-m/fpu\libgcc.a(_arm_addsubdf3.o)
                0x08000318                __aeabi_drsub
                0x08000320                __aeabi_dsub
                0x08000320                __subdf3
                0x08000324                __aeabi_dadd
                0x08000324                __adddf3
                0x0800059c                __floatunsidf
                0x0800059c                __aeabi_ui2d
                0x080005bc                __floatsidf
                0x080005bc                __aeabi_i2d
                0x080005e0                __aeabi_f2d
                0x080005e0                __extendsfdf2
                0x0800061c                __floatundidf
                0x0800061c                __aeabi_ul2d
                0x0800062c                __floatdidf
                0x0800062c                __aeabi_l2d
 .text          0x08000688      0x424 c:/embedded/eclipse/plugins/fr.ac6.mcu.externaltools.arm-none.win32_1.2.0.201505291716/tools/compiler/bin/../lib/gcc/arm-none-eabi/4.9.3/armv7e-m/fpu\libgcc.a(_arm_muldivdf3.o)
                0x08000688                __aeabi_dmul
                0x08000688                __muldf3
                0x080008dc                __divdf3
                0x080008dc                __aeabi_ddiv
 .text          0x08000aac      0x110 c:/embedded/eclipse/plugins/fr.ac6.mcu.externaltools.arm-none.win32_1.2.0.201505291716/tools/compiler/bin/../lib/gcc/arm-none-eabi/4.9.3/armv7e-m/fpu\libgcc.a(_arm_cmpdf2.o)
                0x08000aac                __gtdf2
                0x08000aac                __gedf2
                0x08000ab4                __ltdf2
                0x08000ab4                __ledf2
                0x08000abc                __nedf2
                0x08000abc                __eqdf2
                0x08000abc                __cmpdf2
                0x08000b38                __aeabi_cdrcmple
                0x08000b48                __aeabi_cdcmpeq
                0x08000b48                __aeabi_cdcmple
                0x08000b58                __aeabi_dcmpeq
                0x08000b6c                __aeabi_dcmplt
                0x08000b80                __aeabi_dcmple
                0x08000b94                __aeabi_dcmpge
                0x08000ba8                __aeabi_dcmpgt
 .text          0x08000bbc       0x50 c:/embedded/eclipse/plugins/fr.ac6.mcu.externaltools.arm-none.win32_1.2.0.201505291716/tools/compiler/bin/../lib/gcc/arm-none-eabi/4.9.3/armv7e-m/fpu\libgcc.a(_arm_fixdfsi.o)
                0x08000bbc                __aeabi_d2iz
                0x08000bbc                __fixdfsi
 .text          0x08000c0c       0x30 c:/embedded/eclipse/plugins/fr.ac6.mcu.externaltools.arm-none.win32_1.2.0.201505291716/tools/compiler/bin/../lib/gcc/arm-none-eabi/4.9.3/armv7e-m/fpu\libgcc.a(_aeabi_uldivmod.o)
                0x08000c0c                __aeabi_uldivmod
 .text          0x08000c3c       0x60 c:/embedded/eclipse/plugins/fr.ac6.mcu.externaltools.arm-none.win32_1.2.0.201505291716/tools/compiler/bin/../lib/gcc/arm-none-eabi/4.9.3/armv7e-m/fpu\libgcc.a(bpabi.o)
                0x08000c3c                __gnu_ldivmod_helper
                0x08000c6c                __gnu_uldivmod_helper
 .text          0x08000c9c        0x4 c:/embedded/eclipse/plugins/fr.ac6.mcu.externaltools.arm-none.win32_1.2.0.201505291716/tools/compiler/bin/../lib/gcc/arm-none-eabi/4.9.3/armv7e-m/fpu\libgcc.a(_dvmd_tls.o)
                0x08000c9c                __aeabi_idiv0
                0x08000c9c                __aeabi_ldiv0
 .text          0x08000ca0      0x29c c:/embedded/eclipse/plugins/fr.ac6.mcu.externaltools.arm-none.win32_1.2.0.201505291716/tools/compiler/bin/../lib/gcc/arm-none-eabi/4.9.3/armv7e-m/fpu\libgcc.a(_divdi3.o)
                0x08000ca0                __divdi3
 .text          0x08000f3c      0x26c c:/embedded/eclipse/plugins/fr.ac6.mcu.externaltools.arm-none.win32_1.2.0.201505291716/tools/compiler/bin/../lib/gcc/arm-none-eabi/4.9.3/armv7e-m/fpu\libgcc.a(_udivdi3.o)
                0x08000f3c                __udivdi3
 *(.text*)
 .text.Reset_Handler
                0x080011a8       0x48 startup\startup_stm32f4xx.o
                0x080011a8                Reset_Handler
 .text.Default_Handler
                0x080011f0        0x2 startup\startup_stm32f4xx.o
                0x080011f0                RTC_Alarm_IRQHandler
                0x080011f0                HASH_RNG_IRQHandler
                0x080011f0                EXTI2_IRQHandler
                0x080011f0                TIM8_CC_IRQHandler
                0x080011f0                TIM1_CC_IRQHandler
                0x080011f0                DMA2_Stream5_IRQHandler
                0x080011f0                HardFault_Handler
                0x080011f0                DMA1_Stream5_IRQHandler
                0x080011f0                PVD_IRQHandler
                0x080011f0                SDIO_IRQHandler
                0x080011f0                TAMP_STAMP_IRQHandler
                0x080011f0                CAN2_RX1_IRQHandler
                0x080011f0                EXTI3_IRQHandler
                0x080011f0                TIM8_TRG_COM_TIM14_IRQHandler
                0x080011f0                TIM1_UP_TIM10_IRQHandler
                0x080011f0                TIM8_UP_TIM13_IRQHandler
                0x080011f0                I2C3_ER_IRQHandler
                0x080011f0                EXTI0_IRQHandler
                0x080011f0                I2C2_EV_IRQHandler
                0x080011f0                DMA1_Stream2_IRQHandler
                0x080011f0                CAN1_RX0_IRQHandler
                0x080011f0                FPU_IRQHandler
                0x080011f0                OTG_HS_WKUP_IRQHandler
                0x080011f0                CAN2_SCE_IRQHandler
                0x080011f0                DMA2_Stream2_IRQHandler
                0x080011f0                SPI1_IRQHandler
                0x080011f0                TIM6_DAC_IRQHandler
                0x080011f0                TIM1_BRK_TIM9_IRQHandler
                0x080011f0                DCMI_IRQHandler
                0x080011f0                CAN2_RX0_IRQHandler
                0x080011f0                DMA2_Stream3_IRQHandler
                0x080011f0                USART6_IRQHandler
                0x080011f0                USART3_IRQHandler
                0x080011f0                CRYP_IRQHandler
                0x080011f0                CAN1_RX1_IRQHandler
                0x080011f0                UART5_IRQHandler
                0x080011f0                DMA2_Stream0_IRQHandler
                0x080011f0                I2C1_EV_IRQHandler
                0x080011f0                DMA1_Stream6_IRQHandler
                0x080011f0                DMA1_Stream1_IRQHandler
                0x080011f0                UART4_IRQHandler
                0x080011f0                RCC_IRQHandler
                0x080011f0                TIM8_BRK_TIM12_IRQHandler
                0x080011f0                Default_Handler
                0x080011f0                EXTI15_10_IRQHandler
                0x080011f0                ADC_IRQHandler
                0x080011f0                DMA1_Stream7_IRQHandler
                0x080011f0                TIM7_IRQHandler
                0x080011f0                CAN2_TX_IRQHandler
                0x080011f0                TIM5_IRQHandler
                0x080011f0                DMA2_Stream7_IRQHandler
                0x080011f0                I2C3_EV_IRQHandler
                0x080011f0                EXTI9_5_IRQHandler
                0x080011f0                RTC_WKUP_IRQHandler
                0x080011f0                ETH_WKUP_IRQHandler
                0x080011f0                SPI2_IRQHandler
                0x080011f0                OTG_HS_EP1_IN_IRQHandler
                0x080011f0                DMA1_Stream0_IRQHandler
                0x080011f0                CAN1_TX_IRQHandler
                0x080011f0                EXTI4_IRQHandler
                0x080011f0                FSMC_IRQHandler
                0x080011f0                ETH_IRQHandler
                0x080011f0                OTG_HS_EP1_OUT_IRQHandler
                0x080011f0                WWDG_IRQHandler
                0x080011f0                TIM2_IRQHandler
                0x080011f0                OTG_FS_WKUP_IRQHandler
                0x080011f0                TIM1_TRG_COM_TIM11_IRQHandler
                0x080011f0                OTG_HS_IRQHandler
                0x080011f0                EXTI1_IRQHandler
                0x080011f0                USART2_IRQHandler
                0x080011f0                I2C2_ER_IRQHandler
                0x080011f0                DMA2_Stream1_IRQHandler
                0x080011f0                CAN1_SCE_IRQHandler
                0x080011f0                FLASH_IRQHandler
                0x080011f0                DMA2_Stream4_IRQHandler
                0x080011f0                OTG_FS_IRQHandler
                0x080011f0                SPI3_IRQHandler
                0x080011f0                DMA1_Stream4_IRQHandler
                0x080011f0                I2C1_ER_IRQHandler
                0x080011f0                DMA2_Stream6_IRQHandler
                0x080011f0                DMA1_Stream3_IRQHandler
 *fill*         0x080011f2        0x2 
 .text.SystemInit
                0x080011f4       0x68 src\system_stm32f4xx.o
                0x080011f4                SystemInit
 .text.SystemCoreClockUpdate
                0x0800125c       0xf8 src\system_stm32f4xx.o
                0x0800125c                SystemCoreClockUpdate
 .text.SetSysClock
                0x08001354      0x128 src\system_stm32f4xx.o
 .text._sbrk    0x0800147c       0x58 src\syscalls.o
                0x0800147c                _sbrk
 .text.NMI_Handler
                0x080014d4        0xc src\stm32f4xx_it.o
                0x080014d4                NMI_Handler
 .text.MemManage_Handler
                0x080014e0        0x8 src\stm32f4xx_it.o
                0x080014e0                MemManage_Handler
 .text.BusFault_Handler
                0x080014e8        0x8 src\stm32f4xx_it.o
                0x080014e8                BusFault_Handler
 .text.UsageFault_Handler
                0x080014f0        0x8 src\stm32f4xx_it.o
                0x080014f0                UsageFault_Handler
 .text.DebugMon_Handler
                0x080014f8        0xc src\stm32f4xx_it.o
                0x080014f8                DebugMon_Handler
 .text.USART1_IRQHandler
                0x08001504        0xc src\stm32f4xx_it.o
                0x08001504                USART1_IRQHandler
 .text.TIM3_IRQHandler
                0x08001510       0x24 src\stm32f4xx_it.o
                0x08001510                TIM3_IRQHandler
 .text.TIM4_IRQHandler
                0x08001534       0x24 src\stm32f4xx_it.o
                0x08001534                TIM4_IRQHandler
 .text.xSerialPortInitMinimal
                0x08001558       0x60 src\serial.o
                0x08001558                xSerialPortInitMinimal
 .text.xSerialGetChar
                0x080015b8       0x34 src\serial.o
                0x080015b8                xSerialGetChar
 .text.vSerialPutString
                0x080015ec       0x3c src\serial.o
                0x080015ec                vSerialPutString
 .text.UART_write
                0x08001628       0x44 src\serial.o
                0x08001628                UART_write
 .text.xSerialPutChar
                0x0800166c       0x50 src\serial.o
                0x0800166c                xSerialPutChar
 .text.vUARTInterruptHandler
                0x080016bc       0xa8 src\serial.o
                0x080016bc                vUARTInterruptHandler
 .text.LED_Config
                0x08001764       0x40 src\peripherals.o
                0x08001764                LED_Config
 .text.TIM3_Config
                0x080017a4       0xa4 src\peripherals.o
                0x080017a4                TIM3_Config
 .text.TIM4_Config
                0x08001848       0x34 src\peripherals.o
                0x08001848                TIM4_Config
 .text.UART_Config
                0x0800187c       0xb4 src\peripherals.o
                0x0800187c                UART_Config
 .text.Stepper_Drive_Control_GPIO_Config
                0x08001930       0x64 src\peripherals.o
                0x08001930                Stepper_Drive_Control_GPIO_Config
 .text.OPTO_Config
                0x08001994       0x34 src\peripherals.o
                0x08001994                OPTO_Config
 .text.vConfigureTimerForRunTimeStats
                0x080019c8       0x68 src\main.o
                0x080019c8                vConfigureTimerForRunTimeStats
 .text.updatetasktimtick
                0x08001a30       0x1c src\main.o
                0x08001a30                updatetasktimtick
 .text.vApplicationIdleHook
                0x08001a4c        0xc src\main.o
                0x08001a4c                vApplicationIdleHook
 .text.vApplicationStackOverflowHook
                0x08001a58       0x14 src\main.o
                0x08001a58                vApplicationStackOverflowHook
 .text.vApplicationTickHook
                0x08001a6c        0xc src\main.o
                0x08001a6c                vApplicationTickHook
 .text.vApplicationMallocFailedHook
                0x08001a78        0xc src\main.o
                0x08001a78                vApplicationMallocFailedHook
 .text.main     0x08001a84       0x70 src\main.o
                0x08001a84                main
 .text.vUARTCommandConsoleStart
                0x08001af4       0x64 src\UARTCommandConsoleTask.o
                0x08001af4                vUARTCommandConsoleStart
 .text.prvUARTCommandConsoleTask
                0x08001b58      0x184 src\UARTCommandConsoleTask.o
 .text.vMotorControlStart
                0x08001cdc       0x38 src\StepperControlTask.o
                0x08001cdc                vMotorControlStart
 .text.prvMotorControlTask
                0x08001d14       0x14 src\StepperControlTask.o
 .text.pwm_initconfig
                0x08001d28       0xd0 src\StepperControlTask.o
                0x08001d28                pwm_initconfig
 .text.pwm_steps
                0x08001df8       0x8c src\StepperControlTask.o
                0x08001df8                pwm_steps
 .text.pwm_deinitconfig
                0x08001e84       0x60 src\StepperControlTask.o
                0x08001e84                pwm_deinitconfig
 .text.Stepper_Control
                0x08001ee4       0x30 src\StepperControlTask.o
                0x08001ee4                Stepper_Control
 .text.Stepper_Direction
                0x08001f14       0x38 src\StepperControlTask.o
                0x08001f14                Stepper_Direction
 .text.pulse_counter
                0x08001f4c       0x44 src\StepperControlTask.o
                0x08001f4c                pulse_counter
 .text.cycle_counter
                0x08001f90       0xa0 src\StepperControlTask.o
                0x08001f90                cycle_counter
 .text.vLEDControlStart
                0x08002030       0x38 src\LEDControlTask.o
                0x08002030                vLEDControlStart
 .text.prvLEDControlTask
                0x08002068       0x68 src\LEDControlTask.o
 .text.FreeRTOS_CLIRegisterCommand
                0x080020d0       0x84 src\FreeRTOS_CLI.o
                0x080020d0                FreeRTOS_CLIRegisterCommand
 .text.FreeRTOS_CLIProcessCommand
                0x08002154      0x10c src\FreeRTOS_CLI.o
                0x08002154                FreeRTOS_CLIProcessCommand
 .text.FreeRTOS_CLIGetOutputBuffer
                0x08002260       0x14 src\FreeRTOS_CLI.o
                0x08002260                FreeRTOS_CLIGetOutputBuffer
 .text.FreeRTOS_CLIGetParameter
                0x08002274       0xb0 src\FreeRTOS_CLI.o
                0x08002274                FreeRTOS_CLIGetParameter
 .text.prvHelpCommand
                0x08002324       0x5c src\FreeRTOS_CLI.o
 .text.prvGetNumberOfParameters
                0x08002380       0x64 src\FreeRTOS_CLI.o
 .text.xTimerCreateTimerTask
                0x080023e4       0x68 src\FreeRTOS\timers.o
                0x080023e4                xTimerCreateTimerTask
 .text.xTimerGenericCommand
                0x0800244c       0x8c src\FreeRTOS\timers.o
                0x0800244c                xTimerGenericCommand
 .text.prvProcessExpiredTimer
                0x080024d8       0x80 src\FreeRTOS\timers.o
 .text.prvTimerTask
                0x08002558       0x24 src\FreeRTOS\timers.o
 .text.prvProcessTimerOrBlockTask
                0x0800257c       0x7c src\FreeRTOS\timers.o
 .text.prvGetNextExpireTime
                0x080025f8       0x48 src\FreeRTOS\timers.o
 .text.prvSampleTimeNow
                0x08002640       0x40 src\FreeRTOS\timers.o
 .text.prvInsertTimerInActiveList
                0x08002680       0x84 src\FreeRTOS\timers.o
 .text.prvProcessReceivedCommands
                0x08002704      0x12c src\FreeRTOS\timers.o
 .text.prvSwitchTimerLists
                0x08002830       0xc0 src\FreeRTOS\timers.o
 .text.prvCheckForValidListAndQueue
                0x080028f0       0x8c src\FreeRTOS\timers.o
 .text.xTaskGenericCreate
                0x0800297c      0x1a4 src\FreeRTOS\tasks.o
                0x0800297c                xTaskGenericCreate
 .text.vTaskDelay
                0x08002b20       0xa4 src\FreeRTOS\tasks.o
                0x08002b20                vTaskDelay
 .text.vTaskStartScheduler
                0x08002bc4       0x94 src\FreeRTOS\tasks.o
                0x08002bc4                vTaskStartScheduler
 .text.vTaskSuspendAll
                0x08002c58       0x1c src\FreeRTOS\tasks.o
                0x08002c58                vTaskSuspendAll
 .text.xTaskResumeAll
                0x08002c74      0x12c src\FreeRTOS\tasks.o
                0x08002c74                xTaskResumeAll
 .text.xTaskGetTickCount
                0x08002da0       0x20 src\FreeRTOS\tasks.o
                0x08002da0                xTaskGetTickCount
 .text.uxTaskGetSystemState
                0x08002dc0       0xe0 src\FreeRTOS\tasks.o
                0x08002dc0                uxTaskGetSystemState
 .text.xTaskIncrementTick
                0x08002ea0      0x190 src\FreeRTOS\tasks.o
                0x08002ea0                xTaskIncrementTick
 .text.vTaskSwitchContext
                0x08003030      0x138 src\FreeRTOS\tasks.o
                0x08003030                vTaskSwitchContext
 .text.vTaskPlaceOnEventList
                0x08003168       0x80 src\FreeRTOS\tasks.o
                0x08003168                vTaskPlaceOnEventList
 .text.vTaskPlaceOnEventListRestricted
                0x080031e8       0x80 src\FreeRTOS\tasks.o
                0x080031e8                vTaskPlaceOnEventListRestricted
 .text.xTaskRemoveFromEventList
                0x08003268       0xc8 src\FreeRTOS\tasks.o
                0x08003268                xTaskRemoveFromEventList
 .text.vTaskSetTimeOutState
                0x08003330       0x44 src\FreeRTOS\tasks.o
                0x08003330                vTaskSetTimeOutState
 .text.xTaskCheckForTimeOut
                0x08003374       0xac src\FreeRTOS\tasks.o
                0x08003374                xTaskCheckForTimeOut
 .text.vTaskMissedYield
                0x08003420       0x18 src\FreeRTOS\tasks.o
                0x08003420                vTaskMissedYield
 .text.prvIdleTask
                0x08003438       0x34 src\FreeRTOS\tasks.o
 .text.prvInitialiseTCBVariables
                0x0800346c       0xac src\FreeRTOS\tasks.o
 .text.prvInitialiseTaskLists
                0x08003518       0x74 src\FreeRTOS\tasks.o
 .text.prvCheckTasksWaitingTermination
                0x0800358c       0x74 src\FreeRTOS\tasks.o
 .text.prvAddCurrentTaskToDelayedList
                0x08003600       0x6c src\FreeRTOS\tasks.o
 .text.prvAllocateTCBAndStack
                0x0800366c       0x70 src\FreeRTOS\tasks.o
 .text.prvListTaskWithinSingleList
                0x080036dc      0x100 src\FreeRTOS\tasks.o
 .text.prvTaskCheckFreeStackSpace
                0x080037dc       0x38 src\FreeRTOS\tasks.o
 .text.prvDeleteTCB
                0x08003814       0x20 src\FreeRTOS\tasks.o
 .text.prvResetNextTaskUnblockTime
                0x08003834       0x48 src\FreeRTOS\tasks.o
 .text.xTaskGetSchedulerState
                0x0800387c       0x3c src\FreeRTOS\tasks.o
                0x0800387c                xTaskGetSchedulerState
 .text.vTaskPriorityInherit
                0x080038b8       0xf0 src\FreeRTOS\tasks.o
                0x080038b8                vTaskPriorityInherit
 .text.xTaskPriorityDisinherit
                0x080039a8       0xe8 src\FreeRTOS\tasks.o
                0x080039a8                xTaskPriorityDisinherit
 .text.prvWriteNameToBuffer
                0x08003a90       0x4c src\FreeRTOS\tasks.o
 .text.vTaskList
                0x08003adc       0xf8 src\FreeRTOS\tasks.o
                0x08003adc                vTaskList
 .text.vTaskGetRunTimeStats
                0x08003bd4       0xe4 src\FreeRTOS\tasks.o
                0x08003bd4                vTaskGetRunTimeStats
 .text.pvTaskIncrementMutexHeldCount
                0x08003cb8       0x28 src\FreeRTOS\tasks.o
                0x08003cb8                pvTaskIncrementMutexHeldCount
 .text.xQueueGenericReset
                0x08003ce0       0xd0 src\FreeRTOS\queue.o
                0x08003ce0                xQueueGenericReset
 .text.xQueueGenericCreate
                0x08003db0       0xb8 src\FreeRTOS\queue.o
                0x08003db0                xQueueGenericCreate
 .text.xQueueCreateMutex
                0x08003e68       0xa0 src\FreeRTOS\queue.o
                0x08003e68                xQueueCreateMutex
 .text.xQueueGenericSend
                0x08003f08      0x1ec src\FreeRTOS\queue.o
                0x08003f08                xQueueGenericSend
 .text.xQueueGenericSendFromISR
                0x080040f4      0x118 src\FreeRTOS\queue.o
                0x080040f4                xQueueGenericSendFromISR
 .text.xQueueGenericReceive
                0x0800420c      0x20c src\FreeRTOS\queue.o
                0x0800420c                xQueueGenericReceive
 .text.xQueueReceiveFromISR
                0x08004418       0xe8 src\FreeRTOS\queue.o
                0x08004418                xQueueReceiveFromISR
 .text.prvCopyDataToQueue
                0x08004500       0xdc src\FreeRTOS\queue.o
 .text.prvCopyDataFromQueue
                0x080045dc       0x4c src\FreeRTOS\queue.o
 .text.prvUnlockQueue
                0x08004628       0x98 src\FreeRTOS\queue.o
 .text.prvIsQueueEmpty
                0x080046c0       0x2c src\FreeRTOS\queue.o
 .text.prvIsQueueFull
                0x080046ec       0x30 src\FreeRTOS\queue.o
 .text.vQueueAddToRegistry
                0x0800471c       0x50 src\FreeRTOS\queue.o
                0x0800471c                vQueueAddToRegistry
 .text.vQueueWaitForMessageRestricted
                0x0800476c       0x58 src\FreeRTOS\queue.o
                0x0800476c                vQueueWaitForMessageRestricted
 .text.pvPortMalloc
                0x080047c4       0x30 src\FreeRTOS\portable\MemMang\heap_3.o
                0x080047c4                pvPortMalloc
 .text.vPortFree
                0x080047f4       0x24 src\FreeRTOS\portable\MemMang\heap_3.o
                0x080047f4                vPortFree
 .text.pxPortInitialiseStack
                0x08004818       0x64 src\FreeRTOS\portable\GCC\ARM_CM4F\port.o
                0x08004818                pxPortInitialiseStack
 .text.prvTaskExitError
                0x0800487c       0x3c src\FreeRTOS\portable\GCC\ARM_CM4F\port.o
 .text.SVC_Handler
                0x080048b8       0x20 src\FreeRTOS\portable\GCC\ARM_CM4F\port.o
                0x080048b8                SVC_Handler
 .text.prvPortStartFirstTask
                0x080048d8       0x20 src\FreeRTOS\portable\GCC\ARM_CM4F\port.o
 .text.xPortStartScheduler
                0x080048f8       0xd0 src\FreeRTOS\portable\GCC\ARM_CM4F\port.o
                0x080048f8                xPortStartScheduler
 .text.vPortEnterCritical
                0x080049c8       0x5c src\FreeRTOS\portable\GCC\ARM_CM4F\port.o
                0x080049c8                vPortEnterCritical
 .text.vPortExitCritical
                0x08004a24       0x4c src\FreeRTOS\portable\GCC\ARM_CM4F\port.o
                0x08004a24                vPortExitCritical
 .text.PendSV_Handler
                0x08004a70       0x60 src\FreeRTOS\portable\GCC\ARM_CM4F\port.o
                0x08004a70                PendSV_Handler
 .text.SysTick_Handler
                0x08004ad0       0x44 src\FreeRTOS\portable\GCC\ARM_CM4F\port.o
                0x08004ad0                SysTick_Handler
 .text.vPortSetupTimerInterrupt
                0x08004b14       0x34 src\FreeRTOS\portable\GCC\ARM_CM4F\port.o
                0x08004b14                vPortSetupTimerInterrupt
 .text.vPortEnableVFP
                0x08004b48       0x14 src\FreeRTOS\portable\GCC\ARM_CM4F\port.o
 .text.vPortValidateInterruptPriority
                0x08004b5c       0x78 src\FreeRTOS\portable\GCC\ARM_CM4F\port.o
                0x08004b5c                vPortValidateInterruptPriority
 .text.vListInitialise
                0x08004bd4       0x40 src\FreeRTOS\list.o
                0x08004bd4                vListInitialise
 .text.vListInitialiseItem
                0x08004c14       0x18 src\FreeRTOS\list.o
                0x08004c14                vListInitialiseItem
 .text.vListInsertEnd
                0x08004c2c       0x48 src\FreeRTOS\list.o
                0x08004c2c                vListInsertEnd
 .text.vListInsert
                0x08004c74       0x70 src\FreeRTOS\list.o
                0x08004c74                vListInsert
 .text.uxListRemove
                0x08004ce4       0x54 src\FreeRTOS\list.o
                0x08004ce4                uxListRemove
 .text.vRegisterCLICommands
                0x08004d38       0x44 src\CLI-commands.o
                0x08004d38                vRegisterCLICommands
 .text.prvClampCycleCommand
                0x08004d7c       0xc0 src\CLI-commands.o
 .text.prvStepperControlCommand
                0x08004e3c      0x1a4 src\CLI-commands.o
 .text.prvTaskStatsCommand
                0x08004fe0       0x94 src\CLI-commands.o
 .text.prvRunTimeStatsCommand
                0x08005074       0x94 src\CLI-commands.o
 .text.prvThreeParameterEchoCommand
                0x08005108      0x100 src\CLI-commands.o
 .text.prvParameterEchoCommand
                0x08005208       0xec src\CLI-commands.o
 .text.STM_EVAL_LEDToggle
                0x080052f4       0x3c Utilities\stm32f4_discovery.o
                0x080052f4                STM_EVAL_LEDToggle
 .text.STM_EVAL_PBInit
                0x08005330       0x94 Utilities\stm32f4_discovery.o
                0x08005330                STM_EVAL_PBInit
 .text.USART_Init
                0x080053c4      0x178 StdPeriph_Driver\src\stm32f4xx_usart.o
                0x080053c4                USART_Init
 .text.USART_Cmd
                0x0800553c       0x40 StdPeriph_Driver\src\stm32f4xx_usart.o
                0x0800553c                USART_Cmd
 .text.USART_SendData
                0x0800557c       0x24 StdPeriph_Driver\src\stm32f4xx_usart.o
                0x0800557c                USART_SendData
 .text.USART_ReceiveData
                0x080055a0       0x20 StdPeriph_Driver\src\stm32f4xx_usart.o
                0x080055a0                USART_ReceiveData
 .text.USART_ITConfig
                0x080055c0       0x90 StdPeriph_Driver\src\stm32f4xx_usart.o
                0x080055c0                USART_ITConfig
 .text.USART_GetITStatus
                0x08005650       0xb8 StdPeriph_Driver\src\stm32f4xx_usart.o
                0x08005650                USART_GetITStatus
 .text.TIM_TimeBaseInit
                0x08005708       0xd4 StdPeriph_Driver\src\stm32f4xx_tim.o
                0x08005708                TIM_TimeBaseInit
 .text.TIM_ARRPreloadConfig
                0x080057dc       0x40 StdPeriph_Driver\src\stm32f4xx_tim.o
                0x080057dc                TIM_ARRPreloadConfig
 .text.TIM_Cmd  0x0800581c       0x40 StdPeriph_Driver\src\stm32f4xx_tim.o
                0x0800581c                TIM_Cmd
 .text.TIM_OC1Init
                0x0800585c       0xf4 StdPeriph_Driver\src\stm32f4xx_tim.o
                0x0800585c                TIM_OC1Init
 .text.TIM_OC1PreloadConfig
                0x08005950       0x38 StdPeriph_Driver\src\stm32f4xx_tim.o
                0x08005950                TIM_OC1PreloadConfig
 .text.TIM_ITConfig
                0x08005988       0x48 StdPeriph_Driver\src\stm32f4xx_tim.o
                0x08005988                TIM_ITConfig
 .text.TIM_GetITStatus
                0x080059d0       0x54 StdPeriph_Driver\src\stm32f4xx_tim.o
                0x080059d0                TIM_GetITStatus
 .text.TIM_ClearITPendingBit
                0x08005a24       0x20 StdPeriph_Driver\src\stm32f4xx_tim.o
                0x08005a24                TIM_ClearITPendingBit
 .text.SYSCFG_EXTILineConfig
                0x08005a44       0x84 StdPeriph_Driver\src\stm32f4xx_syscfg.o
                0x08005a44                SYSCFG_EXTILineConfig
 .text.RCC_GetClocksFreq
                0x08005ac8      0x154 StdPeriph_Driver\src\stm32f4xx_rcc.o
                0x08005ac8                RCC_GetClocksFreq
 .text.RCC_AHB1PeriphClockCmd
                0x08005c1c       0x3c StdPeriph_Driver\src\stm32f4xx_rcc.o
                0x08005c1c                RCC_AHB1PeriphClockCmd
 .text.RCC_APB1PeriphClockCmd
                0x08005c58       0x3c StdPeriph_Driver\src\stm32f4xx_rcc.o
                0x08005c58                RCC_APB1PeriphClockCmd
 .text.RCC_APB2PeriphClockCmd
                0x08005c94       0x3c StdPeriph_Driver\src\stm32f4xx_rcc.o
                0x08005c94                RCC_APB2PeriphClockCmd
 .text.GPIO_Init
                0x08005cd0      0x11c StdPeriph_Driver\src\stm32f4xx_gpio.o
                0x08005cd0                GPIO_Init
 .text.GPIO_SetBits
                0x08005dec       0x1c StdPeriph_Driver\src\stm32f4xx_gpio.o
                0x08005dec                GPIO_SetBits
 .text.GPIO_ResetBits
                0x08005e08       0x1c StdPeriph_Driver\src\stm32f4xx_gpio.o
                0x08005e08                GPIO_ResetBits
 .text.GPIO_PinAFConfig
                0x08005e24       0x90 StdPeriph_Driver\src\stm32f4xx_gpio.o
                0x08005e24                GPIO_PinAFConfig
 .text.EXTI_Init
                0x08005eb4       0xe4 StdPeriph_Driver\src\stm32f4xx_exti.o
                0x08005eb4                EXTI_Init
 .text.NVIC_PriorityGroupConfig
                0x08005f98       0x24 StdPeriph_Driver\src\misc.o
                0x08005f98                NVIC_PriorityGroupConfig
 .text.NVIC_Init
                0x08005fbc       0xc0 StdPeriph_Driver\src\misc.o
                0x08005fbc                NVIC_Init
 .text.NVIC_SetVectorTable
                0x0800607c       0x2c StdPeriph_Driver\src\misc.o
                0x0800607c                NVIC_SetVectorTable
 .text.SysTick_CLKSourceConfig
                0x080060a8       0x38 StdPeriph_Driver\src\misc.o
                0x080060a8                SysTick_CLKSourceConfig
 .text.atoi     0x080060e0        0x8 c:/embedded/eclipse/plugins/fr.ac6.mcu.externaltools.arm-none.win32_1.2.0.201505291716/tools/compiler/bin/../lib/gcc/arm-none-eabi/4.9.3/../../../../arm-none-eabi/lib/armv7e-m/fpu\libc.a(lib_a-atoi.o)
                0x080060e0                atoi
 .text.__errno  0x080060e8        0xc c:/embedded/eclipse/plugins/fr.ac6.mcu.externaltools.arm-none.win32_1.2.0.201505291716/tools/compiler/bin/../lib/gcc/arm-none-eabi/4.9.3/../../../../arm-none-eabi/lib/armv7e-m/fpu\libc.a(lib_a-errno.o)
                0x080060e8                __errno
 .text.__libc_init_array
                0x080060f4       0x50 c:/embedded/eclipse/plugins/fr.ac6.mcu.externaltools.arm-none.win32_1.2.0.201505291716/tools/compiler/bin/../lib/gcc/arm-none-eabi/4.9.3/../../../../arm-none-eabi/lib/armv7e-m/fpu\libc.a(lib_a-init.o)
                0x080060f4                __libc_init_array
 .text.malloc   0x08006144       0x10 c:/embedded/eclipse/plugins/fr.ac6.mcu.externaltools.arm-none.win32_1.2.0.201505291716/tools/compiler/bin/../lib/gcc/arm-none-eabi/4.9.3/../../../../arm-none-eabi/lib/armv7e-m/fpu\libc.a(lib_a-malloc.o)
                0x08006144                malloc
 .text.free     0x08006154       0x10 c:/embedded/eclipse/plugins/fr.ac6.mcu.externaltools.arm-none.win32_1.2.0.201505291716/tools/compiler/bin/../lib/gcc/arm-none-eabi/4.9.3/../../../../arm-none-eabi/lib/armv7e-m/fpu\libc.a(lib_a-malloc.o)
                0x08006154                free
 .text._malloc_r
                0x08006164      0x524 c:/embedded/eclipse/plugins/fr.ac6.mcu.externaltools.arm-none.win32_1.2.0.201505291716/tools/compiler/bin/../lib/gcc/arm-none-eabi/4.9.3/../../../../arm-none-eabi/lib/armv7e-m/fpu\libc.a(lib_a-mallocr.o)
                0x08006164                _malloc_r
 .text.memcmp   0x08006688       0x64 c:/embedded/eclipse/plugins/fr.ac6.mcu.externaltools.arm-none.win32_1.2.0.201505291716/tools/compiler/bin/../lib/gcc/arm-none-eabi/4.9.3/../../../../arm-none-eabi/lib/armv7e-m/fpu\libc.a(lib_a-memcmp.o)
                0x08006688                memcmp
 .text.memset   0x080066ec       0x9c c:/embedded/eclipse/plugins/fr.ac6.mcu.externaltools.arm-none.win32_1.2.0.201505291716/tools/compiler/bin/../lib/gcc/arm-none-eabi/4.9.3/../../../../arm-none-eabi/lib/armv7e-m/fpu\libc.a(lib_a-memset.o)
                0x080066ec                memset
 .text.__malloc_lock
                0x08006788        0x4 c:/embedded/eclipse/plugins/fr.ac6.mcu.externaltools.arm-none.win32_1.2.0.201505291716/tools/compiler/bin/../lib/gcc/arm-none-eabi/4.9.3/../../../../arm-none-eabi/lib/armv7e-m/fpu\libc.a(lib_a-mlock.o)
                0x08006788                __malloc_lock
 .text.__malloc_unlock
                0x0800678c        0x4 c:/embedded/eclipse/plugins/fr.ac6.mcu.externaltools.arm-none.win32_1.2.0.201505291716/tools/compiler/bin/../lib/gcc/arm-none-eabi/4.9.3/../../../../arm-none-eabi/lib/armv7e-m/fpu\libc.a(lib_a-mlock.o)
                0x0800678c                __malloc_unlock
 .text._sbrk_r  0x08006790       0x24 c:/embedded/eclipse/plugins/fr.ac6.mcu.externaltools.arm-none.win32_1.2.0.201505291716/tools/compiler/bin/../lib/gcc/arm-none-eabi/4.9.3/../../../../arm-none-eabi/lib/armv7e-m/fpu\libc.a(lib_a-sbrkr.o)
                0x08006790                _sbrk_r
 .text.sprintf  0x080067b4       0x4c c:/embedded/eclipse/plugins/fr.ac6.mcu.externaltools.arm-none.win32_1.2.0.201505291716/tools/compiler/bin/../lib/gcc/arm-none-eabi/4.9.3/../../../../arm-none-eabi/lib/armv7e-m/fpu\libc.a(lib_a-sprintf.o)
                0x080067b4                sprintf
 .text.strcpy   0x08006800       0xbc c:/embedded/eclipse/plugins/fr.ac6.mcu.externaltools.arm-none.win32_1.2.0.201505291716/tools/compiler/bin/../lib/gcc/arm-none-eabi/4.9.3/../../../../arm-none-eabi/lib/armv7e-m/fpu\libc.a(lib_a-strcpy.o)
                0x08006800                strcpy
 .text.strlen   0x080068bc       0x5c c:/embedded/eclipse/plugins/fr.ac6.mcu.externaltools.arm-none.win32_1.2.0.201505291716/tools/compiler/bin/../lib/gcc/arm-none-eabi/4.9.3/../../../../arm-none-eabi/lib/armv7e-m/fpu\libc.a(lib_a-strlen.o)
                0x080068bc                strlen
 .text.strncat  0x08006918       0x5c c:/embedded/eclipse/plugins/fr.ac6.mcu.externaltools.arm-none.win32_1.2.0.201505291716/tools/compiler/bin/../lib/gcc/arm-none-eabi/4.9.3/../../../../arm-none-eabi/lib/armv7e-m/fpu\libc.a(lib_a-strncat.o)
                0x08006918                strncat
 .text.strncmp  0x08006974       0x98 c:/embedded/eclipse/plugins/fr.ac6.mcu.externaltools.arm-none.win32_1.2.0.201505291716/tools/compiler/bin/../lib/gcc/arm-none-eabi/4.9.3/../../../../arm-none-eabi/lib/armv7e-m/fpu\libc.a(lib_a-strncmp.o)
                0x08006974                strncmp
 .text.strncpy  0x08006a0c       0x68 c:/embedded/eclipse/plugins/fr.ac6.mcu.externaltools.arm-none.win32_1.2.0.201505291716/tools/compiler/bin/../lib/gcc/arm-none-eabi/4.9.3/../../../../arm-none-eabi/lib/armv7e-m/fpu\libc.a(lib_a-strncpy.o)
                0x08006a0c                strncpy
 .text._strtol_r
                0x08006a74      0x11c c:/embedded/eclipse/plugins/fr.ac6.mcu.externaltools.arm-none.win32_1.2.0.201505291716/tools/compiler/bin/../lib/gcc/arm-none-eabi/4.9.3/../../../../arm-none-eabi/lib/armv7e-m/fpu\libc.a(lib_a-strtol.o)
                0x08006a74                _strtol_r
 .text.strtol   0x08006b90       0x18 c:/embedded/eclipse/plugins/fr.ac6.mcu.externaltools.arm-none.win32_1.2.0.201505291716/tools/compiler/bin/../lib/gcc/arm-none-eabi/4.9.3/../../../../arm-none-eabi/lib/armv7e-m/fpu\libc.a(lib_a-strtol.o)
                0x08006b90                strtol
 .text._svfprintf_r
                0x08006ba8     0x14d0 c:/embedded/eclipse/plugins/fr.ac6.mcu.externaltools.arm-none.win32_1.2.0.201505291716/tools/compiler/bin/../lib/gcc/arm-none-eabi/4.9.3/../../../../arm-none-eabi/lib/armv7e-m/fpu\libc.a(lib_a-svfprintf.o)
                0x08006ba8                _svfprintf_r
 .text.startup.register_fini
                0x08008078       0x14 c:/embedded/eclipse/plugins/fr.ac6.mcu.externaltools.arm-none.win32_1.2.0.201505291716/tools/compiler/bin/../lib/gcc/arm-none-eabi/4.9.3/../../../../arm-none-eabi/lib/armv7e-m/fpu\libc.a(lib_a-__call_atexit.o)
 .text.atexit   0x0800808c        0xc c:/embedded/eclipse/plugins/fr.ac6.mcu.externaltools.arm-none.win32_1.2.0.201505291716/tools/compiler/bin/../lib/gcc/arm-none-eabi/4.9.3/../../../../arm-none-eabi/lib/armv7e-m/fpu\libc.a(lib_a-atexit.o)
                0x0800808c                atexit
 .text.quorem   0x08008098      0x12c c:/embedded/eclipse/plugins/fr.ac6.mcu.externaltools.arm-none.win32_1.2.0.201505291716/tools/compiler/bin/../lib/gcc/arm-none-eabi/4.9.3/../../../../arm-none-eabi/lib/armv7e-m/fpu\libc.a(lib_a-dtoa.o)
 *fill*         0x080081c4        0x4 
 .text._dtoa_r  0x080081c8      0xea8 c:/embedded/eclipse/plugins/fr.ac6.mcu.externaltools.arm-none.win32_1.2.0.201505291716/tools/compiler/bin/../lib/gcc/arm-none-eabi/4.9.3/../../../../arm-none-eabi/lib/armv7e-m/fpu\libc.a(lib_a-dtoa.o)
                0x080081c8                _dtoa_r
 .text.__libc_fini_array
                0x08009070       0x2c c:/embedded/eclipse/plugins/fr.ac6.mcu.externaltools.arm-none.win32_1.2.0.201505291716/tools/compiler/bin/../lib/gcc/arm-none-eabi/4.9.3/../../../../arm-none-eabi/lib/armv7e-m/fpu\libc.a(lib_a-fini.o)
                0x08009070                __libc_fini_array
 .text._malloc_trim_r
                0x0800909c       0x9c c:/embedded/eclipse/plugins/fr.ac6.mcu.externaltools.arm-none.win32_1.2.0.201505291716/tools/compiler/bin/../lib/gcc/arm-none-eabi/4.9.3/../../../../arm-none-eabi/lib/armv7e-m/fpu\libc.a(lib_a-freer.o)
                0x0800909c                _malloc_trim_r
 .text._free_r  0x08009138      0x1b0 c:/embedded/eclipse/plugins/fr.ac6.mcu.externaltools.arm-none.win32_1.2.0.201505291716/tools/compiler/bin/../lib/gcc/arm-none-eabi/4.9.3/../../../../arm-none-eabi/lib/armv7e-m/fpu\libc.a(lib_a-freer.o)
                0x08009138                _free_r
 .text._localeconv_r
                0x080092e8        0x8 c:/embedded/eclipse/plugins/fr.ac6.mcu.externaltools.arm-none.win32_1.2.0.201505291716/tools/compiler/bin/../lib/gcc/arm-none-eabi/4.9.3/../../../../arm-none-eabi/lib/armv7e-m/fpu\libc.a(lib_a-locale.o)
                0x080092e8                _localeconv_r
 .text.memchr   0x080092f0       0x94 c:/embedded/eclipse/plugins/fr.ac6.mcu.externaltools.arm-none.win32_1.2.0.201505291716/tools/compiler/bin/../lib/gcc/arm-none-eabi/4.9.3/../../../../arm-none-eabi/lib/armv7e-m/fpu\libc.a(lib_a-memchr.o)
                0x080092f0                memchr
 .text._Balloc  0x08009384       0x4c c:/embedded/eclipse/plugins/fr.ac6.mcu.externaltools.arm-none.win32_1.2.0.201505291716/tools/compiler/bin/../lib/gcc/arm-none-eabi/4.9.3/../../../../arm-none-eabi/lib/armv7e-m/fpu\libc.a(lib_a-mprec.o)
                0x08009384                _Balloc
 .text._Bfree   0x080093d0       0x14 c:/embedded/eclipse/plugins/fr.ac6.mcu.externaltools.arm-none.win32_1.2.0.201505291716/tools/compiler/bin/../lib/gcc/arm-none-eabi/4.9.3/../../../../arm-none-eabi/lib/armv7e-m/fpu\libc.a(lib_a-mprec.o)
                0x080093d0                _Bfree
 .text.__multadd
                0x080093e4       0x84 c:/embedded/eclipse/plugins/fr.ac6.mcu.externaltools.arm-none.win32_1.2.0.201505291716/tools/compiler/bin/../lib/gcc/arm-none-eabi/4.9.3/../../../../arm-none-eabi/lib/armv7e-m/fpu\libc.a(lib_a-mprec.o)
                0x080093e4                __multadd
 .text.__hi0bits
                0x08009468       0x40 c:/embedded/eclipse/plugins/fr.ac6.mcu.externaltools.arm-none.win32_1.2.0.201505291716/tools/compiler/bin/../lib/gcc/arm-none-eabi/4.9.3/../../../../arm-none-eabi/lib/armv7e-m/fpu\libc.a(lib_a-mprec.o)
                0x08009468                __hi0bits
 .text.__lo0bits
                0x080094a8       0x5c c:/embedded/eclipse/plugins/fr.ac6.mcu.externaltools.arm-none.win32_1.2.0.201505291716/tools/compiler/bin/../lib/gcc/arm-none-eabi/4.9.3/../../../../arm-none-eabi/lib/armv7e-m/fpu\libc.a(lib_a-mprec.o)
                0x080094a8                __lo0bits
 .text.__i2b    0x08009504       0x14 c:/embedded/eclipse/plugins/fr.ac6.mcu.externaltools.arm-none.win32_1.2.0.201505291716/tools/compiler/bin/../lib/gcc/arm-none-eabi/4.9.3/../../../../arm-none-eabi/lib/armv7e-m/fpu\libc.a(lib_a-mprec.o)
                0x08009504                __i2b
 .text.__multiply
                0x08009518      0x134 c:/embedded/eclipse/plugins/fr.ac6.mcu.externaltools.arm-none.win32_1.2.0.201505291716/tools/compiler/bin/../lib/gcc/arm-none-eabi/4.9.3/../../../../arm-none-eabi/lib/armv7e-m/fpu\libc.a(lib_a-mprec.o)
                0x08009518                __multiply
 .text.__pow5mult
                0x0800964c       0xa0 c:/embedded/eclipse/plugins/fr.ac6.mcu.externaltools.arm-none.win32_1.2.0.201505291716/tools/compiler/bin/../lib/gcc/arm-none-eabi/4.9.3/../../../../arm-none-eabi/lib/armv7e-m/fpu\libc.a(lib_a-mprec.o)
                0x0800964c                __pow5mult
 .text.__lshift
                0x080096ec       0xac c:/embedded/eclipse/plugins/fr.ac6.mcu.externaltools.arm-none.win32_1.2.0.201505291716/tools/compiler/bin/../lib/gcc/arm-none-eabi/4.9.3/../../../../arm-none-eabi/lib/armv7e-m/fpu\libc.a(lib_a-mprec.o)
                0x080096ec                __lshift
 .text.__mcmp   0x08009798       0x48 c:/embedded/eclipse/plugins/fr.ac6.mcu.externaltools.arm-none.win32_1.2.0.201505291716/tools/compiler/bin/../lib/gcc/arm-none-eabi/4.9.3/../../../../arm-none-eabi/lib/armv7e-m/fpu\libc.a(lib_a-mprec.o)
                0x08009798                __mcmp
 .text.__mdiff  0x080097e0       0xd4 c:/embedded/eclipse/plugins/fr.ac6.mcu.externaltools.arm-none.win32_1.2.0.201505291716/tools/compiler/bin/../lib/gcc/arm-none-eabi/4.9.3/../../../../arm-none-eabi/lib/armv7e-m/fpu\libc.a(lib_a-mprec.o)
                0x080097e0                __mdiff
 .text.__d2b    0x080098b4       0xbc c:/embedded/eclipse/plugins/fr.ac6.mcu.externaltools.arm-none.win32_1.2.0.201505291716/tools/compiler/bin/../lib/gcc/arm-none-eabi/4.9.3/../../../../arm-none-eabi/lib/armv7e-m/fpu\libc.a(lib_a-mprec.o)
                0x080098b4                __d2b
 .text.__fpclassifyd
                0x08009970       0x5c c:/embedded/eclipse/plugins/fr.ac6.mcu.externaltools.arm-none.win32_1.2.0.201505291716/tools/compiler/bin/../lib/gcc/arm-none-eabi/4.9.3/../../../../arm-none-eabi/lib/armv7e-m/fpu\libc.a(lib_a-s_fpclassify.o)
                0x08009970                __fpclassifyd
 .text.__ssprint_r
                0x080099cc      0x104 c:/embedded/eclipse/plugins/fr.ac6.mcu.externaltools.arm-none.win32_1.2.0.201505291716/tools/compiler/bin/../lib/gcc/arm-none-eabi/4.9.3/../../../../arm-none-eabi/lib/armv7e-m/fpu\libc.a(lib_a-svfiprintf.o)
                0x080099cc                __ssprint_r
 .text.__register_exitproc
                0x08009ad0       0xa4 c:/embedded/eclipse/plugins/fr.ac6.mcu.externaltools.arm-none.win32_1.2.0.201505291716/tools/compiler/bin/../lib/gcc/arm-none-eabi/4.9.3/../../../../arm-none-eabi/lib/armv7e-m/fpu\libc.a(lib_a-__atexit.o)
                0x08009ad0                __register_exitproc
 .text._calloc_r
                0x08009b74       0x60 c:/embedded/eclipse/plugins/fr.ac6.mcu.externaltools.arm-none.win32_1.2.0.201505291716/tools/compiler/bin/../lib/gcc/arm-none-eabi/4.9.3/../../../../arm-none-eabi/lib/armv7e-m/fpu\libc.a(lib_a-callocr.o)
                0x08009b74                _calloc_r
 .text.memmove  0x08009bd4       0xc8 c:/embedded/eclipse/plugins/fr.ac6.mcu.externaltools.arm-none.win32_1.2.0.201505291716/tools/compiler/bin/../lib/gcc/arm-none-eabi/4.9.3/../../../../arm-none-eabi/lib/armv7e-m/fpu\libc.a(lib_a-memmove.o)
                0x08009bd4                memmove
 .text._realloc_r
                0x08009c9c      0x3ec c:/embedded/eclipse/plugins/fr.ac6.mcu.externaltools.arm-none.win32_1.2.0.201505291716/tools/compiler/bin/../lib/gcc/arm-none-eabi/4.9.3/../../../../arm-none-eabi/lib/armv7e-m/fpu\libc.a(lib_a-reallocr.o)
                0x08009c9c                _realloc_r
 *(.rodata)
 .rodata        0x0800a088       0xa0 src\UARTCommandConsoleTask.o
 .rodata        0x0800a128      0x118 src\StepperControlTask.o
 .rodata        0x0800a240       0x10 src\LEDControlTask.o
 .rodata        0x0800a250       0xf0 src\FreeRTOS_CLI.o
 .rodata        0x0800a340       0x10 src\FreeRTOS\timers.o
 .rodata        0x0800a350       0x44 src\FreeRTOS\tasks.o
 .rodata        0x0800a394      0x470 src\CLI-commands.o
 .rodata        0x0800a804       0x30 Utilities\stm32f4_discovery.o
                0x0800a804                GPIO_PIN
                0x0800a80c                GPIO_CLK
                0x0800a81c                BUTTON_PIN
                0x0800a820                BUTTON_CLK
                0x0800a824                BUTTON_EXTI_LINE
                0x0800a828                BUTTON_PORT_SOURCE
                0x0800a82c                BUTTON_PIN_SOURCE
                0x0800a830                BUTTON_IRQn
 *(.rodata*)
 .rodata.str1.4
                0x0800a834        0x2 c:/embedded/eclipse/plugins/fr.ac6.mcu.externaltools.arm-none.win32_1.2.0.201505291716/tools/compiler/bin/../lib/gcc/arm-none-eabi/4.9.3/../../../../arm-none-eabi/lib/armv7e-m/fpu\libc.a(lib_a-impure.o)
                                  0x4 (size before relaxing)
 *fill*         0x0800a836        0x2 
 .rodata._global_impure_ptr
                0x0800a838        0x4 c:/embedded/eclipse/plugins/fr.ac6.mcu.externaltools.arm-none.win32_1.2.0.201505291716/tools/compiler/bin/../lib/gcc/arm-none-eabi/4.9.3/../../../../arm-none-eabi/lib/armv7e-m/fpu\libc.a(lib_a-impure.o)
                0x0800a838                _global_impure_ptr
 .rodata.zeroes.6916
                0x0800a83c       0x10 c:/embedded/eclipse/plugins/fr.ac6.mcu.externaltools.arm-none.win32_1.2.0.201505291716/tools/compiler/bin/../lib/gcc/arm-none-eabi/4.9.3/../../../../arm-none-eabi/lib/armv7e-m/fpu\libc.a(lib_a-svfprintf.o)
 .rodata.str1.4
                0x0800a84c       0x42 c:/embedded/eclipse/plugins/fr.ac6.mcu.externaltools.arm-none.win32_1.2.0.201505291716/tools/compiler/bin/../lib/gcc/arm-none-eabi/4.9.3/../../../../arm-none-eabi/lib/armv7e-m/fpu\libc.a(lib_a-svfprintf.o)
                                 0x44 (size before relaxing)
 *fill*         0x0800a88e        0x2 
 .rodata.blanks.6915
                0x0800a890       0x10 c:/embedded/eclipse/plugins/fr.ac6.mcu.externaltools.arm-none.win32_1.2.0.201505291716/tools/compiler/bin/../lib/gcc/arm-none-eabi/4.9.3/../../../../arm-none-eabi/lib/armv7e-m/fpu\libc.a(lib_a-svfprintf.o)
 .rodata._ctype_
                0x0800a8a0      0x104 c:/embedded/eclipse/plugins/fr.ac6.mcu.externaltools.arm-none.win32_1.2.0.201505291716/tools/compiler/bin/../lib/gcc/arm-none-eabi/4.9.3/../../../../arm-none-eabi/lib/armv7e-m/fpu\libc.a(lib_a-ctype_.o)
                0x0800a8a0                _ctype_
 .rodata.str1.4
                0x0800a9a4       0x10 c:/embedded/eclipse/plugins/fr.ac6.mcu.externaltools.arm-none.win32_1.2.0.201505291716/tools/compiler/bin/../lib/gcc/arm-none-eabi/4.9.3/../../../../arm-none-eabi/lib/armv7e-m/fpu\libc.a(lib_a-dtoa.o)
                                 0x14 (size before relaxing)
 .rodata.str1.4
                0x0800a9b4        0xc c:/embedded/eclipse/plugins/fr.ac6.mcu.externaltools.arm-none.win32_1.2.0.201505291716/tools/compiler/bin/../lib/gcc/arm-none-eabi/4.9.3/../../../../arm-none-eabi/lib/armv7e-m/fpu\libc.a(lib_a-locale.o)
                                 0x14 (size before relaxing)
 .rodata.p05.5296
                0x0800a9c0        0xc c:/embedded/eclipse/plugins/fr.ac6.mcu.externaltools.arm-none.win32_1.2.0.201505291716/tools/compiler/bin/../lib/gcc/arm-none-eabi/4.9.3/../../../../arm-none-eabi/lib/armv7e-m/fpu\libc.a(lib_a-mprec.o)
 *fill*         0x0800a9cc        0x4 
 .rodata.__mprec_tens
                0x0800a9d0       0xc8 c:/embedded/eclipse/plugins/fr.ac6.mcu.externaltools.arm-none.win32_1.2.0.201505291716/tools/compiler/bin/../lib/gcc/arm-none-eabi/4.9.3/../../../../arm-none-eabi/lib/armv7e-m/fpu\libc.a(lib_a-mprec.o)
                0x0800a9d0                __mprec_tens
 .rodata.__mprec_bigtens
                0x0800aa98       0x28 c:/embedded/eclipse/plugins/fr.ac6.mcu.externaltools.arm-none.win32_1.2.0.201505291716/tools/compiler/bin/../lib/gcc/arm-none-eabi/4.9.3/../../../../arm-none-eabi/lib/armv7e-m/fpu\libc.a(lib_a-mprec.o)
                0x0800aa98                __mprec_bigtens
 *(.glue_7)
 .glue_7        0x00000000        0x0 linker stubs
 *(.glue_7t)
 .glue_7t       0x00000000        0x0 linker stubs
 *(.eh_frame)
 .eh_frame      0x0800aac0        0x0 c:/embedded/eclipse/plugins/fr.ac6.mcu.externaltools.arm-none.win32_1.2.0.201505291716/tools/compiler/bin/../lib/gcc/arm-none-eabi/4.9.3/armv7e-m/fpu/crtbegin.o
 *(.init)
 .init          0x0800aac0        0x4 c:/embedded/eclipse/plugins/fr.ac6.mcu.externaltools.arm-none.win32_1.2.0.201505291716/tools/compiler/bin/../lib/gcc/arm-none-eabi/4.9.3/armv7e-m/fpu/crti.o
                0x0800aac0                _init
 .init          0x0800aac4        0x8 c:/embedded/eclipse/plugins/fr.ac6.mcu.externaltools.arm-none.win32_1.2.0.201505291716/tools/compiler/bin/../lib/gcc/arm-none-eabi/4.9.3/armv7e-m/fpu/crtn.o
 *(.fini)
 .fini          0x0800aacc        0x4 c:/embedded/eclipse/plugins/fr.ac6.mcu.externaltools.arm-none.win32_1.2.0.201505291716/tools/compiler/bin/../lib/gcc/arm-none-eabi/4.9.3/armv7e-m/fpu/crti.o
                0x0800aacc                _fini
 .fini          0x0800aad0        0x8 c:/embedded/eclipse/plugins/fr.ac6.mcu.externaltools.arm-none.win32_1.2.0.201505291716/tools/compiler/bin/../lib/gcc/arm-none-eabi/4.9.3/armv7e-m/fpu/crtn.o
                0x0800aad8                . = ALIGN (0x4)
                0x0800aad8                _etext = .

.vfp11_veneer   0x0800aad8        0x0
 .vfp11_veneer  0x00000000        0x0 linker stubs

.v4_bx          0x0800aad8        0x0
 .v4_bx         0x00000000        0x0 linker stubs

.iplt           0x0800aad8        0x0
 .iplt          0x00000000        0x0 c:/embedded/eclipse/plugins/fr.ac6.mcu.externaltools.arm-none.win32_1.2.0.201505291716/tools/compiler/bin/../lib/gcc/arm-none-eabi/4.9.3/armv7e-m/fpu/crtbegin.o

.ARM.extab
 *(.ARM.extab* .gnu.linkonce.armextab.*)

.ARM            0x0800aad8        0x8
                0x0800aad8                __exidx_start = .
 *(.ARM.exidx*)
 .ARM.exidx     0x0800aad8        0x8 c:/embedded/eclipse/plugins/fr.ac6.mcu.externaltools.arm-none.win32_1.2.0.201505291716/tools/compiler/bin/../lib/gcc/arm-none-eabi/4.9.3/armv7e-m/fpu\libgcc.a(_divdi3.o)
 .ARM.exidx     0x0800aae0        0x0 c:/embedded/eclipse/plugins/fr.ac6.mcu.externaltools.arm-none.win32_1.2.0.201505291716/tools/compiler/bin/../lib/gcc/arm-none-eabi/4.9.3/armv7e-m/fpu\libgcc.a(_udivdi3.o)
                                  0x8 (size before relaxing)
                0x0800aae0                __exidx_end = .

.rel.dyn        0x0800aae0        0x0
 .rel.iplt      0x00000000        0x0 c:/embedded/eclipse/plugins/fr.ac6.mcu.externaltools.arm-none.win32_1.2.0.201505291716/tools/compiler/bin/../lib/gcc/arm-none-eabi/4.9.3/armv7e-m/fpu/crtbegin.o

.preinit_array  0x0800aae0        0x0
                0x0800aae0                PROVIDE (__preinit_array_start, .)
 *(.preinit_array*)
                0x0800aae0                PROVIDE (__preinit_array_end, .)

.init_array     0x0800aae0        0x8
                0x0800aae0                PROVIDE (__init_array_start, .)
 *(SORT(.init_array.*))
 .init_array.00000
                0x0800aae0        0x4 c:/embedded/eclipse/plugins/fr.ac6.mcu.externaltools.arm-none.win32_1.2.0.201505291716/tools/compiler/bin/../lib/gcc/arm-none-eabi/4.9.3/../../../../arm-none-eabi/lib/armv7e-m/fpu\libc.a(lib_a-__call_atexit.o)
 *(.init_array*)
 .init_array    0x0800aae4        0x4 c:/embedded/eclipse/plugins/fr.ac6.mcu.externaltools.arm-none.win32_1.2.0.201505291716/tools/compiler/bin/../lib/gcc/arm-none-eabi/4.9.3/armv7e-m/fpu/crtbegin.o
                0x0800aae8                PROVIDE (__init_array_end, .)

.fini_array     0x0800aae8        0x4
                0x0800aae8                PROVIDE (__fini_array_start, .)
 *(.fini_array*)
 .fini_array    0x0800aae8        0x4 c:/embedded/eclipse/plugins/fr.ac6.mcu.externaltools.arm-none.win32_1.2.0.201505291716/tools/compiler/bin/../lib/gcc/arm-none-eabi/4.9.3/armv7e-m/fpu/crtbegin.o
 *(SORT(.fini_array.*))
                0x0800aaec                PROVIDE (__fini_array_end, .)
                0x0800aaec                _sidata = .

.data           0x20000000      0x8d8 load address 0x0800aaec
                0x20000000                . = ALIGN (0x4)
                0x20000000                _sdata = .
 *(.data)
 .data          0x20000000       0x14 src\system_stm32f4xx.o
                0x20000000                SystemCoreClock
                0x20000004                AHBPrescTable
 .data          0x20000014       0x14 src\StepperControlTask.o
                0x20000014                CCR1_Val
                0x20000016                CCR2_Val
                0x20000018                CCR3_Val
                0x2000001a                CCR4_Val
                0x2000001c                buff
                0x20000020                RotationDirection_CW
                0x20000021                CW
                0x20000024                TimFreq
 .data          0x20000028        0xc src\FreeRTOS_CLI.o
 .data          0x20000034        0x4 src\FreeRTOS\tasks.o
 .data          0x20000038        0x4 src\FreeRTOS\portable\GCC\ARM_CM4F\port.o
 .data          0x2000003c       0x14 Utilities\stm32f4_discovery.o
                0x2000003c                GPIO_PORT
                0x2000004c                BUTTON_PORT
 .data          0x20000050       0x10 StdPeriph_Driver\src\stm32f4xx_rcc.o
 *(.data*)
 .data.impure_data
                0x20000060      0x428 c:/embedded/eclipse/plugins/fr.ac6.mcu.externaltools.arm-none.win32_1.2.0.201505291716/tools/compiler/bin/../lib/gcc/arm-none-eabi/4.9.3/../../../../arm-none-eabi/lib/armv7e-m/fpu\libc.a(lib_a-impure.o)
 .data._impure_ptr
                0x20000488        0x4 c:/embedded/eclipse/plugins/fr.ac6.mcu.externaltools.arm-none.win32_1.2.0.201505291716/tools/compiler/bin/../lib/gcc/arm-none-eabi/4.9.3/../../../../arm-none-eabi/lib/armv7e-m/fpu\libc.a(lib_a-impure.o)
                0x20000488                _impure_ptr
 .data.__malloc_av_
                0x2000048c      0x408 c:/embedded/eclipse/plugins/fr.ac6.mcu.externaltools.arm-none.win32_1.2.0.201505291716/tools/compiler/bin/../lib/gcc/arm-none-eabi/4.9.3/../../../../arm-none-eabi/lib/armv7e-m/fpu\libc.a(lib_a-mallocr.o)
                0x2000048c                __malloc_av_
 .data.__malloc_trim_threshold
                0x20000894        0x4 c:/embedded/eclipse/plugins/fr.ac6.mcu.externaltools.arm-none.win32_1.2.0.201505291716/tools/compiler/bin/../lib/gcc/arm-none-eabi/4.9.3/../../../../arm-none-eabi/lib/armv7e-m/fpu\libc.a(lib_a-mallocr.o)
                0x20000894                __malloc_trim_threshold
 .data.__malloc_sbrk_base
                0x20000898        0x4 c:/embedded/eclipse/plugins/fr.ac6.mcu.externaltools.arm-none.win32_1.2.0.201505291716/tools/compiler/bin/../lib/gcc/arm-none-eabi/4.9.3/../../../../arm-none-eabi/lib/armv7e-m/fpu\libc.a(lib_a-mallocr.o)
                0x20000898                __malloc_sbrk_base
 .data.__ctype_ptr__
                0x2000089c        0x4 c:/embedded/eclipse/plugins/fr.ac6.mcu.externaltools.arm-none.win32_1.2.0.201505291716/tools/compiler/bin/../lib/gcc/arm-none-eabi/4.9.3/../../../../arm-none-eabi/lib/armv7e-m/fpu\libc.a(lib_a-ctype_.o)
                0x2000089c                __ctype_ptr__
 .data.lconv    0x200008a0       0x38 c:/embedded/eclipse/plugins/fr.ac6.mcu.externaltools.arm-none.win32_1.2.0.201505291716/tools/compiler/bin/../lib/gcc/arm-none-eabi/4.9.3/../../../../arm-none-eabi/lib/armv7e-m/fpu\libc.a(lib_a-locale.o)
                0x200008d8                . = ALIGN (0x4)
                0x200008d8                _edata = .

.jcr            0x200008d8        0x0 load address 0x0800b3c4
 .jcr           0x200008d8        0x0 c:/embedded/eclipse/plugins/fr.ac6.mcu.externaltools.arm-none.win32_1.2.0.201505291716/tools/compiler/bin/../lib/gcc/arm-none-eabi/4.9.3/armv7e-m/fpu/crtbegin.o

.igot.plt       0x200008d8        0x0 load address 0x0800b3c4
 .igot.plt      0x00000000        0x0 c:/embedded/eclipse/plugins/fr.ac6.mcu.externaltools.arm-none.win32_1.2.0.201505291716/tools/compiler/bin/../lib/gcc/arm-none-eabi/4.9.3/armv7e-m/fpu/crtbegin.o
                0x200008d8                . = ALIGN (0x4)

.bss            0x200008d8      0xb30 load address 0x0800b3c4
                0x200008d8                _sbss = .
                0x200008d8                __bss_start__ = _sbss
 *(.bss)
 .bss           0x200008d8       0x1c c:/embedded/eclipse/plugins/fr.ac6.mcu.externaltools.arm-none.win32_1.2.0.201505291716/tools/compiler/bin/../lib/gcc/arm-none-eabi/4.9.3/armv7e-m/fpu/crtbegin.o
 .bss           0x200008f4        0x8 src\syscalls.o
                0x200008f4                __env
 .bss           0x200008fc        0x8 src\serial.o
 .bss           0x20000904        0x8 src\main.o
                0x20000904                ulHighFrequencyTimerTick
                0x20000908                read_byte
 .bss           0x2000090c      0x3f0 src\UARTCommandConsoleTask.o
 .bss           0x20000cfc       0x30 src\StepperControlTask.o
                0x20000cfc                PrescalerValue
                0x20000d00                offset
                0x20000d04                MSBdataRX
                0x20000d08                dataAdd
                0x20000d0c                i
                0x20000d10                RotationDirection_CCW
                0x20000d14                count
                0x20000d18                cyclecount
                0x20000d1c                n
                0x20000d20                m
                0x20000d24                CCW
                0x20000d28                pwminitflag
 .bss           0x20000d2c      0x3f0 src\FreeRTOS_CLI.o
 .bss           0x2000111c       0x38 src\FreeRTOS\timers.o
 .bss           0x20001154       0xf0 src\FreeRTOS\tasks.o
                0x20001154                pxCurrentTCB
 .bss           0x20001244        0x8 src\FreeRTOS\portable\GCC\ARM_CM4F\port.o
 .bss           0x2000124c        0x8 src\CLI-commands.o
 *(.bss*)
 .bss.__malloc_max_total_mem
                0x20001254        0x4 c:/embedded/eclipse/plugins/fr.ac6.mcu.externaltools.arm-none.win32_1.2.0.201505291716/tools/compiler/bin/../lib/gcc/arm-none-eabi/4.9.3/../../../../arm-none-eabi/lib/armv7e-m/fpu\libc.a(lib_a-mallocr.o)
                0x20001254                __malloc_max_total_mem
 .bss.__malloc_max_sbrked_mem
                0x20001258        0x4 c:/embedded/eclipse/plugins/fr.ac6.mcu.externaltools.arm-none.win32_1.2.0.201505291716/tools/compiler/bin/../lib/gcc/arm-none-eabi/4.9.3/../../../../arm-none-eabi/lib/armv7e-m/fpu\libc.a(lib_a-mallocr.o)
                0x20001258                __malloc_max_sbrked_mem
 .bss.__malloc_top_pad
                0x2000125c        0x4 c:/embedded/eclipse/plugins/fr.ac6.mcu.externaltools.arm-none.win32_1.2.0.201505291716/tools/compiler/bin/../lib/gcc/arm-none-eabi/4.9.3/../../../../arm-none-eabi/lib/armv7e-m/fpu\libc.a(lib_a-mallocr.o)
                0x2000125c                __malloc_top_pad
 .bss.__malloc_current_mallinfo
                0x20001260       0x28 c:/embedded/eclipse/plugins/fr.ac6.mcu.externaltools.arm-none.win32_1.2.0.201505291716/tools/compiler/bin/../lib/gcc/arm-none-eabi/4.9.3/../../../../arm-none-eabi/lib/armv7e-m/fpu\libc.a(lib_a-mallocr.o)
                0x20001260                __malloc_current_mallinfo
 *(COMMON)
 COMMON         0x20001288       0xe8 src\serial.o
                0x20001288                received_buffer
                0x200012ac                I2C_1
                0x200012d0                GPIO_InitStructureuart
                0x200012d8                GPIO_InitStructure
                0x200012e0                USART_InitStructure
                0x200012f0                wr
 COMMON         0x20001370       0x52 src\StepperControlTask.o
                0x20001370                Codeur_count
                0x20001374                TIM_TimeBaseStructure
                0x20001380                Codeur_total
                0x20001384                dataRX
                0x20001388                buffer
                0x200013ac                TIM_OCInitStructure
                0x200013c0                Period
 *fill*         0x200013c2        0x2 
 COMMON         0x200013c4       0x40 src\FreeRTOS\queue.o
                0x200013c4                xQueueRegistry
 COMMON         0x20001404        0x4 c:/embedded/eclipse/plugins/fr.ac6.mcu.externaltools.arm-none.win32_1.2.0.201505291716/tools/compiler/bin/../lib/gcc/arm-none-eabi/4.9.3/../../../../arm-none-eabi/lib/armv7e-m/fpu\libc.a(lib_a-reent.o)
                0x20001404                errno
                0x20001408                . = ALIGN (0x4)
                0x20001408                _ebss = .
                0x20001408                __bss_end__ = _ebss

._user_heap_stack
                0x20001408      0x400 load address 0x0800bef4
                0x20001408                . = ALIGN (0x4)
                0x20001408                PROVIDE (end, .)
                0x20001408                PROVIDE (_end, .)
                0x20001408                . = (. + _Min_Heap_Size)
                0x20001808                . = (. + _Min_Stack_Size)
 *fill*         0x20001408      0x400 
                0x20001808                . = ALIGN (0x4)

.memory_b1_text
 *(.mb1text)
 *(.mb1text*)
 *(.mb1rodata)
 *(.mb1rodata*)

/DISCARD/
 libc.a(*)
 libm.a(*)
 libgcc.a(*)

.ARM.attributes
                0x00000000       0x30
 *(.ARM.attributes)
 .ARM.attributes
                0x00000000       0x22 c:/embedded/eclipse/plugins/fr.ac6.mcu.externaltools.arm-none.win32_1.2.0.201505291716/tools/compiler/bin/../lib/gcc/arm-none-eabi/4.9.3/armv7e-m/fpu/crti.o
 .ARM.attributes
                0x00000022       0x34 c:/embedded/eclipse/plugins/fr.ac6.mcu.externaltools.arm-none.win32_1.2.0.201505291716/tools/compiler/bin/../lib/gcc/arm-none-eabi/4.9.3/armv7e-m/fpu/crtbegin.o
 .ARM.attributes
                0x00000056       0x21 startup\startup_stm32f4xx.o
 .ARM.attributes
                0x00000077       0x39 src\system_stm32f4xx.o
 .ARM.attributes
                0x000000b0       0x39 src\syscalls.o
 .ARM.attributes
                0x000000e9       0x39 src\stm32f4xx_it.o
 .ARM.attributes
                0x00000122       0x39 src\serial.o
 .ARM.attributes
                0x0000015b       0x39 src\peripherals.o
 .ARM.attributes
                0x00000194       0x39 src\main.o
 .ARM.attributes
                0x000001cd       0x39 src\UARTCommandConsoleTask.o
 .ARM.attributes
                0x00000206       0x39 src\StepperControlTask.o
 .ARM.attributes
                0x0000023f       0x39 src\LEDControlTask.o
 .ARM.attributes
                0x00000278       0x39 src\FreeRTOS_CLI.o
 .ARM.attributes
                0x000002b1       0x39 src\FreeRTOS\timers.o
 .ARM.attributes
                0x000002ea       0x39 src\FreeRTOS\tasks.o
 .ARM.attributes
                0x00000323       0x39 src\FreeRTOS\queue.o
 .ARM.attributes
                0x0000035c       0x39 src\FreeRTOS\portable\MemMang\heap_3.o
 .ARM.attributes
                0x00000395       0x39 src\FreeRTOS\portable\GCC\ARM_CM4F\port.o
 .ARM.attributes
                0x000003ce       0x39 src\FreeRTOS\list.o
 .ARM.attributes
                0x00000407       0x39 src\CLI-commands.o
 .ARM.attributes
                0x00000440       0x39 Utilities\stm32f4_discovery.o
 .ARM.attributes
                0x00000479       0x39 StdPeriph_Driver\src\stm32f4xx_usart.o
 .ARM.attributes
                0x000004b2       0x39 StdPeriph_Driver\src\stm32f4xx_tim.o
 .ARM.attributes
                0x000004eb       0x39 StdPeriph_Driver\src\stm32f4xx_syscfg.o
 .ARM.attributes
                0x00000524       0x39 StdPeriph_Driver\src\stm32f4xx_rcc.o
 .ARM.attributes
                0x0000055d       0x39 StdPeriph_Driver\src\stm32f4xx_gpio.o
 .ARM.attributes
                0x00000596       0x39 StdPeriph_Driver\src\stm32f4xx_exti.o
 .ARM.attributes
                0x000005cf       0x39 StdPeriph_Driver\src\misc.o
 .ARM.attributes
                0x00000608       0x34 c:/embedded/eclipse/plugins/fr.ac6.mcu.externaltools.arm-none.win32_1.2.0.201505291716/tools/compiler/bin/../lib/gcc/arm-none-eabi/4.9.3/../../../../arm-none-eabi/lib/armv7e-m/fpu\libc.a(lib_a-atoi.o)
 .ARM.attributes
                0x0000063c       0x34 c:/embedded/eclipse/plugins/fr.ac6.mcu.externaltools.arm-none.win32_1.2.0.201505291716/tools/compiler/bin/../lib/gcc/arm-none-eabi/4.9.3/../../../../arm-none-eabi/lib/armv7e-m/fpu\libc.a(lib_a-errno.o)
 .ARM.attributes
                0x00000670       0x34 c:/embedded/eclipse/plugins/fr.ac6.mcu.externaltools.arm-none.win32_1.2.0.201505291716/tools/compiler/bin/../lib/gcc/arm-none-eabi/4.9.3/../../../../arm-none-eabi/lib/armv7e-m/fpu\libc.a(lib_a-impure.o)
 .ARM.attributes
                0x000006a4       0x34 c:/embedded/eclipse/plugins/fr.ac6.mcu.externaltools.arm-none.win32_1.2.0.201505291716/tools/compiler/bin/../lib/gcc/arm-none-eabi/4.9.3/../../../../arm-none-eabi/lib/armv7e-m/fpu\libc.a(lib_a-init.o)
 .ARM.attributes
                0x000006d8       0x34 c:/embedded/eclipse/plugins/fr.ac6.mcu.externaltools.arm-none.win32_1.2.0.201505291716/tools/compiler/bin/../lib/gcc/arm-none-eabi/4.9.3/../../../../arm-none-eabi/lib/armv7e-m/fpu\libc.a(lib_a-malloc.o)
 .ARM.attributes
                0x0000070c       0x34 c:/embedded/eclipse/plugins/fr.ac6.mcu.externaltools.arm-none.win32_1.2.0.201505291716/tools/compiler/bin/../lib/gcc/arm-none-eabi/4.9.3/../../../../arm-none-eabi/lib/armv7e-m/fpu\libc.a(lib_a-mallocr.o)
 .ARM.attributes
                0x00000740       0x34 c:/embedded/eclipse/plugins/fr.ac6.mcu.externaltools.arm-none.win32_1.2.0.201505291716/tools/compiler/bin/../lib/gcc/arm-none-eabi/4.9.3/../../../../arm-none-eabi/lib/armv7e-m/fpu\libc.a(lib_a-memcmp.o)
 .ARM.attributes
                0x00000774       0x20 c:/embedded/eclipse/plugins/fr.ac6.mcu.externaltools.arm-none.win32_1.2.0.201505291716/tools/compiler/bin/../lib/gcc/arm-none-eabi/4.9.3/../../../../arm-none-eabi/lib/armv7e-m/fpu\libc.a(lib_a-memcpy.o)
 .ARM.attributes
                0x00000794       0x34 c:/embedded/eclipse/plugins/fr.ac6.mcu.externaltools.arm-none.win32_1.2.0.201505291716/tools/compiler/bin/../lib/gcc/arm-none-eabi/4.9.3/../../../../arm-none-eabi/lib/armv7e-m/fpu\libc.a(lib_a-memset.o)
 .ARM.attributes
                0x000007c8       0x34 c:/embedded/eclipse/plugins/fr.ac6.mcu.externaltools.arm-none.win32_1.2.0.201505291716/tools/compiler/bin/../lib/gcc/arm-none-eabi/4.9.3/../../../../arm-none-eabi/lib/armv7e-m/fpu\libc.a(lib_a-mlock.o)
 .ARM.attributes
                0x000007fc       0x34 c:/embedded/eclipse/plugins/fr.ac6.mcu.externaltools.arm-none.win32_1.2.0.201505291716/tools/compiler/bin/../lib/gcc/arm-none-eabi/4.9.3/../../../../arm-none-eabi/lib/armv7e-m/fpu\libc.a(lib_a-sbrkr.o)
 .ARM.attributes
                0x00000830       0x34 c:/embedded/eclipse/plugins/fr.ac6.mcu.externaltools.arm-none.win32_1.2.0.201505291716/tools/compiler/bin/../lib/gcc/arm-none-eabi/4.9.3/../../../../arm-none-eabi/lib/armv7e-m/fpu\libc.a(lib_a-sprintf.o)
 .ARM.attributes
                0x00000864       0x34 c:/embedded/eclipse/plugins/fr.ac6.mcu.externaltools.arm-none.win32_1.2.0.201505291716/tools/compiler/bin/../lib/gcc/arm-none-eabi/4.9.3/../../../../arm-none-eabi/lib/armv7e-m/fpu\libc.a(lib_a-strcpy.o)
 .ARM.attributes
                0x00000898       0x34 c:/embedded/eclipse/plugins/fr.ac6.mcu.externaltools.arm-none.win32_1.2.0.201505291716/tools/compiler/bin/../lib/gcc/arm-none-eabi/4.9.3/../../../../arm-none-eabi/lib/armv7e-m/fpu\libc.a(lib_a-strlen.o)
 .ARM.attributes
                0x000008cc       0x34 c:/embedded/eclipse/plugins/fr.ac6.mcu.externaltools.arm-none.win32_1.2.0.201505291716/tools/compiler/bin/../lib/gcc/arm-none-eabi/4.9.3/../../../../arm-none-eabi/lib/armv7e-m/fpu\libc.a(lib_a-strncat.o)
 .ARM.attributes
                0x00000900       0x34 c:/embedded/eclipse/plugins/fr.ac6.mcu.externaltools.arm-none.win32_1.2.0.201505291716/tools/compiler/bin/../lib/gcc/arm-none-eabi/4.9.3/../../../../arm-none-eabi/lib/armv7e-m/fpu\libc.a(lib_a-strncmp.o)
 .ARM.attributes
                0x00000934       0x34 c:/embedded/eclipse/plugins/fr.ac6.mcu.externaltools.arm-none.win32_1.2.0.201505291716/tools/compiler/bin/../lib/gcc/arm-none-eabi/4.9.3/../../../../arm-none-eabi/lib/armv7e-m/fpu\libc.a(lib_a-strncpy.o)
 .ARM.attributes
                0x00000968       0x34 c:/embedded/eclipse/plugins/fr.ac6.mcu.externaltools.arm-none.win32_1.2.0.201505291716/tools/compiler/bin/../lib/gcc/arm-none-eabi/4.9.3/../../../../arm-none-eabi/lib/armv7e-m/fpu\libc.a(lib_a-strtol.o)
 .ARM.attributes
                0x0000099c       0x34 c:/embedded/eclipse/plugins/fr.ac6.mcu.externaltools.arm-none.win32_1.2.0.201505291716/tools/compiler/bin/../lib/gcc/arm-none-eabi/4.9.3/../../../../arm-none-eabi/lib/armv7e-m/fpu\libc.a(lib_a-svfprintf.o)
 .ARM.attributes
                0x000009d0       0x34 c:/embedded/eclipse/plugins/fr.ac6.mcu.externaltools.arm-none.win32_1.2.0.201505291716/tools/compiler/bin/../lib/gcc/arm-none-eabi/4.9.3/../../../../arm-none-eabi/lib/armv7e-m/fpu\libc.a(lib_a-__call_atexit.o)
 .ARM.attributes
                0x00000a04       0x34 c:/embedded/eclipse/plugins/fr.ac6.mcu.externaltools.arm-none.win32_1.2.0.201505291716/tools/compiler/bin/../lib/gcc/arm-none-eabi/4.9.3/../../../../arm-none-eabi/lib/armv7e-m/fpu\libc.a(lib_a-atexit.o)
 .ARM.attributes
                0x00000a38       0x34 c:/embedded/eclipse/plugins/fr.ac6.mcu.externaltools.arm-none.win32_1.2.0.201505291716/tools/compiler/bin/../lib/gcc/arm-none-eabi/4.9.3/../../../../arm-none-eabi/lib/armv7e-m/fpu\libc.a(lib_a-ctype_.o)
 .ARM.attributes
                0x00000a6c       0x34 c:/embedded/eclipse/plugins/fr.ac6.mcu.externaltools.arm-none.win32_1.2.0.201505291716/tools/compiler/bin/../lib/gcc/arm-none-eabi/4.9.3/../../../../arm-none-eabi/lib/armv7e-m/fpu\libc.a(lib_a-dtoa.o)
 .ARM.attributes
                0x00000aa0       0x34 c:/embedded/eclipse/plugins/fr.ac6.mcu.externaltools.arm-none.win32_1.2.0.201505291716/tools/compiler/bin/../lib/gcc/arm-none-eabi/4.9.3/../../../../arm-none-eabi/lib/armv7e-m/fpu\libc.a(lib_a-fini.o)
 .ARM.attributes
                0x00000ad4       0x34 c:/embedded/eclipse/plugins/fr.ac6.mcu.externaltools.arm-none.win32_1.2.0.201505291716/tools/compiler/bin/../lib/gcc/arm-none-eabi/4.9.3/../../../../arm-none-eabi/lib/armv7e-m/fpu\libc.a(lib_a-freer.o)
 .ARM.attributes
                0x00000b08       0x34 c:/embedded/eclipse/plugins/fr.ac6.mcu.externaltools.arm-none.win32_1.2.0.201505291716/tools/compiler/bin/../lib/gcc/arm-none-eabi/4.9.3/../../../../arm-none-eabi/lib/armv7e-m/fpu\libc.a(lib_a-locale.o)
 .ARM.attributes
                0x00000b3c       0x34 c:/embedded/eclipse/plugins/fr.ac6.mcu.externaltools.arm-none.win32_1.2.0.201505291716/tools/compiler/bin/../lib/gcc/arm-none-eabi/4.9.3/../../../../arm-none-eabi/lib/armv7e-m/fpu\libc.a(lib_a-memchr.o)
 .ARM.attributes
                0x00000b70       0x34 c:/embedded/eclipse/plugins/fr.ac6.mcu.externaltools.arm-none.win32_1.2.0.201505291716/tools/compiler/bin/../lib/gcc/arm-none-eabi/4.9.3/../../../../arm-none-eabi/lib/armv7e-m/fpu\libc.a(lib_a-mprec.o)
 .ARM.attributes
                0x00000ba4       0x34 c:/embedded/eclipse/plugins/fr.ac6.mcu.externaltools.arm-none.win32_1.2.0.201505291716/tools/compiler/bin/../lib/gcc/arm-none-eabi/4.9.3/../../../../arm-none-eabi/lib/armv7e-m/fpu\libc.a(lib_a-reent.o)
 .ARM.attributes
                0x00000bd8       0x34 c:/embedded/eclipse/plugins/fr.ac6.mcu.externaltools.arm-none.win32_1.2.0.201505291716/tools/compiler/bin/../lib/gcc/arm-none-eabi/4.9.3/../../../../arm-none-eabi/lib/armv7e-m/fpu\libc.a(lib_a-s_fpclassify.o)
 .ARM.attributes
                0x00000c0c       0x34 c:/embedded/eclipse/plugins/fr.ac6.mcu.externaltools.arm-none.win32_1.2.0.201505291716/tools/compiler/bin/../lib/gcc/arm-none-eabi/4.9.3/../../../../arm-none-eabi/lib/armv7e-m/fpu\libc.a(lib_a-svfiprintf.o)
 .ARM.attributes
                0x00000c40       0x34 c:/embedded/eclipse/plugins/fr.ac6.mcu.externaltools.arm-none.win32_1.2.0.201505291716/tools/compiler/bin/../lib/gcc/arm-none-eabi/4.9.3/../../../../arm-none-eabi/lib/armv7e-m/fpu\libc.a(lib_a-__atexit.o)
 .ARM.attributes
                0x00000c74       0x34 c:/embedded/eclipse/plugins/fr.ac6.mcu.externaltools.arm-none.win32_1.2.0.201505291716/tools/compiler/bin/../lib/gcc/arm-none-eabi/4.9.3/../../../../arm-none-eabi/lib/armv7e-m/fpu\libc.a(lib_a-callocr.o)
 .ARM.attributes
                0x00000ca8       0x34 c:/embedded/eclipse/plugins/fr.ac6.mcu.externaltools.arm-none.win32_1.2.0.201505291716/tools/compiler/bin/../lib/gcc/arm-none-eabi/4.9.3/../../../../arm-none-eabi/lib/armv7e-m/fpu\libc.a(lib_a-memmove.o)
 .ARM.attributes
                0x00000cdc       0x34 c:/embedded/eclipse/plugins/fr.ac6.mcu.externaltools.arm-none.win32_1.2.0.201505291716/tools/compiler/bin/../lib/gcc/arm-none-eabi/4.9.3/../../../../arm-none-eabi/lib/armv7e-m/fpu\libc.a(lib_a-reallocr.o)
 .ARM.attributes
                0x00000d10       0x22 c:/embedded/eclipse/plugins/fr.ac6.mcu.externaltools.arm-none.win32_1.2.0.201505291716/tools/compiler/bin/../lib/gcc/arm-none-eabi/4.9.3/armv7e-m/fpu\libgcc.a(_arm_addsubdf3.o)
 .ARM.attributes
                0x00000d32       0x22 c:/embedded/eclipse/plugins/fr.ac6.mcu.externaltools.arm-none.win32_1.2.0.201505291716/tools/compiler/bin/../lib/gcc/arm-none-eabi/4.9.3/armv7e-m/fpu\libgcc.a(_arm_muldivdf3.o)
 .ARM.attributes
                0x00000d54       0x22 c:/embedded/eclipse/plugins/fr.ac6.mcu.externaltools.arm-none.win32_1.2.0.201505291716/tools/compiler/bin/../lib/gcc/arm-none-eabi/4.9.3/armv7e-m/fpu\libgcc.a(_arm_cmpdf2.o)
 .ARM.attributes
                0x00000d76       0x22 c:/embedded/eclipse/plugins/fr.ac6.mcu.externaltools.arm-none.win32_1.2.0.201505291716/tools/compiler/bin/../lib/gcc/arm-none-eabi/4.9.3/armv7e-m/fpu\libgcc.a(_arm_fixdfsi.o)
 .ARM.attributes
                0x00000d98       0x22 c:/embedded/eclipse/plugins/fr.ac6.mcu.externaltools.arm-none.win32_1.2.0.201505291716/tools/compiler/bin/../lib/gcc/arm-none-eabi/4.9.3/armv7e-m/fpu\libgcc.a(_aeabi_uldivmod.o)
 .ARM.attributes
                0x00000dba       0x34 c:/embedded/eclipse/plugins/fr.ac6.mcu.externaltools.arm-none.win32_1.2.0.201505291716/tools/compiler/bin/../lib/gcc/arm-none-eabi/4.9.3/armv7e-m/fpu\libgcc.a(bpabi.o)
 .ARM.attributes
                0x00000dee       0x22 c:/embedded/eclipse/plugins/fr.ac6.mcu.externaltools.arm-none.win32_1.2.0.201505291716/tools/compiler/bin/../lib/gcc/arm-none-eabi/4.9.3/armv7e-m/fpu\libgcc.a(_dvmd_tls.o)
 .ARM.attributes
                0x00000e10       0x34 c:/embedded/eclipse/plugins/fr.ac6.mcu.externaltools.arm-none.win32_1.2.0.201505291716/tools/compiler/bin/../lib/gcc/arm-none-eabi/4.9.3/armv7e-m/fpu\libgcc.a(_divdi3.o)
 .ARM.attributes
                0x00000e44       0x34 c:/embedded/eclipse/plugins/fr.ac6.mcu.externaltools.arm-none.win32_1.2.0.201505291716/tools/compiler/bin/../lib/gcc/arm-none-eabi/4.9.3/armv7e-m/fpu\libgcc.a(_udivdi3.o)
 .ARM.attributes
                0x00000e78       0x22 c:/embedded/eclipse/plugins/fr.ac6.mcu.externaltools.arm-none.win32_1.2.0.201505291716/tools/compiler/bin/../lib/gcc/arm-none-eabi/4.9.3/armv7e-m/fpu/crtn.o
OUTPUT(GIT-FreeRTOS-Cli.elf elf32-littlearm)

.debug_line     0x00000000     0xc9ac
 .debug_line    0x00000000       0x7b startup\startup_stm32f4xx.o
 .debug_line    0x0000007b      0x697 src\system_stm32f4xx.o
 .debug_line    0x00000712      0x517 src\syscalls.o
 .debug_line    0x00000c29      0x82c src\stm32f4xx_it.o
 .debug_line    0x00001455      0x97b src\serial.o
 .debug_line    0x00001dd0      0x7ee src\peripherals.o
 .debug_line    0x000025be      0x94a src\main.o
 .debug_line    0x00002f08      0x587 src\UARTCommandConsoleTask.o
 .debug_line    0x0000348f      0xa08 src\StepperControlTask.o
 .debug_line    0x00003e97      0x920 src\LEDControlTask.o
 .debug_line    0x000047b7      0x5a7 src\FreeRTOS_CLI.o
 .debug_line    0x00004d5e      0x6f9 src\FreeRTOS\timers.o
 .debug_line    0x00005457      0xfc1 src\FreeRTOS\tasks.o
 .debug_line    0x00006418      0xc5f src\FreeRTOS\queue.o
 .debug_line    0x00007077      0x4c8 src\FreeRTOS\portable\MemMang\heap_3.o
 .debug_line    0x0000753f      0x5df src\FreeRTOS\portable\GCC\ARM_CM4F\port.o
 .debug_line    0x00007b1e      0x505 src\FreeRTOS\list.o
 .debug_line    0x00008023      0x69b src\CLI-commands.o
 .debug_line    0x000086be      0x6a6 Utilities\stm32f4_discovery.o
 .debug_line    0x00008d64      0x8b5 StdPeriph_Driver\src\stm32f4xx_usart.o
 .debug_line    0x00009619      0xe92 StdPeriph_Driver\src\stm32f4xx_tim.o
 .debug_line    0x0000a4ab      0x68c StdPeriph_Driver\src\stm32f4xx_syscfg.o
 .debug_line    0x0000ab37      0x9c9 StdPeriph_Driver\src\stm32f4xx_rcc.o
 .debug_line    0x0000b500      0x76a StdPeriph_Driver\src\stm32f4xx_gpio.o
 .debug_line    0x0000bc6a      0x6cc StdPeriph_Driver\src\stm32f4xx_exti.o
 .debug_line    0x0000c336      0x676 StdPeriph_Driver\src\misc.o

.debug_info     0x00000000     0xd1cf
 .debug_info    0x00000000       0x7e startup\startup_stm32f4xx.o
 .debug_info    0x0000007e      0x59a src\system_stm32f4xx.o
 .debug_info    0x00000618      0x660 src\syscalls.o
 .debug_info    0x00000c78      0x376 src\stm32f4xx_it.o
 .debug_info    0x00000fee      0x6da src\serial.o
 .debug_info    0x000016c8      0x9af src\peripherals.o
 .debug_info    0x00002077      0x7e2 src\main.o
 .debug_info    0x00002859      0x29e src\UARTCommandConsoleTask.o
 .debug_info    0x00002af7      0xba6 src\StepperControlTask.o
 .debug_info    0x0000369d      0x4c9 src\LEDControlTask.o
 .debug_info    0x00003b66      0x453 src\FreeRTOS_CLI.o
 .debug_info    0x00003fb9      0x90b src\FreeRTOS\timers.o
 .debug_info    0x000048c4     0x1bbe src\FreeRTOS\tasks.o
 .debug_info    0x00006482     0x1268 src\FreeRTOS\queue.o
 .debug_info    0x000076ea       0xf1 src\FreeRTOS\portable\MemMang\heap_3.o
 .debug_info    0x000077db      0x4e5 src\FreeRTOS\portable\GCC\ARM_CM4F\port.o
 .debug_info    0x00007cc0      0x2a1 src\FreeRTOS\list.o
 .debug_info    0x00007f61      0x643 src\CLI-commands.o
 .debug_info    0x000085a4      0x891 Utilities\stm32f4_discovery.o
 .debug_info    0x00008e35      0x9ca StdPeriph_Driver\src\stm32f4xx_usart.o
 .debug_info    0x000097ff     0x1c69 StdPeriph_Driver\src\stm32f4xx_tim.o
 .debug_info    0x0000b468      0x274 StdPeriph_Driver\src\stm32f4xx_syscfg.o
 .debug_info    0x0000b6dc      0xc55 StdPeriph_Driver\src\stm32f4xx_rcc.o
 .debug_info    0x0000c331      0x60a StdPeriph_Driver\src\stm32f4xx_gpio.o
 .debug_info    0x0000c93b      0x34f StdPeriph_Driver\src\stm32f4xx_exti.o
 .debug_info    0x0000cc8a      0x545 StdPeriph_Driver\src\misc.o

.debug_abbrev   0x00000000     0x2577
 .debug_abbrev  0x00000000       0x12 startup\startup_stm32f4xx.o
 .debug_abbrev  0x00000012      0x13b src\system_stm32f4xx.o
 .debug_abbrev  0x0000014d      0x174 src\syscalls.o
 .debug_abbrev  0x000002c1      0x112 src\stm32f4xx_it.o
 .debug_abbrev  0x000003d3      0x19a src\serial.o
 .debug_abbrev  0x0000056d      0x122 src\peripherals.o
 .debug_abbrev  0x0000068f      0x1d4 src\main.o
 .debug_abbrev  0x00000863      0x11b src\UARTCommandConsoleTask.o
 .debug_abbrev  0x0000097e      0x1da src\StepperControlTask.o
 .debug_abbrev  0x00000b58      0x141 src\LEDControlTask.o
 .debug_abbrev  0x00000c99      0x19e src\FreeRTOS_CLI.o
 .debug_abbrev  0x00000e37      0x1c5 src\FreeRTOS\timers.o
 .debug_abbrev  0x00000ffc      0x2a3 src\FreeRTOS\tasks.o
 .debug_abbrev  0x0000129f      0x20b src\FreeRTOS\queue.o
 .debug_abbrev  0x000014aa       0xbc src\FreeRTOS\portable\MemMang\heap_3.o
 .debug_abbrev  0x00001566      0x1d1 src\FreeRTOS\portable\GCC\ARM_CM4F\port.o
 .debug_abbrev  0x00001737       0xc1 src\FreeRTOS\list.o
 .debug_abbrev  0x000017f8      0x157 src\CLI-commands.o
 .debug_abbrev  0x0000194f      0x188 Utilities\stm32f4_discovery.o
 .debug_abbrev  0x00001ad7      0x15a StdPeriph_Driver\src\stm32f4xx_usart.o
 .debug_abbrev  0x00001c31      0x18c StdPeriph_Driver\src\stm32f4xx_tim.o
 .debug_abbrev  0x00001dbd      0x136 StdPeriph_Driver\src\stm32f4xx_syscfg.o
 .debug_abbrev  0x00001ef3      0x1e8 StdPeriph_Driver\src\stm32f4xx_rcc.o
 .debug_abbrev  0x000020db      0x1a8 StdPeriph_Driver\src\stm32f4xx_gpio.o
 .debug_abbrev  0x00002283      0x1aa StdPeriph_Driver\src\stm32f4xx_exti.o
 .debug_abbrev  0x0000242d      0x14a StdPeriph_Driver\src\misc.o

.debug_aranges  0x00000000      0xef0
 .debug_aranges
                0x00000000       0x28 startup\startup_stm32f4xx.o
 .debug_aranges
                0x00000028       0x30 src\system_stm32f4xx.o
 .debug_aranges
                0x00000058       0xb0 src\syscalls.o
 .debug_aranges
                0x00000108       0x58 src\stm32f4xx_it.o
 .debug_aranges
                0x00000160       0x50 src\serial.o
 .debug_aranges
                0x000001b0       0x50 src\peripherals.o
 .debug_aranges
                0x00000200       0x50 src\main.o
 .debug_aranges
                0x00000250       0x30 src\UARTCommandConsoleTask.o
 .debug_aranges
                0x00000280       0x68 src\StepperControlTask.o
 .debug_aranges
                0x000002e8       0x28 src\LEDControlTask.o
 .debug_aranges
                0x00000310       0x48 src\FreeRTOS_CLI.o
 .debug_aranges
                0x00000358       0x90 src\FreeRTOS\timers.o
 .debug_aranges
                0x000003e8      0x1b0 src\FreeRTOS\tasks.o
 .debug_aranges
                0x00000598      0x100 src\FreeRTOS\queue.o
 .debug_aranges
                0x00000698       0x28 src\FreeRTOS\portable\MemMang\heap_3.o
 .debug_aranges
                0x000006c0       0x80 src\FreeRTOS\portable\GCC\ARM_CM4F\port.o
 .debug_aranges
                0x00000740       0x40 src\FreeRTOS\list.o
 .debug_aranges
                0x00000780       0x50 src\CLI-commands.o
 .debug_aranges
                0x000007d0       0x48 Utilities\stm32f4_discovery.o
 .debug_aranges
                0x00000818      0x100 StdPeriph_Driver\src\stm32f4xx_usart.o
 .debug_aranges
                0x00000918      0x2f8 StdPeriph_Driver\src\stm32f4xx_tim.o
 .debug_aranges
                0x00000c10       0x48 StdPeriph_Driver\src\stm32f4xx_syscfg.o
 .debug_aranges
                0x00000c58      0x178 StdPeriph_Driver\src\stm32f4xx_rcc.o
 .debug_aranges
                0x00000dd0       0x88 StdPeriph_Driver\src\stm32f4xx_gpio.o
 .debug_aranges
                0x00000e58       0x58 StdPeriph_Driver\src\stm32f4xx_exti.o
 .debug_aranges
                0x00000eb0       0x40 StdPeriph_Driver\src\misc.o

.debug_ranges   0x00000000      0xd58
 .debug_ranges  0x00000000       0x20 startup\startup_stm32f4xx.o
 .debug_ranges  0x00000020       0x20 src\system_stm32f4xx.o
 .debug_ranges  0x00000040       0xa0 src\syscalls.o
 .debug_ranges  0x000000e0       0x48 src\stm32f4xx_it.o
 .debug_ranges  0x00000128       0x40 src\serial.o
 .debug_ranges  0x00000168       0x40 src\peripherals.o
 .debug_ranges  0x000001a8       0x40 src\main.o
 .debug_ranges  0x000001e8       0x20 src\UARTCommandConsoleTask.o
 .debug_ranges  0x00000208       0x58 src\StepperControlTask.o
 .debug_ranges  0x00000260       0x18 src\LEDControlTask.o
 .debug_ranges  0x00000278       0x38 src\FreeRTOS_CLI.o
 .debug_ranges  0x000002b0       0x80 src\FreeRTOS\timers.o
 .debug_ranges  0x00000330      0x1a0 src\FreeRTOS\tasks.o
 .debug_ranges  0x000004d0       0xf0 src\FreeRTOS\queue.o
 .debug_ranges  0x000005c0       0x18 src\FreeRTOS\portable\MemMang\heap_3.o
 .debug_ranges  0x000005d8       0x70 src\FreeRTOS\portable\GCC\ARM_CM4F\port.o
 .debug_ranges  0x00000648       0x30 src\FreeRTOS\list.o
 .debug_ranges  0x00000678       0x40 src\CLI-commands.o
 .debug_ranges  0x000006b8       0x38 Utilities\stm32f4_discovery.o
 .debug_ranges  0x000006f0       0xf0 StdPeriph_Driver\src\stm32f4xx_usart.o
 .debug_ranges  0x000007e0      0x2e8 StdPeriph_Driver\src\stm32f4xx_tim.o
 .debug_ranges  0x00000ac8       0x38 StdPeriph_Driver\src\stm32f4xx_syscfg.o
 .debug_ranges  0x00000b00      0x168 StdPeriph_Driver\src\stm32f4xx_rcc.o
 .debug_ranges  0x00000c68       0x78 StdPeriph_Driver\src\stm32f4xx_gpio.o
 .debug_ranges  0x00000ce0       0x48 StdPeriph_Driver\src\stm32f4xx_exti.o
 .debug_ranges  0x00000d28       0x30 StdPeriph_Driver\src\misc.o

.debug_macro    0x00000000    0x134c7
 .debug_macro   0x00000000      0x1ce src\system_stm32f4xx.o
 .debug_macro   0x000001ce      0x898 src\system_stm32f4xx.o
 .debug_macro   0x00000a66       0x63 src\system_stm32f4xx.o
 .debug_macro   0x00000ac9       0x35 src\system_stm32f4xx.o
 .debug_macro   0x00000afe       0x22 src\system_stm32f4xx.o
 .debug_macro   0x00000b20       0x44 src\system_stm32f4xx.o
 .debug_macro   0x00000b64       0x1c src\system_stm32f4xx.o
 .debug_macro   0x00000b80      0x1f7 src\system_stm32f4xx.o
 .debug_macro   0x00000d77       0x18 src\system_stm32f4xx.o
 .debug_macro   0x00000d8f       0x42 src\system_stm32f4xx.o
 .debug_macro   0x00000dd1      0x8cb src\system_stm32f4xx.o
 .debug_macro   0x0000169c     0x8057 src\system_stm32f4xx.o
 .debug_macro   0x000096f3       0x16 src\system_stm32f4xx.o
 .debug_macro   0x00009709      0x44e src\system_stm32f4xx.o
 .debug_macro   0x00009b57      0x3cf src\system_stm32f4xx.o
 .debug_macro   0x00009f26      0x111 src\system_stm32f4xx.o
 .debug_macro   0x0000a037      0x182 src\system_stm32f4xx.o
 .debug_macro   0x0000a1b9       0xb2 src\system_stm32f4xx.o
 .debug_macro   0x0000a26b      0x146 src\system_stm32f4xx.o
 .debug_macro   0x0000a3b1      0x477 src\system_stm32f4xx.o
 .debug_macro   0x0000a828       0xac src\system_stm32f4xx.o
 .debug_macro   0x0000a8d4      0x241 src\system_stm32f4xx.o
 .debug_macro   0x0000ab15      0x279 src\system_stm32f4xx.o
 .debug_macro   0x0000ad8e       0xb5 src\system_stm32f4xx.o
 .debug_macro   0x0000ae43      0x265 src\system_stm32f4xx.o
 .debug_macro   0x0000b0a8      0x2b1 src\system_stm32f4xx.o
 .debug_macro   0x0000b359       0x64 src\system_stm32f4xx.o
 .debug_macro   0x0000b3bd       0xa6 src\system_stm32f4xx.o
 .debug_macro   0x0000b463      0x538 src\system_stm32f4xx.o
 .debug_macro   0x0000b99b       0x40 src\system_stm32f4xx.o
 .debug_macro   0x0000b9db      0x57a src\system_stm32f4xx.o
 .debug_macro   0x0000bf55      0x341 src\system_stm32f4xx.o
 .debug_macro   0x0000c296      0x36a src\system_stm32f4xx.o
 .debug_macro   0x0000c600       0xdf src\system_stm32f4xx.o
 .debug_macro   0x0000c6df      0x73b src\system_stm32f4xx.o
 .debug_macro   0x0000ce1a      0x220 src\system_stm32f4xx.o
 .debug_macro   0x0000d03a       0x34 src\system_stm32f4xx.o
 .debug_macro   0x0000d06e       0x7f src\system_stm32f4xx.o